2026-10-03T01:05:34.152Z === P5 规则写面 开始 2026-10-03 17:05:34 +08（UTC 2026-10-03T01:05:34.151Z）run=533931 ===
2026-10-03T01:05:36.446Z [leftovers] 清理 8 条：fee:写面横切组合料405227(HTTP 200→disabled) | fee:写面横切组合料384160(HTTP 200→disabled) | fee:写面横切组合料668012(HTTP 200→disabled) | fee:写面横切组合料764045(HTTP 200→disabled) | fee:写面横切组合料857105(HTTP 200→disabled) | fee:写面横切组合料955206(HTTP 200→disabled) | fee:写面横切组合料172510(HTTP 200→disabled) | fee:写面横切组合料030585(HTTP 200→disabled)；复核：前缀存活矩阵行=0
2026-10-03T01:05:36.447Z ✅ [W5-L0] 清场：历史残留同前缀对象 — 清理 8 条：fee:写面横切组合料405227(HTTP 200→disabled) | fee:写面横切组合料384160(HTTP 200→disabled) | fee:写面横切组合料668012(HTTP 200→disabled) | fee:写面横切组合料764045(HTTP 200→disabled) | fee:写面横切组合料857105(HTTP 200→disabled) | fee:写面横切组合料955206(HTTP 200→disabled) | fee:写面横切组合料172510(HTTP 200→disabled) | fee:写面横切组合料030585(HTTP 200→disabled)
2026-10-03T01:05:36.796Z [build] 写面横切规则用533931 HTTP 200 id=7ac5acf891a8d379cb93b3769ac0ce60 scope=position 库价=0.20 价目行=[{"applicable":true,"id":"61a81321100a49cb4e3eeba87d7cf5da","p":"0.20","position":"通用"}]
2026-10-03T01:05:36.796Z ✅ [W5-00] 自建探针夹具：一道工序（规则的 operation 引用它） — op=写面横切规则用533931(7ac5acf891a8d379cb93b3769ac0ce60)
2026-10-03T01:05:37.193Z [snapshot W5-01-before] 2026-10-03T01:05:36.797Z rows=712 tables=17
2026-10-03T01:05:37.475Z [build-rule] 写面横切选533931 HTTP 200 resp={"success":true,"data":{"id":"5a7370827b0cd057df859b9ccea65be9","trigger_kind":"option","trigger_value":"写面横切选533931","position":"布帘","action":"insert","operation":"写面横切规则用533931","priority":999},"req row={"action":"insert","del":0,"id":"5a7370827b0cd057df859b9ccea65be9","operation":"写面横切规则用533931","position":"布帘","priority":999,"trigger_value":"写面横切选533931"}
2026-10-03T01:05:37.749Z [snapshot W5-01-after] 2026-10-03T01:05:37.476Z rows=713 tables=17
2026-10-03T01:05:37.981Z ✅ [W5-01] 规则写面：POST /route-rules 新建（自建自清） — HTTP 200；新建行={"action":"insert","after_operation":null,"cup":null,"del":0,"factor":null,"id":"5a7370827b0cd057df859b9ccea65be9","operation":"写面横切规则用533931","position":"布帘","priority":999,"status":"active","trigger_kind":"option","trigger_value":"写面横切选533931"}；其余变化 = 0（含审计面 ）
2026-10-03T01:05:38.241Z [snapshot W5-02-before] 2026-10-03T01:05:37.982Z rows=713 tables=17
2026-10-03T01:05:38.636Z [snapshot W5-02-after] 2026-10-03T01:05:38.367Z rows=713 tables=17
2026-10-03T01:05:38.663Z ✅ [W5-02] 规则写面：只改 customer_unit_price（元/套） — 越界 = 0（changed_keys ⊆ payload ∪ 审计列）；changed=["production_route_rules.customer_unit_price","production_route_rules.updated_at"]
2026-10-03T01:05:38.914Z [snapshot restore-pass1] 2026-10-03T01:05:38.664Z rows=713 tables=17
2026-10-03T01:05:39.342Z [snapshot restore-pass2] 2026-10-03T01:05:39.034Z rows=713 tables=17
2026-10-03T01:05:39.566Z [snapshot verify-clean] 2026-10-03T01:05:39.344Z rows=713 tables=17
2026-10-03T01:05:39.571Z ✅ [W5-02-restore] 规则写面：只改 customer_unit_price（元/套） · 还原自证 — 逐字段比对「还原后 == 快照前」：我的行主面残留=0；还原动作=1（其中 no-op=0，无法恢复=0）；审计面变化=0（显式声明副账）；软删回收=0 行；**非我的行**（并行包改动，未触碰）=0
2026-10-03T01:05:39.774Z [snapshot W5-03-before] 2026-10-03T01:05:39.572Z rows=713 tables=17
2026-10-03T01:05:40.229Z [snapshot W5-03-after] 2026-10-03T01:05:39.901Z rows=713 tables=17
2026-10-03T01:05:40.237Z ✅ [W5-03] 规则写面：只改 customer_unit_price=null（改回未定价） — 越界 = 0（changed_keys ⊆ payload ∪ 审计列）；changed=["production_route_rules.updated_at"]
2026-10-03T01:05:40.500Z [snapshot restore-pass1] 2026-10-03T01:05:40.238Z rows=713 tables=17
2026-10-03T01:05:40.869Z [snapshot restore-pass2] 2026-10-03T01:05:40.617Z rows=713 tables=17
2026-10-03T01:05:41.175Z [snapshot verify-clean] 2026-10-03T01:05:40.870Z rows=713 tables=17
2026-10-03T01:05:41.180Z ✅ [W5-03-restore] 规则写面：只改 customer_unit_price=null（改回未定价） · 还原自证 — 逐字段比对「还原后 == 快照前」：我的行主面残留=0；还原动作=1（其中 no-op=0，无法恢复=0）；审计面变化=0（显式声明副账）；软删回收=0 行；**非我的行**（并行包改动，未触碰）=0
2026-10-03T01:05:41.452Z [snapshot W5-04-before] 2026-10-03T01:05:41.181Z rows=713 tables=17
2026-10-03T01:05:41.876Z [snapshot W5-04-after] 2026-10-03T01:05:41.575Z rows=713 tables=17
2026-10-03T01:05:41.882Z ✅ [W5-04] 规则写面：DELETE /route-rules/{id}（软删） — 越界 = 0（changed_keys ⊆ payload ∪ 审计列）；changed=["production_route_rules.deleted","production_route_rules.updated_at"]
2026-10-03T01:05:42.132Z [snapshot restore-pass1] 2026-10-03T01:05:41.883Z rows=713 tables=17
2026-10-03T01:05:42.469Z [snapshot restore-pass2] 2026-10-03T01:05:42.255Z rows=713 tables=17
2026-10-03T01:05:42.769Z [snapshot verify-clean] 2026-10-03T01:05:42.469Z rows=713 tables=17
2026-10-03T01:05:42.773Z ✅ [W5-04-restore] 规则写面：DELETE /route-rules/{id}（软删） · 还原自证 — 逐字段比对「还原后 == 快照前」：我的行主面残留=0；还原动作=1（其中 no-op=0，无法恢复=0）；审计面变化=0（显式声明副账）；软删回收=0 行；**非我的行**（并行包改动，未触碰）=0
2026-10-03T01:05:42.775Z ⏭️ [W5-05] 规则写面：改触发维与取值 / 改动作 / 改部位限定 —— 仓内**无该写面** — 依据：backend/admin-api/src/main/java/com/migao/admin/controller/ProductionController.java 只有 @PostMapping("/route-rules")、@PutMapping("/route-rules/{id}/customer-unit-price")、@DeleteMapping("/route-rules/{id}") 三个；frontend/admin-web/src/lib/api.ts 同。⇒ 该动作**不可达**（如实登记为未覆盖面，不是「已覆盖」）
2026-10-03T01:05:43.247Z [remove-rule] 5a7370827b0cd057df859b9ccea65be9 HTTP 200 del: 0 → 1
2026-10-03T01:05:43.247Z [cleanup-rule] 写面横切选533931 HTTP 200 del=1
2026-10-03T01:05:44.288Z [remove-op] 7ac5acf891a8d379cb93b3769ac0ce60(写面横切规则用533931) via=detach-and-delete HTTP 200 del: 0→1；该工序矩阵行存活 1→0（兜底扫 0）；最终存活=0；resp={"id":"7ac5acf891a8d379cb93b3769ac0ce60","deleted":true,"detached_positions":1,"deleted_positions":1}
2026-10-03T01:05:44.824Z ✅ [W5-98] 零残留读数：前缀对象存活数 = 0 — 存活明细=0（ops/pos/routes/rules/fees 全部 deleted=1 或不存在）
2026-10-03T01:05:44.825Z ✅ [W5-90] 时间戳（+08 口径） — 开始 2026-10-03 17:05:34 +08 / 结束 2026-10-03 17:05:44 +08（UTC: 2026-10-03T01:05:34.151Z → 2026-10-03T01:05:44.825Z）
2026-10-03T01:05:44.825Z P5 summary={"pass":11,"fail":0,"skip":1,"total":12} at 2026-10-03 17:05:44 +08
