2026-10-02T22:55:44.737Z ✅ [P0-operationsCatalog] 读面 /api/admin/production/operations-catalog — HTTP 200；条目/键数=2
2026-10-02T22:55:44.778Z ✅ [P0-routings] 读面 /api/admin/production/routings — HTTP 200；条目/键数=2
2026-10-02T22:55:44.824Z ✅ [P0-routeRules] 读面 /api/admin/production/route-rules — HTTP 200；条目/键数=26
2026-10-02T22:55:44.886Z ✅ [P0-routeRuleOptions] 读面 /api/admin/production/route-rule-options — HTTP 200；条目/键数=3
2026-10-02T22:55:44.946Z ✅ [P0-routeSignals] 读面 /api/admin/production/route-signals — HTTP 200；条目/键数=2
2026-10-02T22:55:45.050Z ✅ [P0-routingGaps] 读面 /api/admin/production/routing-gaps — HTTP 200；条目/键数=4
2026-10-02T22:55:45.125Z ✅ [P0-routingAnomalies] 读面 /api/admin/production/orders/routing-anomalies — HTTP 200；条目/键数=2
2026-10-02T22:55:45.219Z ✅ [P0-operationPositions] 读面 /api/admin/production/operation-positions — HTTP 200；条目/键数=29
2026-10-02T22:56:00.067Z ✅ [P0-operationsCatalog] 读面 /api/admin/production/operations-catalog — HTTP 200；条目/键数=2
2026-10-02T22:56:00.118Z ✅ [P0-routings] 读面 /api/admin/production/routings — HTTP 200；条目/键数=2
2026-10-02T22:56:00.173Z ✅ [P0-routeRules] 读面 /api/admin/production/route-rules — HTTP 200；条目/键数=26
2026-10-02T22:56:00.239Z ✅ [P0-routeRuleOptions] 读面 /api/admin/production/route-rule-options — HTTP 200；条目/键数=3
2026-10-02T22:56:00.295Z ✅ [P0-routeSignals] 读面 /api/admin/production/route-signals — HTTP 200；条目/键数=2
2026-10-02T22:56:00.390Z ✅ [P0-routingGaps] 读面 /api/admin/production/routing-gaps — HTTP 200；条目/键数=4
2026-10-02T22:56:00.462Z ✅ [P0-routingAnomalies] 读面 /api/admin/production/orders/routing-anomalies — HTTP 200；条目/键数=2
2026-10-02T22:56:00.547Z ✅ [P0-operationPositions] 读面 /api/admin/production/operation-positions — HTTP 200；条目/键数=29
2026-10-02T22:56:01.012Z surface.json 已写：工序 40 道 / 路线 7 条 / 规则 29
2026-10-02T22:56:01.013Z summary={"pass":8,"fail":0,"skip":0,"total":8}
2026-10-02T22:57:36.147Z 商品 3e2e5d4d0e06fe145cc0da24ee030231 / SKU 2106156672458096641
2026-10-02T22:57:36.258Z 订单 undefined HTTP 422 {"success":false,"error":{"code":"VALIDATION_ERROR","message":"商品「工序验收商品855480」库存不足：需要 1 米，当前仅剩 0.0 米，请先补货后再下单"},"requestId":"req_324ea1913c0a4e92","timestamp":1790981856,"suggestion":"请检查必填字段是否完整，字段格
2026-10-02T22:57:36.281Z 收款 HTTP 404
2026-10-02T22:57:36.402Z order_items: null
2026-10-02T22:57:36.486Z generate HTTP 200 {"success":true,"data":[{"success":false,"message":"无法找到订单：null","code":"ORDER_NOT_FOUND"}],"requestId":"req_8498419bdbea4d06","timestamp":1790981856}
2026-10-02T22:57:36.587Z 加工单: null
2026-10-02T22:57:36.698Z 工序实例 0 行：
2026-10-02T22:57:36.698Z 读面 positions=0 qr=undefined
2026-10-02T22:57:41.243Z 商品 22b3d0efaa4b90fa6a5ca97bb6627683 / SKU 2106156693773549570
2026-10-02T22:57:41.507Z 订单 b4126dde3b15fe16e40d6eca7a5a41f1 HTTP 200 {"success":true,"data":{"id":"b4126dde3b15fe16e40d6eca7a5a41f1","orderNo":"20261003221120013","customerName":"工序验收客户860500","customerPhone":"13300000002","customerAddress":"杭州市余杭区工序路 9 号","logisticsTy
2026-10-02T22:57:41.773Z 收款 HTTP 200
2026-10-02T22:57:41.882Z order_items: {"id":"6aab704078b6a6e9b9d46a852f9d4557","curtain_type":"布帘","craft":"韩褶","is_shaped":true,"w":"2.80","h":"2.60","pi":"{\"sku\": \"2106156693773549570\", \"unit\": \"米\", \"craft\": \"韩褶\", \"holes\": 0, \"panels\": 2, \"fullness\": 2, \"isShaped\": true, \"colorName\": \"本白\", \"doorWidth\": \"2.8\", \"curtainType\": \"布帘\", \"pleat_count\": 40, \"fabric_meters\": 12.3, \"sellingMethod\": \"bulk_cut\", \"specialOptions\": [\"拼1次\"], \"fullness_actual\": 2, \"processingItems\": [{\"id\": \"proc_item_1\", \"name\": \"锁边\", \"unit\": \"米\", \"quantity\": 1}], \"processingFeeDetail\": {\"hint\": \"选配组合「锁边」在「加工费组合」里没有价 ⇒ 本行**组合那半**按 0 计（未定价），**不套任何默认价**。请去「加工费管理」(/production/processing-fees) 为该组合定价，或确认这些加工项不该组合收费\", \"items\": [\"锁边\"], \"amount\": 0, \"meters\": 12.3, \"set_key\": \"#0\", \"fee_source\": \"unpriced\", \"unit_price\": null, \"composition\": \"锁边\", \"price_source\": null, \"meters_source\": \"fabric_meters\", \"matched_rule_id\": null, \"special_options\": [{\"name\": \"拼1次\", \"sets\": 1, \"amount\": 0, \"priced\": true, \"billing\": \"per_meter\", \"unit_price\": null}], \"mixed_color_meters\": null, \"mixed_color_options\": [], \"mixed_color_surcharge\": 0, \"special_options_total\": 0.00, \"mixed_color_meters_source\": null, \"mixed_color_surcharge_per_meter\": 2.4}}"}
2026-10-02T22:57:42.446Z generate HTTP 200 {"success":true,"data":[{"orderRef":"b4126dde3b15fe16e40d6eca7a5a41f1","success":true,"processingOrderNo":"JG-20261003-6152"}],"requestId":"req_ede62867c2004ca9","timestamp":1790981862}
2026-10-02T22:57:42.557Z 加工单: {"id":"0acc7c1ceb668810aef23694ad71d6bf","processing_order_no":"JG-20261003-6152","status":"generated","route_key":"窗帘工序路线（默认）","route_source":"direct"}
2026-10-02T22:57:42.862Z 工序实例 13 行：
2026-10-02T22:57:42.862Z   工序验收商品860500 本白 | seq=1 | 精裁-布 | 裁剪 | 12.30米 @0.40 | src=fabric_meters | scope=position
2026-10-02T22:57:42.862Z   工序验收商品860500 本白 | seq=2 | 布三边 | 车位 | 12.30米 @0.40 | src=fabric_meters | scope=position
2026-10-02T22:57:42.862Z   工序验收商品860500 本白 | seq=3 | 拼1次-布 | 车位 | 2.00幅 @0.80 | src=fallback | scope=position
2026-10-02T22:57:42.863Z   工序验收商品860500 本白 | seq=4 | 韩褶-布 | 车位 | 40.00折 @0.40 | src=pleat_count | scope=position
2026-10-02T22:57:42.863Z   工序验收商品860500 本白 | seq=5 | 上车布-布 | 车位 | 12.30米 @0.50 | src=fabric_meters | scope=position
2026-10-02T22:57:42.863Z   工序验收商品860500 本白 | seq=6 | 熨烫-布 | 后道 | 12.30米 @0.35 | src=fabric_meters | scope=position
2026-10-02T22:57:42.863Z   工序验收商品860500 本白 | seq=7 | 定型-布 | 后道 | 12.30米 @0.40 | src=fabric_meters | scope=position
2026-10-02T22:57:42.863Z   工序验收商品860500 本白 | seq=8 | 复烫-布 | 后道 | 12.30米 @0.35 | src=fabric_meters | scope=position
2026-10-02T22:57:42.863Z   工序验收商品860500 本白 | seq=9 | 布帘车被 | 后道 | 12.30米 @0.40 | src=fabric_meters | scope=position
2026-10-02T22:57:42.863Z   工序验收商品860500 本白 | seq=10 | 外帘打卷 | 后道 | 1.00套 @1.00 | src=fallback | scope=set
2026-10-02T22:57:42.863Z   工序验收商品860500 本白 | seq=11 | 打包 | 后道 | 1.00套 @null | src=fallback | scope=set
2026-10-02T22:57:42.864Z   工序验收商品860500 本白 | seq=12 | 外帘装袋 | 后道 | 1.00套 @1.00 | src=fallback | scope=set
2026-10-02T22:57:42.864Z   工序验收商品860500 本白 | seq=13 | 外帘发货 | 后道 | 1.00套 @1.00 | src=fallback | scope=set
2026-10-02T22:57:42.864Z 读面 positions=1 qr=61982afe0bad4ad0994d79094a965f51
2026-10-02T22:59:23.509Z 配置：规则 26 条活跃 / 路线模板 窗帘工序路线（默认） , 布料工序路线
2026-10-02T22:59:24.023Z 商品 44db4baa9648a7e84810f2ddf8c76d32 / SKU 2106157124805394434
2026-10-02T22:59:24.825Z ❌ [D-01] 布帘 × 无规则工艺（罗马帘）→ 主线十道，逐部位变体正确 — generate 未成功：订单 20261003059220014 无加工项，无需生成加工单 ｜ 未落加工单
2026-10-02T22:59:25.633Z ❌ [D-02] 布帘 × 韩褶 → 主线 + 韩褶(三边后) + 上车布(韩褶后) — generate 未成功：订单 20261003228620015 无加工项，无需生成加工单 ｜ 未落加工单
2026-10-02T22:59:26.511Z ❌ [D-03] 纱帘 × 韩褶 → 纱变体逐道正确（精裁-纱/纱三边/韩褶-纱/上车布-纱/车被-纱） — generate 未成功：订单 20261003748990016 无加工项，无需生成加工单 ｜ 未落加工单
2026-10-02T22:59:27.362Z ❌ [D-04] 帘头 × 平幔 → 帘头复用布帘变体 + 帘头制作(三边后) + 去掉复烫 — generate 未成功：订单 20261003681760017 无加工项，无需生成加工单 ｜ 未落加工单
2026-10-02T22:59:28.793Z ✅ [D-05] 布料形态（saleForm=布料）→ 布料主线（裁剪→打包），不套窗帘工艺规则 — 订单 bd217535ee5c9d06614a8ccae93d116f 加工单 JG-20261003-6153（direct）→ 2 道工序
2026-10-02T22:59:29.774Z ❌ [D-06] 布帘 × 打孔 → 打孔-布(三边后) — generate 未成功：订单 20261003285140019 无加工项，无需生成加工单 ｜ 未落加工单
2026-10-02T22:59:30.730Z ❌ [D-07] 布帘 × 穿杆 → 去掉 定型/复烫 — generate 未成功：订单 20261003863460020 无加工项，无需生成加工单 ｜ 未落加工单
2026-10-02T22:59:31.723Z ❌ [D-08] 布帘 × 四爪钩 → 该工艺规则已软删 ⇒ 与主线逐字相同（软删规则不得生效） — generate 未成功：订单 20261003695060021 无加工项，无需生成加工单 ｜ 未落加工单
2026-10-02T22:59:32.731Z ❌ [D-09] 布帘 未填部位与工艺 → 显式回落默认（route_source 标注，不静默） — generate 未成功：订单 20261003265950022 无加工项，无需生成加工单 ｜ 未落加工单
2026-10-02T22:59:33.674Z ❌ [D-10] 布帘 × 罗马帘 + isShaped=false → 剔除 定型/复烫（形态开关接线） — generate 未成功：订单 20261003368460023 无加工项，无需生成加工单 ｜ 未落加工单
2026-10-02T22:59:34.643Z ❌ [O-拼1次] 布帘 + 特殊选项「拼1次」→ 条件工序落位（三边 之后） — generate 未成功：订单 20261003410200024 无加工项，无需生成加工单 ｜ 未落加工单
2026-10-02T22:59:35.581Z ❌ [O-拼2次] 布帘 + 特殊选项「拼2次」→ 条件工序落位（三边 之后） — generate 未成功：订单 20261003892370025 无加工项，无需生成加工单 ｜ 未落加工单
2026-10-02T22:59:36.526Z ❌ [O-拼3次] 布帘 + 特殊选项「拼3次」→ 条件工序落位（三边 之后） — generate 未成功：订单 20261003693660026 无加工项，无需生成加工单 ｜ 未落加工单
2026-10-02T22:59:37.454Z ❌ [O-加花边] 布帘 + 特殊选项「加花边」→ 条件工序落位（三边 之后） — generate 未成功：订单 20261003450710027 无加工项，无需生成加工单 ｜ 未落加工单
2026-10-02T22:59:38.467Z ❌ [O-加铅块] 布帘 + 特殊选项「加铅块」→ 条件工序落位（三边 之后） — generate 未成功：订单 20261003448070028 无加工项，无需生成加工单 ｜ 未落加工单
2026-10-02T22:59:39.387Z ❌ [O-接高] 布帘 + 特殊选项「接高」→ 条件工序落位（精裁 之后） — generate 未成功：订单 20261003225960029 无加工项，无需生成加工单 ｜ 未落加工单
2026-10-02T22:59:40.352Z ❌ [O-双眼皮接高] 布帘 + 特殊选项「双眼皮接高」→ 条件工序落位（精裁 之后） — generate 未成功：订单 20261003643720030 无加工项，无需生成加工单 ｜ 未落加工单
2026-10-02T22:59:41.339Z ❌ [O-余料做绑带] 布帘 + 特殊选项「余料做绑带」→ 条件工序落位（车被 之后） — generate 未成功：订单 20261003823400031 无加工项，无需生成加工单 ｜ 未落加工单
2026-10-02T22:59:42.288Z ❌ [O-布绑带] 布帘 + 特殊选项「布绑带」→ 条件工序落位（车被 之后） — generate 未成功：订单 20261003242320032 无加工项，无需生成加工单 ｜ 未落加工单
2026-10-02T22:59:43.154Z ❌ [O-纱绑带] 布帘 + 特殊选项「纱绑带」→ 条件工序落位（车被 之后） — generate 未成功：订单 20261003574720033 无加工项，无需生成加工单 ｜ 未落加工单
2026-10-02T22:59:44.103Z ❌ [O-余料做帘头] 布帘 + 特殊选项「余料做帘头」→ 条件工序落位（三边 之后） — generate 未成功：订单 20261003388530034 无加工项，无需生成加工单 ｜ 未落加工单
2026-10-02T22:59:45.097Z ❌ [O-抱枕] 布帘 + 特殊选项「抱枕」→ 条件工序落位（外帘打卷 之后） — generate 未成功：订单 20261003779450035 无加工项，无需生成加工单 ｜ 未落加工单
2026-10-02T22:59:46.096Z ❌ [O-加logo条] 布帘 + 特殊选项「加logo条」→ 条件工序落位（三边 之后） — generate 未成功：订单 20261003460720036 无加工项，无需生成加工单 ｜ 未落加工单
2026-10-02T22:59:47.041Z ❌ [O-加立边] 布帘 + 特殊选项「加立边」→ 条件工序落位（三边 之后） — generate 未成功：订单 20261003458420037 无加工项，无需生成加工单 ｜ 未落加工单
2026-10-02T22:59:48.039Z ❌ [O-扣环] 布帘 + 特殊选项「扣环」→ 条件工序落位（三边 之后） — generate 未成功：订单 20261003069990038 无加工项，无需生成加工单 ｜ 未落加工单
2026-10-02T22:59:49.031Z ❌ [O-防翘扣] 布帘 + 特殊选项「防翘扣」→ 条件工序落位（三边 之后） — generate 未成功：订单 20261003907950039 无加工项，无需生成加工单 ｜ 未落加工单
2026-10-02T22:59:50.545Z ✅ [I-花边] 布帘 + 加工项「花边」→ 条件工序落位 — 订单 5778e79d45e723ca3ae87521128a10a6 加工单 JG-20261003-6154（direct）→ 11 道工序
2026-10-02T22:59:51.968Z ✅ [I-扣环] 布帘 + 加工项「扣环」→ 条件工序落位 — 订单 37f5d6121cf61ca804363a6cbdf209bb 加工单 JG-20261003-6155（direct）→ 11 道工序
2026-10-02T22:59:53.539Z ✅ [I-接高] 布帘 + 加工项「接高」→ 条件工序落位 — 订单 fd44f20830ac33c44f238e9bfc7d3a7c 加工单 JG-20261003-6156（direct）→ 11 道工序
2026-10-02T22:59:54.742Z ❌ [S-01] 一樘布+纱（craftLineId 同组）→ 两个部位，套级工序只落一次（防双付） — generate 未成功：订单 20261003730530043 无加工项，无需生成加工单 ｜ 未落加工单
2026-10-02T22:59:55.935Z ❌ [S-02] 两樘独立窗（无 craftLineId）→ 套级工序各落一次（合计 2 次） — generate 未成功：订单 20261003278200044 无加工项，无需生成加工单 ｜ 未落加工单
2026-10-02T22:59:56.793Z ✅ [S-03] 纱帘 + 选项「拼1次」（仅布帘有该变体）→ 须显式失败，不得静默丢工序 — 订单 a8d53024b5c906e65b7c37ef92137ab0 加工单 undefined（undefined）→ 0 道工序
2026-10-02T22:59:57.696Z ❌ [Q-01] 数量口径：孔数（holes=24）恒等于报工应做数量 — generate 未成功：订单 20261003398980046 无加工项，无需生成加工单 ｜ 未落加工单
2026-10-02T22:59:57.698Z summary={"pass":5,"fail":28,"skip":0,"total":33}
2026-10-02T22:59:57.699Z 覆盖率：14/40；未被任何场景派工的工序 = 精裁-纱, 裁剪-纱, 纱三边, 韩褶-布, 韩褶-纱, 上车布-布, 上车布-纱, 打孔-布, 打孔-纱, 拼1次-布, 拼2次-布, 拼3次-布, 铅坠-布, 帘头制作, logo条-布, 立边-布, 防翘扣-布, 质检, 熨烫-纱, 定型-纱, 复烫-纱, 车被-纱, 绑带-布, 抱枕, 腰靠垫, 绑带-纱
2026-10-02T23:00:07.008Z 配置：规则 26 条活跃 / 路线模板 窗帘工序路线（默认） , 布料工序路线
2026-10-02T23:00:07.511Z 商品 328cc055c38992fbfadcc702da77ef8f / SKU 2106157307257618434
2026-10-02T23:00:08.946Z ❌ [D-01] 布帘 × 无规则工艺（罗马帘）→ 主线十道，逐部位变体正确 — 工序序列不符
      期望 精裁 → 三边 → 熨烫 → 定型 → 复烫 → 车被 → 外帘打卷 → 打包 → 外帘装袋 → 外帘发货
      实得 精裁-布 → 布三边 → 熨烫-布 → 定型-布 → 复烫-布 → 布帘车被 → 外帘打卷 → 打包 → 外帘装袋 → 外帘发货
2026-10-02T23:00:10.383Z ❌ [D-02] 布帘 × 韩褶 → 主线 + 韩褶(三边后) + 上车布(韩褶后) — 工序序列不符
      期望 精裁 → 三边 → 韩褶 → 上车布 → 熨烫 → 定型 → 复烫 → 车被 → 外帘打卷 → 打包 → 外帘装袋 → 外帘发货
      实得 精裁-布 → 布三边 → 韩褶-布 → 上车布-布 → 熨烫-布 → 定型-布 → 复烫-布 → 布帘车被 → 外帘打卷 → 打包 → 外帘装袋 → 外帘发货
2026-10-02T23:00:11.913Z ✅ [D-03] 纱帘 × 韩褶 → 纱变体逐道正确（精裁-纱/纱三边/韩褶-纱/上车布-纱/车被-纱） — 订单 bfd5255236bc3b6407285e8d54140d4a 加工单 JG-20261003-6159（direct）→ 12 道工序
2026-10-02T23:00:13.601Z ✅ [D-04] 帘头 × 平幔 → 帘头复用布帘变体 + 帘头制作(三边后) + 去掉复烫 — 订单 cf7c6de6ff28f6aa1e0414c0f4ad821b 加工单 JG-20261003-6160（direct）→ 10 道工序
2026-10-02T23:00:15.142Z ✅ [D-05] 布料形态（saleForm=布料）→ 布料主线（裁剪→打包），不套窗帘工艺规则 — 订单 4a90f960445306100e6def90103ee738 加工单 JG-20261003-6161（direct）→ 2 道工序
2026-10-02T23:00:16.744Z ❌ [D-06] 布帘 × 打孔 → 打孔-布(三边后) — 工序序列不符
      期望 打孔-布 → 精裁 → 三边 → 熨烫 → 定型 → 复烫 → 车被 → 外帘打卷 → 打包 → 外帘装袋 → 外帘发货
      实得 精裁-布 → 布三边 → 打孔-布 → 熨烫-布 → 定型-布 → 复烫-布 → 布帘车被 → 外帘打卷 → 打包 → 外帘装袋 → 外帘发货
2026-10-02T23:00:18.178Z ✅ [D-07] 布帘 × 穿杆 → 去掉 定型/复烫 — 订单 f43abf64940282a9044a6f42c75313d1 加工单 JG-20261003-6163（direct）→ 8 道工序
2026-10-02T23:00:19.813Z ❌ [D-08] 布帘 × 四爪钩 → 该工艺规则已软删 ⇒ 与主线逐字相同（软删规则不得生效） — 工序序列不符
      期望 精裁 → 三边 → 熨烫 → 定型 → 复烫 → 车被 → 外帘打卷 → 打包 → 外帘装袋 → 外帘发货
      实得 精裁-布 → 布三边 → 熨烫-布 → 定型-布 → 复烫-布 → 布帘车被 → 外帘打卷 → 打包 → 外帘装袋 → 外帘发货
2026-10-02T23:00:21.480Z ✅ [D-09] 布帘 未填部位与工艺 → 显式回落默认（route_source 标注，不静默） — 订单 22263b2003bec7d0839f27e88edc4bf5 加工单 JG-20261003-6165（default）→ 12 道工序
2026-10-02T23:00:23.183Z ❌ [D-10] 布帘 × 罗马帘 + isShaped=false → 剔除 定型/复烫（形态开关接线） — 工序序列不符
      期望 精裁 → 三边 → 熨烫 → 车被 → 外帘打卷 → 打包 → 外帘装袋 → 外帘发货
      实得 精裁-布 → 布三边 → 熨烫-布 → 布帘车被 → 外帘打卷 → 打包 → 外帘装袋 → 外帘发货
2026-10-02T23:00:24.657Z ✅ [O-拼1次] 布帘 + 特殊选项「拼1次」→ 条件工序落位（三边 之后） — 订单 3fb5f633bee02d00d0616972aa22cd0e 加工单 JG-20261003-6167（direct）→ 11 道工序
2026-10-02T23:00:26.289Z ✅ [O-拼2次] 布帘 + 特殊选项「拼2次」→ 条件工序落位（三边 之后） — 订单 4d154b610d8e40599c7e6ffd9b0a462b 加工单 JG-20261003-6168（direct）→ 11 道工序
2026-10-02T23:00:27.697Z ✅ [O-拼3次] 布帘 + 特殊选项「拼3次」→ 条件工序落位（三边 之后） — 订单 197a5f68a5479a0c820d74c6cc9ef3f5 加工单 JG-20261003-6169（direct）→ 11 道工序
2026-10-02T23:00:29.147Z ✅ [O-加花边] 布帘 + 特殊选项「加花边」→ 条件工序落位（三边 之后） — 订单 d9790d76ffb1d3614a80e2fde293373f 加工单 JG-20261003-6170（direct）→ 11 道工序
2026-10-02T23:00:30.621Z ✅ [O-加铅块] 布帘 + 特殊选项「加铅块」→ 条件工序落位（三边 之后） — 订单 cd62bb12fdac86fc85df874fdd958157 加工单 JG-20261003-6171（direct）→ 11 道工序
2026-10-02T23:00:32.042Z ✅ [O-接高] 布帘 + 特殊选项「接高」→ 条件工序落位（精裁 之后） — 订单 726d88e1499e61b87955a030f8a3b177 加工单 JG-20261003-6172（direct）→ 11 道工序
2026-10-02T23:00:33.494Z ✅ [O-双眼皮接高] 布帘 + 特殊选项「双眼皮接高」→ 条件工序落位（精裁 之后） — 订单 3ebb77a7f017504f608f3d911fc691e7 加工单 JG-20261003-6173（direct）→ 11 道工序
2026-10-02T23:00:34.902Z ✅ [O-余料做绑带] 布帘 + 特殊选项「余料做绑带」→ 条件工序落位（车被 之后） — 订单 7f6e999180af747bdf8be01fe3595756 加工单 JG-20261003-6174（direct）→ 11 道工序
2026-10-02T23:00:36.316Z ✅ [O-布绑带] 布帘 + 特殊选项「布绑带」→ 条件工序落位（车被 之后） — 订单 70aaf23b67c80fce85abd755ca9caa34 加工单 JG-20261003-6175（direct）→ 11 道工序
2026-10-02T23:00:37.762Z ✅ [O-纱绑带] 布帘 + 特殊选项「纱绑带」→ 条件工序落位（车被 之后） — 订单 9d1eea374656d1865a8ec88644c931e6 加工单 JG-20261003-6176（direct）→ 11 道工序
2026-10-02T23:00:39.171Z ✅ [O-余料做帘头] 布帘 + 特殊选项「余料做帘头」→ 条件工序落位（三边 之后） — 订单 8a76ca2b0c80e198864eacf262931cf2 加工单 JG-20261003-6177（direct）→ 11 道工序
2026-10-02T23:00:40.588Z ✅ [O-抱枕] 布帘 + 特殊选项「抱枕」→ 条件工序落位（外帘打卷 之后） — 订单 365f6196d5af095bbc3be622d0ad2193 加工单 JG-20261003-6178（direct）→ 11 道工序
2026-10-02T23:00:41.996Z ✅ [O-加logo条] 布帘 + 特殊选项「加logo条」→ 条件工序落位（三边 之后） — 订单 09fb1a481637c248200af459b8d4a0fb 加工单 JG-20261003-6179（direct）→ 11 道工序
2026-10-02T23:00:43.499Z ✅ [O-加立边] 布帘 + 特殊选项「加立边」→ 条件工序落位（三边 之后） — 订单 80b555c5fa11aa6373253ea3945e6914 加工单 JG-20261003-6180（direct）→ 11 道工序
2026-10-02T23:00:44.922Z ✅ [O-扣环] 布帘 + 特殊选项「扣环」→ 条件工序落位（三边 之后） — 订单 f134b77c6bf47efa6b11bc58687a3d6c 加工单 JG-20261003-6181（direct）→ 11 道工序
2026-10-02T23:00:46.354Z ✅ [O-防翘扣] 布帘 + 特殊选项「防翘扣」→ 条件工序落位（三边 之后） — 订单 f64fbb9b7fc44237c70671053464aa62 加工单 JG-20261003-6182（direct）→ 11 道工序
2026-10-02T23:00:47.999Z ✅ [I-花边] 布帘 + 加工项「花边」→ 条件工序落位 — 订单 5e4d32c9d2bb7b8dea9af6512e55c5ec 加工单 JG-20261003-6183（direct）→ 11 道工序
2026-10-02T23:00:49.713Z ✅ [I-扣环] 布帘 + 加工项「扣环」→ 条件工序落位 — 订单 8bc18d1c5bc3b46ad9c587df72fc66f5 加工单 JG-20261003-6184（direct）→ 11 道工序
2026-10-02T23:00:51.405Z ✅ [I-接高] 布帘 + 加工项「接高」→ 条件工序落位 — 订单 ef5b3136b5810528db7f763a4dc8c288 加工单 JG-20261003-6185（direct）→ 11 道工序
2026-10-02T23:00:53.436Z ❌ [S-01] 一樘布+纱（craftLineId 同组）→ 两个部位，套级工序只落一次（防双付） — seq 不连续：1,2,3,4,5,6,7,8,9,10,11,12,1,2,3,4,5,6,7,8
2026-10-02T23:00:55.340Z ❌ [S-02] 两樘独立窗（无 craftLineId）→ 套级工序各落一次（合计 2 次） — seq 不连续：1,2,3,4,5,6,7,8,9,10,11,12,1,2,3,4,5,6,7,8,9,10,11,12
2026-10-02T23:00:56.433Z ✅ [S-03] 纱帘 + 选项「拼1次」（仅布帘有该变体）→ 须显式失败，不得静默丢工序 — 订单 06957f193876dfff19db4a83eed88515 加工单 undefined（undefined）→ 0 道工序
2026-10-02T23:00:58.088Z ✅ [Q-01] 数量口径：孔数（holes=24）恒等于报工应做数量 — 订单 fc73b5e98d9d4661a9fe1f82de9603a0 加工单 JG-20261003-6188（direct）→ 11 道工序
2026-10-02T23:00:58.091Z summary={"pass":26,"fail":7,"skip":0,"total":33}
2026-10-02T23:00:58.091Z 覆盖率：35/40；未被任何场景派工的工序 = 裁剪-纱, 打孔-纱, 质检, 腰靠垫, 绑带-纱
2026-10-02T23:01:24.776Z 配置：规则 26 条活跃 / 路线模板 窗帘工序路线（默认） , 布料工序路线
2026-10-02T23:01:25.320Z 商品 e292e7fd91eb5d5725e86ee02fc7b1c4 / SKU 2106157633528332289
2026-10-02T23:01:26.931Z ✅ [D-01] 布帘 × 无规则工艺（罗马帘）→ 主线十道，逐部位变体正确 — 订单 276805e200bd083d881edf777ce00c2e 加工单 JG-20261003-6189（direct）→ 10 道工序
2026-10-02T23:01:28.673Z ✅ [D-02] 布帘 × 韩褶 → 主线 + 韩褶(三边后) + 上车布(韩褶后) — 订单 dd961b5b66f5acbd0606ab664c8e8a23 加工单 JG-20261003-6190（direct）→ 12 道工序
2026-10-02T23:01:30.393Z ✅ [D-03] 纱帘 × 韩褶 → 纱变体逐道正确（精裁-纱/纱三边/韩褶-纱/上车布-纱/车被-纱） — 订单 0a98c6a958f52814e154d5665b3b5bd1 加工单 JG-20261003-6191（direct）→ 12 道工序
2026-10-02T23:01:31.849Z ✅ [D-04] 帘头 × 平幔 → 帘头复用布帘变体 + 帘头制作(三边后) + 去掉复烫 — 订单 38d19f65bc38a005a1c53587b5c3695d 加工单 JG-20261003-6192（direct）→ 10 道工序
2026-10-02T23:01:33.223Z ✅ [D-05] 布料形态（saleForm=布料）→ 布料主线（裁剪→打包），不套窗帘工艺规则 — 订单 b754443ebe1c12e1382c9cfbadaeb4e3 加工单 JG-20261003-6193（direct）→ 2 道工序
2026-10-02T23:01:34.746Z ✅ [D-06] 布帘 × 打孔 → 打孔-布(三边后) — 订单 efc52f1889c0b6b34bb402e43cabc023 加工单 JG-20261003-6194（direct）→ 11 道工序
2026-10-02T23:01:36.345Z ✅ [D-07] 布帘 × 穿杆 → 去掉 定型/复烫 — 订单 3e35a577fda827218ff367ba169fe06e 加工单 JG-20261003-6195（direct）→ 8 道工序
2026-10-02T23:01:37.967Z ✅ [D-08] 布帘 × 四爪钩 → 该工艺规则已软删 ⇒ 与主线逐字相同（软删规则不得生效） — 订单 35a5e57fe836d0b6f1ef69fd53bab85f 加工单 JG-20261003-6196（direct）→ 10 道工序
2026-10-02T23:01:39.690Z ✅ [D-09] 布帘 未填部位与工艺 → 显式回落默认（route_source 标注，不静默） — 订单 d9b78d0676f3b4293e123023ebef488c 加工单 JG-20261003-6197（default）→ 12 道工序
2026-10-02T23:01:41.113Z ✅ [D-10] 布帘 × 罗马帘 + isShaped=false → 剔除 定型/复烫（形态开关接线） — 订单 98a38225eba771a5fbe568cdb56e2489 加工单 JG-20261003-6198（direct）→ 8 道工序
2026-10-02T23:01:42.679Z ✅ [O-拼1次] 布帘 + 特殊选项「拼1次」→ 条件工序落位（三边 之后） — 订单 1138221c9dce3b422059862496ac3d7c 加工单 JG-20261003-6199（direct）→ 11 道工序
2026-10-02T23:01:44.365Z ✅ [O-拼2次] 布帘 + 特殊选项「拼2次」→ 条件工序落位（三边 之后） — 订单 5a7595f6c829922b2faffa90cf186480 加工单 JG-20261003-6200（direct）→ 11 道工序
2026-10-02T23:01:46.034Z ✅ [O-拼3次] 布帘 + 特殊选项「拼3次」→ 条件工序落位（三边 之后） — 订单 11ea53df06b0eff4483ca9309b12536d 加工单 JG-20261003-6201（direct）→ 11 道工序
2026-10-02T23:01:47.527Z ✅ [O-加花边] 布帘 + 特殊选项「加花边」→ 条件工序落位（三边 之后） — 订单 5fb1dd11d3651b4fa3b9172a92d9fe5a 加工单 JG-20261003-6202（direct）→ 11 道工序
2026-10-02T23:01:49.088Z ✅ [O-加铅块] 布帘 + 特殊选项「加铅块」→ 条件工序落位（三边 之后） — 订单 16939b2a8789d0c9f1de94ab8fa726f1 加工单 JG-20261003-6203（direct）→ 11 道工序
2026-10-02T23:01:50.622Z ✅ [O-接高] 布帘 + 特殊选项「接高」→ 条件工序落位（精裁 之后） — 订单 98a2fef9583b4369c932e7c0cfebacf4 加工单 JG-20261003-6204（direct）→ 11 道工序
2026-10-02T23:01:52.297Z ✅ [O-双眼皮接高] 布帘 + 特殊选项「双眼皮接高」→ 条件工序落位（精裁 之后） — 订单 7b925aa1897a9d312c8ad4032d256378 加工单 JG-20261003-6205（direct）→ 11 道工序
2026-10-02T23:01:53.887Z ✅ [O-余料做绑带] 布帘 + 特殊选项「余料做绑带」→ 条件工序落位（车被 之后） — 订单 e0b35761b8cf9e82d917cdcbc271bde2 加工单 JG-20261003-6206（direct）→ 11 道工序
2026-10-02T23:01:55.487Z ✅ [O-布绑带] 布帘 + 特殊选项「布绑带」→ 条件工序落位（车被 之后） — 订单 078145df344bc0178a9cbda8b899c22b 加工单 JG-20261003-6207（direct）→ 11 道工序
2026-10-02T23:01:57.150Z ✅ [O-纱绑带] 布帘 + 特殊选项「纱绑带」→ 条件工序落位（车被 之后） — 订单 253dfceebf42614ab1b7abaaaae6b6d9 加工单 JG-20261003-6208（direct）→ 11 道工序
2026-10-02T23:01:58.738Z ✅ [O-余料做帘头] 布帘 + 特殊选项「余料做帘头」→ 条件工序落位（三边 之后） — 订单 070c04284af518d25ba20b3d5557edd5 加工单 JG-20261003-6209（direct）→ 11 道工序
2026-10-02T23:02:00.177Z ✅ [O-抱枕] 布帘 + 特殊选项「抱枕」→ 条件工序落位（外帘打卷 之后） — 订单 f16917c070d6db52c63ebbe7b18d5019 加工单 JG-20261003-6210（direct）→ 11 道工序
2026-10-02T23:02:01.725Z ✅ [O-加logo条] 布帘 + 特殊选项「加logo条」→ 条件工序落位（三边 之后） — 订单 f4fab622cc57ac6d835c6fdc10e49eef 加工单 JG-20261003-6211（direct）→ 11 道工序
2026-10-02T23:02:03.410Z ✅ [O-加立边] 布帘 + 特殊选项「加立边」→ 条件工序落位（三边 之后） — 订单 53284f23a72421fd9769aefbd12e9980 加工单 JG-20261003-6212（direct）→ 11 道工序
2026-10-02T23:02:05.082Z ✅ [O-扣环] 布帘 + 特殊选项「扣环」→ 条件工序落位（三边 之后） — 订单 007193b446cad81565a64880392c1c7d 加工单 JG-20261003-6213（direct）→ 11 道工序
2026-10-02T23:02:06.666Z ✅ [O-防翘扣] 布帘 + 特殊选项「防翘扣」→ 条件工序落位（三边 之后） — 订单 39aa54b75b8e0d60db2fa6a94dea72b7 加工单 JG-20261003-6214（direct）→ 11 道工序
2026-10-02T23:02:08.430Z ✅ [I-花边] 布帘 + 加工项「花边」→ 条件工序落位 — 订单 c7be0ab3bed4f6c1cbb0e610e90a209d 加工单 JG-20261003-6215（direct）→ 11 道工序
2026-10-02T23:02:10.019Z ✅ [I-扣环] 布帘 + 加工项「扣环」→ 条件工序落位 — 订单 18a8f8031ba4873b0576ddf8b7a88d4e 加工单 JG-20261003-6216（direct）→ 11 道工序
2026-10-02T23:02:11.748Z ✅ [I-接高] 布帘 + 加工项「接高」→ 条件工序落位 — 订单 1672d5cc566d451496feb0ee099ab1cf 加工单 JG-20261003-6217（direct）→ 11 道工序
2026-10-02T23:02:13.810Z ✅ [S-01] 一樘布+纱（craftLineId 同组）→ 两个部位，套级工序只落一次（防双付） — 订单 3ffeff815ec374482ee7fac8fc6b5bce 加工单 JG-20261003-6218（direct）→ 20 道工序
2026-10-02T23:02:15.739Z ✅ [S-02] 两樘独立窗（无 craftLineId）→ 套级工序各落一次（合计 2 次） — 订单 df65f2023e19a6f00ec0ae8c190f0dac 加工单 JG-20261003-6219（direct）→ 24 道工序
2026-10-02T23:02:16.720Z ✅ [S-03] 纱帘 + 选项「拼1次」（仅布帘有该变体）→ 须显式失败，不得静默丢工序 — 订单 755852dc06a4b6156818cdb5509605bc 加工单 undefined（undefined）→ 0 道工序
2026-10-02T23:02:18.317Z ✅ [Q-01] 数量口径：孔数（holes=24）恒等于报工应做数量 — 订单 a7c28deca1bbe72d441c97c11346ec1c 加工单 JG-20261003-6220（direct）→ 11 道工序
2026-10-02T23:02:20.006Z ✅ [D-11] 纱帘 × 打孔 → 打孔-纱（纱变体逐条可达） — 订单 de81b441926effdc54c989758188cb75 加工单 JG-20261003-6221（direct）→ 11 道工序
2026-10-02T23:02:21.813Z ✅ [O2-纱绑带@纱帘] 纱帘 + 选项「纱绑带」→ 绑带变体按部位解析成 绑带-纱 — 订单 4167851ac508c2e216578a150e04265d 加工单 JG-20261003-6222（direct）→ 11 道工序
2026-10-02T23:02:23.001Z ✅ [F-拼1次@纱帘] 纱帘 + 选项「拼1次」→ 无纱帘变体，须显式失败且指名缺的工序 — 订单 4558c2bdb28250885d000c8be65e16cc 加工单 undefined（undefined）→ 0 道工序
2026-10-02T23:02:24.221Z ❌ [F-加花边@纱帘] 纱帘 + 选项「加花边」→ 无纱帘变体，须显式失败且指名缺的工序 — 失败原因不是「缺工序/取路」，而是：工艺路线「窗帘工序路线（默认）」（产品形态「纱帘」）引用的工序 [花边] 在工序库中不存在，无法实例化工序
2026-10-02T23:02:25.438Z ❌ [F-加铅块@纱帘] 纱帘 + 选项「加铅块」→ 无纱帘变体，须显式失败且指名缺的工序 — 失败原因不是「缺工序/取路」，而是：工艺路线「窗帘工序路线（默认）」（产品形态「纱帘」）引用的工序 [铅坠] 在工序库中不存在，无法实例化工序
2026-10-02T23:02:26.634Z ✅ [F-接高@纱帘] 纱帘 + 选项「接高」→ 无纱帘变体，须显式失败且指名缺的工序 — 订单 9355b4a0ae35ade19018b2b2afeab6a3 加工单 undefined（undefined）→ 0 道工序
2026-10-02T23:02:27.779Z ❌ [F-加logo条@纱帘] 纱帘 + 选项「加logo条」→ 无纱帘变体，须显式失败且指名缺的工序 — 失败原因不是「缺工序/取路」，而是：工艺路线「窗帘工序路线（默认）」（产品形态「纱帘」）引用的工序 [logo条] 在工序库中不存在，无法实例化工序
2026-10-02T23:02:28.939Z ❌ [F-加立边@纱帘] 纱帘 + 选项「加立边」→ 无纱帘变体，须显式失败且指名缺的工序 — 失败原因不是「缺工序/取路」，而是：工艺路线「窗帘工序路线（默认）」（产品形态「纱帘」）引用的工序 [立边] 在工序库中不存在，无法实例化工序
2026-10-02T23:02:30.101Z ✅ [F-扣环@纱帘] 纱帘 + 选项「扣环」→ 无纱帘变体，须显式失败且指名缺的工序 — 订单 dfdc3622563b0677e00f65d495f1a5da 加工单 undefined（undefined）→ 0 道工序
2026-10-02T23:02:31.159Z ✅ [F-防翘扣@纱帘] 纱帘 + 选项「防翘扣」→ 无纱帘变体，须显式失败且指名缺的工序 — 订单 4453236ff1264ad6b97154406e9867de 加工单 undefined（undefined）→ 0 道工序
2026-10-02T23:02:32.715Z ❌ [F-抱枕@纱帘] 纱帘 + 选项「抱枕」→ 无纱帘变体，须显式失败且指名缺的工序 — 预期显式失败，实际生成成功（工序=精裁-纱,纱三边,熨烫-纱,定型-纱,复烫-纱,车被-纱,外帘打卷,抱枕,打包,外帘装袋,外帘发货）—— 静默丢工序或错误取路
2026-10-02T23:02:32.717Z summary={"pass":39,"fail":5,"skip":0,"total":44}
2026-10-02T23:02:32.717Z 覆盖率：37/40；未被任何场景派工的工序 = 裁剪-纱, 质检, 腰靠垫
2026-10-02T23:02:43.490Z 配置：规则 26 条活跃 / 路线模板 窗帘工序路线（默认） , 布料工序路线
2026-10-02T23:02:44.066Z 商品 291ccb15ba5a13e00fe6c9fba8c9e214 / SKU 2106157963645222913
2026-10-02T23:02:45.508Z ✅ [D-01] 布帘 × 无规则工艺（罗马帘）→ 主线十道，逐部位变体正确 — 订单 33e59820588d08c2368f65aef004fb3f 加工单 JG-20261003-6224（direct）→ 10 道工序
2026-10-02T23:02:46.966Z ✅ [D-02] 布帘 × 韩褶 → 主线 + 韩褶(三边后) + 上车布(韩褶后) — 订单 9dbc5e8045717fcf3d4791315d98a19d 加工单 JG-20261003-6225（direct）→ 12 道工序
2026-10-02T23:02:48.394Z ✅ [D-03] 纱帘 × 韩褶 → 纱变体逐道正确（精裁-纱/纱三边/韩褶-纱/上车布-纱/车被-纱） — 订单 094c9f815a32e433a8a3109d51339349 加工单 JG-20261003-6226（direct）→ 12 道工序
2026-10-02T23:02:49.791Z ✅ [D-04] 帘头 × 平幔 → 帘头复用布帘变体 + 帘头制作(三边后) + 去掉复烫 — 订单 a6e0be4698ec382510ae6d906f8718bc 加工单 JG-20261003-6227（direct）→ 10 道工序
2026-10-02T23:02:51.118Z ✅ [D-05] 布料形态（saleForm=布料）→ 布料主线（裁剪→打包），不套窗帘工艺规则 — 订单 c62bf045727b9a04cb38491934ea6afb 加工单 JG-20261003-6228（direct）→ 2 道工序
2026-10-02T23:02:52.548Z ✅ [D-06] 布帘 × 打孔 → 打孔-布(三边后) — 订单 94f89a524cb75f88b02a10ff7ba0e502 加工单 JG-20261003-6229（direct）→ 11 道工序
2026-10-02T23:02:53.965Z ✅ [D-07] 布帘 × 穿杆 → 去掉 定型/复烫 — 订单 ddbb5f05d8e99358f105d3bf6f1ff56f 加工单 JG-20261003-6230（direct）→ 8 道工序
2026-10-02T23:02:55.419Z ✅ [D-08] 布帘 × 四爪钩 → 该工艺规则已软删 ⇒ 与主线逐字相同（软删规则不得生效） — 订单 7527de94017e48bee53b94d84a152b56 加工单 JG-20261003-6231（direct）→ 10 道工序
2026-10-02T23:02:57.206Z ✅ [D-09] 布帘 未填部位与工艺 → 显式回落默认（route_source 标注，不静默） — 订单 92045d48dbe30630813f9643161f06a3 加工单 JG-20261003-6232（default）→ 12 道工序
2026-10-02T23:02:58.848Z ✅ [D-10] 布帘 × 罗马帘 + isShaped=false → 剔除 定型/复烫（形态开关接线） — 订单 1619a995b0fc85b180805010b030347a 加工单 JG-20261003-6233（direct）→ 8 道工序
2026-10-02T23:03:00.524Z ✅ [O-拼1次] 布帘 + 特殊选项「拼1次」→ 条件工序落位（三边 之后） — 订单 ce1ba2e405fd0aa2babe466b568d2df1 加工单 JG-20261003-6234（direct）→ 11 道工序
2026-10-02T23:03:02.265Z ✅ [O-拼2次] 布帘 + 特殊选项「拼2次」→ 条件工序落位（三边 之后） — 订单 45bd0c89df5e8a966a7bd8805b31d35b 加工单 JG-20261003-6235（direct）→ 11 道工序
2026-10-02T23:03:03.975Z ✅ [O-拼3次] 布帘 + 特殊选项「拼3次」→ 条件工序落位（三边 之后） — 订单 8417845bbaa3ef5faedb71e398298a59 加工单 JG-20261003-6236（direct）→ 11 道工序
2026-10-02T23:03:05.631Z ✅ [O-加花边] 布帘 + 特殊选项「加花边」→ 条件工序落位（三边 之后） — 订单 2b15ac6b26c51a8ce0bf014fa8e67fb5 加工单 JG-20261003-6237（direct）→ 11 道工序
2026-10-02T23:03:07.305Z ✅ [O-加铅块] 布帘 + 特殊选项「加铅块」→ 条件工序落位（三边 之后） — 订单 e488810b90fcb1c8435276ea35080945 加工单 JG-20261003-6238（direct）→ 11 道工序
2026-10-02T23:03:08.993Z ✅ [O-接高] 布帘 + 特殊选项「接高」→ 条件工序落位（精裁 之后） — 订单 1c9e48433be2d0cd78ac8d15615db65e 加工单 JG-20261003-6239（direct）→ 11 道工序
2026-10-02T23:03:10.585Z ✅ [O-双眼皮接高] 布帘 + 特殊选项「双眼皮接高」→ 条件工序落位（精裁 之后） — 订单 0dd7a0cf070b5e34af20e2ee244f8060 加工单 JG-20261003-6240（direct）→ 11 道工序
2026-10-02T23:03:12.356Z ✅ [O-余料做绑带] 布帘 + 特殊选项「余料做绑带」→ 条件工序落位（车被 之后） — 订单 7af61d2e775c7da1a8dc3ef15e4a5c07 加工单 JG-20261003-6241（direct）→ 11 道工序
2026-10-02T23:03:14.066Z ✅ [O-布绑带] 布帘 + 特殊选项「布绑带」→ 条件工序落位（车被 之后） — 订单 bd5e032bf760d60cece9161ba9e40814 加工单 JG-20261003-6242（direct）→ 11 道工序
2026-10-02T23:03:15.589Z ✅ [O-纱绑带] 布帘 + 特殊选项「纱绑带」→ 条件工序落位（车被 之后） — 订单 30c3c907411c1d8c410c53346e669261 加工单 JG-20261003-6243（direct）→ 11 道工序
2026-10-02T23:03:17.296Z ✅ [O-余料做帘头] 布帘 + 特殊选项「余料做帘头」→ 条件工序落位（三边 之后） — 订单 59049cb47f0a9155b8815990a98cfbd1 加工单 JG-20261003-6244（direct）→ 11 道工序
2026-10-02T23:03:18.787Z ✅ [O-抱枕] 布帘 + 特殊选项「抱枕」→ 条件工序落位（外帘打卷 之后） — 订单 4daf733845fccd6633bcc754f33194f8 加工单 JG-20261003-6245（direct）→ 11 道工序
2026-10-02T23:03:20.483Z ✅ [O-加logo条] 布帘 + 特殊选项「加logo条」→ 条件工序落位（三边 之后） — 订单 5100df4b8e67ffb71eb4eee553968a44 加工单 JG-20261003-6246（direct）→ 11 道工序
2026-10-02T23:03:22.153Z ✅ [O-加立边] 布帘 + 特殊选项「加立边」→ 条件工序落位（三边 之后） — 订单 db019f208a61aee0f5e397db9ebd76e0 加工单 JG-20261003-6247（direct）→ 11 道工序
2026-10-02T23:03:23.852Z ✅ [O-扣环] 布帘 + 特殊选项「扣环」→ 条件工序落位（三边 之后） — 订单 8c51c4b2f46d8467f2213b4a85f830ec 加工单 JG-20261003-6248（direct）→ 11 道工序
2026-10-02T23:03:25.479Z ✅ [O-防翘扣] 布帘 + 特殊选项「防翘扣」→ 条件工序落位（三边 之后） — 订单 87bb02d6a3daca78351dc8ed08bc0957 加工单 JG-20261003-6249（direct）→ 11 道工序
2026-10-02T23:03:27.189Z ✅ [I-花边] 布帘 + 加工项「花边」→ 条件工序落位 — 订单 74c308f5fa27664024488a68ba965032 加工单 JG-20261003-6250（direct）→ 11 道工序
2026-10-02T23:03:28.958Z ✅ [I-扣环] 布帘 + 加工项「扣环」→ 条件工序落位 — 订单 1819cc92c8123e32ad0753de5575b5aa 加工单 JG-20261003-6251（direct）→ 11 道工序
2026-10-02T23:03:30.559Z ✅ [I-接高] 布帘 + 加工项「接高」→ 条件工序落位 — 订单 7f621f7077d46d282b525a5cc74d83da 加工单 JG-20261003-6252（direct）→ 11 道工序
2026-10-02T23:03:32.606Z ✅ [S-01] 一樘布+纱（craftLineId 同组）→ 两个部位，套级工序只落一次（防双付） — 订单 8a524b877a42c07587b85d7c3a384eb5 加工单 JG-20261003-6253（direct）→ 20 道工序
2026-10-02T23:03:34.685Z ✅ [S-02] 两樘独立窗（无 craftLineId）→ 套级工序各落一次（合计 2 次） — 订单 97a0155c96824b6bfab310703ebff182 加工单 JG-20261003-6254（direct）→ 24 道工序
2026-10-02T23:03:35.856Z ✅ [S-03] 纱帘 + 选项「拼1次」（仅布帘有该变体）→ 须显式失败，不得静默丢工序 — 订单 13807e0799590ce1483c33578ebbd353 加工单 undefined（undefined）→ 0 道工序
2026-10-02T23:03:37.308Z ✅ [Q-01] 数量口径：孔数（holes=24）恒等于报工应做数量 — 订单 4d0d7da43e10a17793cd1b6724376805 加工单 JG-20261003-6255（direct）→ 11 道工序
2026-10-02T23:03:38.730Z ✅ [D-11] 纱帘 × 打孔 → 打孔-纱（纱变体逐条可达） — 订单 5601930d5a6539fcc5ce95afe4faeba1 加工单 JG-20261003-6256（direct）→ 11 道工序
2026-10-02T23:03:40.291Z ✅ [O2-纱绑带@纱帘] 纱帘 + 选项「纱绑带」→ 绑带变体按部位解析成 绑带-纱 — 订单 c9a149ff21b5e9e11bcd8babe0740750 加工单 JG-20261003-6257（direct）→ 11 道工序
2026-10-02T23:03:41.254Z ✅ [F-拼1次@纱帘] 纱帘 + 选项「拼1次」→ 该工序无纱帘变体，须显式失败且指名缺的工序 — 订单 cc871d068766ab618b317adf5f1c00d8 加工单 undefined（undefined）→ 0 道工序
2026-10-02T23:03:42.254Z ✅ [F-加花边@纱帘] 纱帘 + 选项「加花边」→ 该工序无纱帘变体，须显式失败且指名缺的工序 — 订单 716f6d2905a7ef98f71ef865ebf048bc 加工单 undefined（undefined）→ 0 道工序
2026-10-02T23:03:43.234Z ✅ [F-加铅块@纱帘] 纱帘 + 选项「加铅块」→ 该工序无纱帘变体，须显式失败且指名缺的工序 — 订单 8200e5b52f8cf5b621f0c9847c51e17a 加工单 undefined（undefined）→ 0 道工序
2026-10-02T23:03:44.265Z ✅ [F-接高@纱帘] 纱帘 + 选项「接高」→ 该工序无纱帘变体，须显式失败且指名缺的工序 — 订单 ee4154d42b410ef18afebf1782de58dc 加工单 undefined（undefined）→ 0 道工序
2026-10-02T23:03:45.236Z ✅ [F-加logo条@纱帘] 纱帘 + 选项「加logo条」→ 该工序无纱帘变体，须显式失败且指名缺的工序 — 订单 fbaf5407840315ea75b7531aa4575d79 加工单 undefined（undefined）→ 0 道工序
2026-10-02T23:03:46.244Z ✅ [F-加立边@纱帘] 纱帘 + 选项「加立边」→ 该工序无纱帘变体，须显式失败且指名缺的工序 — 订单 3277e458b323c94772adb99b5219c90b 加工单 undefined（undefined）→ 0 道工序
2026-10-02T23:03:47.219Z ✅ [F-扣环@纱帘] 纱帘 + 选项「扣环」→ 该工序无纱帘变体，须显式失败且指名缺的工序 — 订单 7e7f73c27ffb61b96d39eda57469a57c 加工单 undefined（undefined）→ 0 道工序
2026-10-02T23:03:48.222Z ✅ [F-防翘扣@纱帘] 纱帘 + 选项「防翘扣」→ 该工序无纱帘变体，须显式失败且指名缺的工序 — 订单 a7485e59903ad2766cf05f09a2311a62 加工单 undefined（undefined）→ 0 道工序
2026-10-02T23:03:49.785Z ✅ [O2-抱枕@纱帘] 纱帘 + 选项「抱枕」→ 部位无关工序照常派工（不误判为缺工序） — 订单 2a742a4121ddd96a63453e0b26448267 加工单 JG-20261003-6258（direct）→ 11 道工序
2026-10-02T23:03:49.786Z summary={"pass":44,"fail":0,"skip":0,"total":44}
2026-10-02T23:03:49.786Z 覆盖率：37/40；未被任何场景派工的工序 = 裁剪-纱, 质检, 腰靠垫
2026-10-02T23:04:50.221Z 默认路线 rt-v72-20 mainline=["精裁","三边","熨烫","定型","复烫","车被","外帘打卷","打包","外帘装袋","外帘发货"]
2026-10-02T23:04:52.120Z ❌ [W-01] 新建工序 → 挂进默认路线 → 派工必出现 — 新工序数量不符：1.00（期望 12.3 米）
2026-10-02T23:04:53.701Z ❌ [W-02] 改工序单价 → 新派工实例单价随之更新 — 改价后派工实例单价=0.90（期望 1.75）｜HTTP 200 {"success":true,"data":{"id":"d2313bbf4a59a75ac4d8a9b64ce967b4","name":"验收探针工序289384","library_name":"验收探针工序289384","group":"车位","scope":"position","unit":"米","
2026-10-02T23:04:53.953Z ✅ [W-05] 删除仍挂在主线上的工序 → 护栏拦住（不静默产出「主线引用幽灵工序」） — DELETE → HTTP 422：删除工序未通过校验（2 条问题）
2026-10-02T23:04:54.027Z ✅ [W-06] 主线写面引用工序库里不存在的工序 → 422 拦下 — HTTP 422：工艺路线主线未通过校验（1 条问题）
2026-10-02T23:04:54.271Z ✅ [W-07] 默认路线不可取消默认 / 不可删除（422 双护栏） — PUT is_default=false → 422；DELETE → 422；库内 is_default=true deleted=0
2026-10-02T23:04:54.335Z ❌ [W-03] 适用条件「部位维」闭环 — Error: 未找到「加花边」规则（前置缺失）
2026-10-02T23:04:54.383Z ✅ [W-04] 写面拒绝「部位维规则缺 position」（规则永不生效的黑洞进不来） — HTTP 422：trigger_value 不能为空
2026-10-02T23:04:54.884Z 还原：mainline=["精裁", "三边", "熨烫", "定型", "复烫", "车被", "外帘打卷", "打包", "外帘装袋", "外帘发货"]；残留探针工序=1
2026-10-02T23:04:54.885Z summary={"pass":4,"fail":3,"skip":0,"total":7}
2026-10-02T23:06:23.268Z 默认路线 rt-v72-20 mainline=["精裁","三边","熨烫","定型","复烫","车被","外帘打卷","打包","外帘装袋","外帘发货"]
2026-10-02T23:06:25.481Z ✅ [W-01] 新建工序 → 进工序库/工艺项 → 挂进默认路线 → 派工必出现且单价正确 — op=dfdde79775f9688d0e5222e9d7275165；加工单 JG-20261003-6261 第 13 道 = 验收探针工序382359 1.00米@0.90
2026-10-02T23:06:25.482Z ❌ [W-01b] 自建工序（单位=米）应做数量 == 用料米数 12.3 — 实测 qty=1.00米（qty_source=fallback）—— 单位是「米」却按兜底 1 计；派工侧数量口径对该工序失效（报工/计件按 1 米而非 12.3 米）
2026-10-02T23:06:27.278Z ✅ [W-02] 工艺项矩阵格改价 0.9→1.75 → 新派工实例单价跟随（UI 改价入口有效） — PUT /operation-positions/3ed8cd41eac2ac094d521af301bd5a01 HTTP 200；加工单 JG-20261003-6262 单价=1.75
2026-10-02T23:06:29.362Z ✅ [W-02c] 两本账分叉登记：工序库改价（PUT /operations）是否影响派工取价 — 工序库价 2.50（HTTP 200）／矩阵格价 1.75／派工实例价 1.75 —— 派工取的是**矩阵格价**，工序库改价不影响计件（两账分叉，UI 不暴露该写入 ⇒ 观察项）
2026-10-02T23:06:29.559Z ✅ [W-05] 删除仍挂在主线上的工序 → 护栏拦下并给出可行动出口 — HTTP 422：删除工序未通过校验（2 条问题）；出口=
2026-10-02T23:06:29.666Z ✅ [W-06] 主线写面引用工序库里不存在的工序 → 422 拦下 — HTTP 422：工艺路线主线未通过校验（1 条问题）
2026-10-02T23:06:29.984Z ✅ [W-07] 默认路线不可取消默认 / 不可删除（422 双护栏） — PUT is_default=false → 422；DELETE → 422；库内 is_default=true deleted=0
2026-10-02T23:06:30.433Z ❌ [W-08] UI「停用工序」按钮可用（前端发的 status 值被后端受理） — 前端 routings/page.tsx 的 disableOpByName 逐字发送 {status:'inactive'}，后端 STATUSES={active,disabled} ⇒ HTTP 422：status 仅支持 active/disabled ⇒ **「停用工序」按钮 100% 失效**（库里仍是 active）
2026-10-02T23:06:34.058Z ✅ [W-03] 适用条件加「部位维」→ 纱帘单照常派工（不再整单卡死）、布帘单照旧插花边 — 新规则 d6ce2a9609a3b04e0323fb318343980b（option 加花边，position=布帘）；纱帘单 11 道且无花边；布帘单含 花边-布
2026-10-02T23:06:34.300Z ✅ [W-04] 写面拒绝「部位维规则缺 position」（规则永不生效的黑洞进不来） — HTTP 422：trigger_value 不能为空
2026-10-02T23:06:35.096Z 还原：mainline=["精裁", "三边", "熨烫", "定型", "复烫", "车被", "外帘打卷", "打包", "外帘装袋", "外帘发货"]；残留探针工序=0；活跃规则=26；加花边规则=1
2026-10-02T23:06:35.096Z summary={"pass":8,"fail":2,"skip":0,"total":10}
2026-10-02T23:07:02.384Z ✅ [R-01] 判据判别力自证：原样绿 / 换位红 / 少一道红（非恒真、非子集比较） — 实得 10 道；换位 2 与 3 ⇒ 红 ✅；少最后一道 ⇒ 红 ✅
2026-10-02T23:07:04.009Z ✅ [R-02] 注入「默认主线去掉定型」⇒ 派工确实少一道、断言判红（判别性红证） — 注入后 mainline=["精裁", "三边", "熨烫", "复烫", "车被", "外帘打卷", "打包", "外帘装袋", "外帘发货"]；派工 精裁-布 → 布三边 → 熨烫-布 → 复烫-布 → 布帘车被 → 外帘打卷 → 打包 → 外帘装袋 → 外帘发货（共 9 道，无 定型-布）⇒ 与基线期望不符 = 红
2026-10-02T23:07:05.623Z ✅ [R-03] 还原后回到绿（红是注入造成的，不是长期红灯） — mainline 还原=["精裁", "三边", "熨烫", "定型", "复烫", "车被", "外帘打卷", "打包", "外帘装袋", "外帘发货"]；派工 10 道与基线期望逐字相同
2026-10-02T23:07:08.796Z ✅ [R-04] 价格断言判别力：注入新价 ⇒ 旧期望判红；还原 ⇒ 回绿 — 熨烫-布 原价 0.35 → 注入 0.99 ⇒ 派工读 0.99（≠原期望 = 红）；还原 ⇒ 0.35（=原期望 = 绿）
2026-10-02T23:07:08.911Z 收尾核对：mainline=["精裁", "三边", "熨烫", "定型", "复烫", "车被", "外帘打卷", "打包", "外帘装袋", "外帘发货"]（应与基线逐字相同）
2026-10-02T23:07:08.912Z summary={"pass":4,"fail":0,"skip":0,"total":4}
2026-10-02T23:07:55.615Z ✅ [UI-01] 工序管理页渲染出全部逻辑工序与全部路线 — 页面含 29/29 道逻辑工序、2/2 条路线（默认=「窗帘工序路线（默认）」）
2026-10-02T23:07:55.667Z ❌ [UI-02] 「管理▸」抽屉可打开 — 未找到 [data-testid="undefined-质检"] 或抽屉未渲染
2026-10-02T23:07:55.668Z ✅ [UI-04] 页面控制台错误（观察项，不阻塞） — 无 console error
2026-10-02T23:07:55.693Z summary={"pass":2,"fail":1,"skip":0,"total":3}
2026-10-02T23:08:15.525Z ✅ [UI-01] 工序管理页渲染出全部逻辑工序与全部路线 — 页面含 29/29 道逻辑工序、2/2 条路线（默认=「窗帘工序路线（默认）」）
2026-10-02T23:08:15.734Z ✅ [UI-02] 「管理▸」抽屉可打开（目标工序「质检」） — 抽屉 [data-testid=operations-manage-drawer] 已渲染
2026-10-02T23:08:18.606Z ❌ [UI-03] 「停用工序」按钮端到端可用（UI 词表 ↔ 后端受理词表一致） — 点击后库里 status 仍 = active（改前 active）；页面理由 = 「status 仅支持 active/disabled」⇒ 按钮点了不生效
2026-10-02T23:08:18.607Z ✅ [UI-04] 页面控制台错误（观察项，不阻塞） — 1 条：Failed to load resource: the server responded with a status of 422 ()
2026-10-02T23:08:18.626Z summary={"pass":3,"fail":1,"skip":0,"total":4}
2026-10-02T23:10:41.476Z ✅ [W-09] 作用域改配（set→position）双向生效：一樘布+纱从 1 行变 2 行，还原回 1 行 — 打包 scope=set ⇒ 1 行；改 position ⇒ 2 行；还原 ⇒ 1 行（加工单 JG-20261003-6272）
2026-10-02T23:10:43.155Z ✅ [W-10] 「标记生产开始」改配 → 实例 is_start_marker 跟随（开工触发点可配） — 打包 is_start_marker=true ⇒ 实例 true（1 行）
2026-10-02T23:10:43.247Z 收尾核对：打包 scope=set is_start_marker=false status=active（应与基线 scope=set / false 一致）
2026-10-02T23:10:43.248Z summary={"pass":2,"fail":0,"skip":0,"total":2}
2026-10-02T23:14:05.452Z ✅ [RF-JG-20261003-6274] 读面与落库逐字一致（16 道） — GET /production/orders/{id}/operations == processing_position_operations
2026-10-02T23:14:05.799Z ❌ [RF-JG-20261003-6273] 读面与落库一致性 — 读面=精裁-纱,纱三边,熨烫-纱,定型-纱,复烫-纱,车被-纱,精裁-布,布三边,熨烫-布,定型-布,复烫-布,布帘车被,外帘打卷,打包,外帘装袋,外帘发货 ｜ 落库=精裁-布,布三边,熨烫-布,定型-布,复烫-布,布帘车被,外帘打卷,打包,外帘装袋,外帘发货,精裁-纱,纱三边,熨烫-纱,定型-纱,复烫-纱,车被-纱
2026-10-02T23:14:06.174Z ✅ [RF-JG-20261003-6272] 读面与落库逐字一致（17 道） — GET /production/orders/{id}/operations == processing_position_operations
2026-10-02T23:14:06.497Z ❌ [RF-JG-20261003-6271] 读面与落库一致性 — 读面=精裁-纱,纱三边,熨烫-纱,定型-纱,复烫-纱,车被-纱,精裁-布,布三边,熨烫-布,定型-布,复烫-布,布帘车被,外帘打卷,打包,外帘装袋,外帘发货 ｜ 落库=精裁-布,布三边,熨烫-布,定型-布,复烫-布,布帘车被,外帘打卷,打包,外帘装袋,外帘发货,精裁-纱,纱三边,熨烫-纱,定型-纱,复烫-纱,车被-纱
2026-10-02T23:14:06.842Z ✅ [RF-JG-20261003-6270] 读面与落库逐字一致（10 道） — GET /production/orders/{id}/operations == processing_position_operations
2026-10-02T23:14:07.164Z ✅ [RF-JG-20261003-6269] 读面与落库逐字一致（10 道） — GET /production/orders/{id}/operations == processing_position_operations
2026-10-02T23:14:15.447Z ✅ [RF-JG-20261003-6274] 读面==落库（按部位逐道 + 顺序一致） — 部位 S3-0 本白/S3-1 本白；共 16 道
2026-10-02T23:14:15.825Z ✅ [RF-JG-20261003-6273] 读面==落库（按部位逐道 + 顺序一致） — 部位 S2-0 本白/S2-1 本白；共 16 道
2026-10-02T23:14:16.251Z ✅ [RF-JG-20261003-6272] 读面==落库（按部位逐道 + 顺序一致） — 部位 S1-0 本白/S1-1 本白；共 17 道
2026-10-02T23:14:16.649Z ✅ [RF-JG-20261003-6271] 读面==落库（按部位逐道 + 顺序一致） — 部位 S0-0 本白/S0-1 本白；共 16 道
2026-10-02T23:14:17.028Z ✅ [RF-JG-20261003-6270] 读面==落库（按部位逐道 + 顺序一致） — 部位 R4-420181 本白；共 10 道
2026-10-02T23:14:17.464Z ✅ [RF-JG-20261003-6269] 读面==落库（按部位逐道 + 顺序一致） — 部位 R3-420181 本白；共 10 道
2026-10-02T23:14:17.888Z ✅ [RF-JG-20261003-6268] 读面==落库（按部位逐道 + 顺序一致） — 部位 R2-420181 本白；共 10 道
2026-10-02T23:14:18.299Z ✅ [RF-JG-20261003-6267] 读面==落库（按部位逐道 + 顺序一致） — 部位 R1-420181 本白；共 9 道
2026-10-02T23:14:18.721Z ✅ [RF-JG-20261003-6266] 读面==落库（按部位逐道 + 顺序一致） — 部位 R0-420181 本白；共 10 道
2026-10-02T23:14:19.139Z ✅ [RF-JG-20261003-6265] 读面==落库（按部位逐道 + 顺序一致） — 部位 W03b-382359 本白；共 12 道
2026-10-02T23:14:19.576Z ✅ [RF-JG-20261003-6264] 读面==落库（按部位逐道 + 顺序一致） — 部位 W03a-382359 本白；共 11 道
2026-10-02T23:14:20.013Z ✅ [RF-JG-20261003-6263] 读面==落库（按部位逐道 + 顺序一致） — 部位 W02c-382359 本白；共 13 道
2026-10-02T23:16:09.825Z 默认路线 rt-v72-20 / 窗帘工序路线（默认）：["精裁","三边","熨烫","定型","复烫","车被","外帘打卷","打包","外帘装袋","外帘发货"]
2026-10-02T23:16:10.231Z ❌ [R-01] 新建路线三态 — POST=200 可见=true 非法部位=200 DELETE=200 deleted=1
2026-10-02T23:16:12.599Z ✅ [R-02] 路线改名 → 新加工单 route_key 跟随；还原后回到原名 — 改名 → 加工单 JG-20261003-6275 route_key=「窗帘工序路线（验收改名969228）」；还原 → route_key=「窗帘工序路线（默认）」
2026-10-02T23:16:15.221Z ✅ [R-03] 编辑主线顺序 → 加工单工序顺序逐字跟随；还原后回到基线顺序 — 注入后 mainline=["精裁", "三边", "熨烫", "复烫", "定型", "车被", "外帘打卷", "打包", "外帘装袋", "外帘发货"] ⇒ 派工 精裁-布 → 布三边 → 熨烫-布 → 复烫-布 → 定型-布 → 布帘车被 → 外帘打卷 → 打包 → 外帘装袋 → 外帘发货；还原 ⇒ 与基线 10 道逐字相同
2026-10-02T23:16:15.574Z ✅ [R-04] 主线写面三条护栏（空主线 / 重复工序 / 引用不存在工序）全部 422 且不改库 — 空主线 422｜重复 422｜幽灵 422；库内 mainline 未被改坏（["精裁", "三边", "熨烫", "定型", "复烫", "车被", "外帘打卷", "打包", "外帘装袋", "…）
2026-10-02T23:16:15.681Z 收尾核对：窗帘工序路线（默认） is_default=true mainline=["精裁", "三边", "熨烫", "定型", "复烫", "车被", "外帘打卷", "打包", "外帘装袋", "外帘发货"]（应与基线逐字相同）
2026-10-02T23:16:15.681Z summary={"pass":3,"fail":1,"skip":0,"total":4}
2026-10-02T23:16:44.949Z 默认路线 rt-v72-20 / 窗帘工序路线（默认）：["精裁","三边","熨烫","定型","复烫","车被","外帘打卷","打包","外帘装袋","外帘发货"]
2026-10-02T23:16:45.358Z ✅ [R-01] 新建路线三态：建得出（读面可见）· 删得掉（软删生效） — POST → 200（id=a5d9c1fbc00a0b22feb92efed7b2aad6，读面可见=true）；DELETE → 200，库内 deleted=1
2026-10-02T23:16:45.693Z ❌ [R-05] 路线「适用帘种」受闭词表保护（未知部位被拒） — POST positions=['火星帘'] → **HTTP 200**，库内落库 positions=["火星帘"] ⇒ 可建出**永不可能被选中**的路线（部位值域是闭的：布帘/纱帘/帘头/布料）；同一维度在**规则**写面受闭词表保护（`POSITION_LIMIT_VOCABULARY` 达到 422），路线写面却没有 ⇒ 静默死配置
2026-10-02T23:16:49.009Z ✅ [R-02] 路线改名 → 新加工单 route_key 跟随；还原后回到原名 — 改名 → 加工单 JG-20261003-6279 route_key=「窗帘工序路线（验收改名004286）」；还原 → route_key=「窗帘工序路线（默认）」
2026-10-02T23:16:52.426Z ✅ [R-03] 编辑主线顺序 → 加工单工序顺序逐字跟随；还原后回到基线顺序 — 注入后 mainline=["精裁", "三边", "熨烫", "复烫", "定型", "车被", "外帘打卷", "打包", "外帘装袋", "外帘发货"] ⇒ 派工 精裁-布 → 布三边 → 熨烫-布 → 复烫-布 → 定型-布 → 布帘车被 → 外帘打卷 → 打包 → 外帘装袋 → 外帘发货；还原 ⇒ 与基线 10 道逐字相同
2026-10-02T23:16:52.876Z ✅ [R-04] 主线写面三条护栏（空主线 / 重复工序 / 引用不存在工序）全部 422 且不改库 — 空主线 422｜重复 422｜幽灵 422；库内 mainline 未被改坏（["精裁", "三边", "熨烫", "定型", "复烫", "车被", "外帘打卷", "打包", "外帘装袋", "…）
2026-10-02T23:16:52.993Z 收尾核对：窗帘工序路线（默认） is_default=true mainline=["精裁", "三边", "熨烫", "定型", "复烫", "车被", "外帘打卷", "打包", "外帘装袋", "外帘发货"]（应与基线逐字相同）
2026-10-02T23:16:52.994Z summary={"pass":4,"fail":1,"skip":0,"total":5}
2026-10-02T23:17:22.627Z 配置：规则 26 条活跃 / 路线模板 窗帘工序路线（默认） , 布料工序路线
2026-10-02T23:17:23.085Z 商品 6beeb4dad718d5530765a3979f3f8be7 / SKU 2106161650866257922
2026-10-02T23:17:24.484Z ✅ [D-01] 布帘 × 无规则工艺（罗马帘）→ 主线十道，逐部位变体正确 — 订单 0df666ec7edfb0099491698b54bc1d71 加工单 JG-20261003-6283（direct）→ 10 道工序
2026-10-02T23:17:25.985Z ✅ [D-02] 布帘 × 韩褶 → 主线 + 韩褶(三边后) + 上车布(韩褶后) — 订单 6ba98a2bc27e2524741ceb52281d81b3 加工单 JG-20261003-6284（direct）→ 12 道工序
2026-10-02T23:17:27.352Z ✅ [D-03] 纱帘 × 韩褶 → 纱变体逐道正确（精裁-纱/纱三边/韩褶-纱/上车布-纱/车被-纱） — 订单 4bb068bcd9b3e0422002a46b9a52fec0 加工单 JG-20261003-6285（direct）→ 12 道工序
2026-10-02T23:17:28.741Z ✅ [D-04] 帘头 × 平幔 → 帘头复用布帘变体 + 帘头制作(三边后) + 去掉复烫 — 订单 6f0bd71f96ff631a2c0dddde819de89c 加工单 JG-20261003-6286（direct）→ 10 道工序
2026-10-02T23:17:30.013Z ✅ [D-05] 布料形态（saleForm=布料）→ 布料主线（裁剪→打包），不套窗帘工艺规则 — 订单 6c61b3109a0519a583f873de95fd0f1e 加工单 JG-20261003-6287（direct）→ 2 道工序
2026-10-02T23:17:31.414Z ✅ [D-06] 布帘 × 打孔 → 打孔-布(三边后) — 订单 f5dfcb119c1bbb5a61cd2a6a38b65230 加工单 JG-20261003-6288（direct）→ 11 道工序
2026-10-02T23:17:32.762Z ✅ [D-07] 布帘 × 穿杆 → 去掉 定型/复烫 — 订单 38070af2fd9120ce308b39498dd92ea9 加工单 JG-20261003-6289（direct）→ 8 道工序
2026-10-02T23:17:34.133Z ✅ [D-08] 布帘 × 四爪钩 → 该工艺规则已软删 ⇒ 与主线逐字相同（软删规则不得生效） — 订单 072febd626e14ea6993c02956398ce3e 加工单 JG-20261003-6290（direct）→ 10 道工序
2026-10-02T23:17:35.530Z ✅ [D-09] 布帘 未填部位与工艺 → 显式回落默认（route_source 标注，不静默） — 订单 d9dad318f8468b950ca69317fbef3806 加工单 JG-20261003-6291（default）→ 12 道工序
2026-10-02T23:17:36.976Z ✅ [D-10] 布帘 × 罗马帘 + isShaped=false → 剔除 定型/复烫（形态开关接线） — 订单 f22137c4d05bbf9b8ea4f0d99067ba83 加工单 JG-20261003-6292（direct）→ 8 道工序
2026-10-02T23:17:38.622Z ✅ [O-拼1次] 布帘 + 特殊选项「拼1次」→ 条件工序落位（三边 之后） — 订单 239461ab3178b1beffb669b4ae0cba67 加工单 JG-20261003-6293（direct）→ 11 道工序
2026-10-02T23:17:40.238Z ✅ [O-拼2次] 布帘 + 特殊选项「拼2次」→ 条件工序落位（三边 之后） — 订单 03379c69b42f7fcf41bb492419d2335e 加工单 JG-20261003-6294（direct）→ 11 道工序
2026-10-02T23:17:41.909Z ✅ [O-拼3次] 布帘 + 特殊选项「拼3次」→ 条件工序落位（三边 之后） — 订单 11317a65306ecc154e16df84d38b37a2 加工单 JG-20261003-6295（direct）→ 11 道工序
2026-10-02T23:17:43.473Z ✅ [O-加花边] 布帘 + 特殊选项「加花边」→ 条件工序落位（三边 之后） — 订单 2c8493c21d469f9714dec51b07a3f09d 加工单 JG-20261003-6296（direct）→ 11 道工序
2026-10-02T23:17:45.101Z ✅ [O-加铅块] 布帘 + 特殊选项「加铅块」→ 条件工序落位（三边 之后） — 订单 53301b61636cd144cad74fa26b3dc1d0 加工单 JG-20261003-6297（direct）→ 11 道工序
2026-10-02T23:17:46.788Z ✅ [O-接高] 布帘 + 特殊选项「接高」→ 条件工序落位（精裁 之后） — 订单 a95a280d4a379fbd7102435f1e8e09b5 加工单 JG-20261003-6298（direct）→ 11 道工序
2026-10-02T23:17:48.454Z ✅ [O-双眼皮接高] 布帘 + 特殊选项「双眼皮接高」→ 条件工序落位（精裁 之后） — 订单 ad21534773c58d99a72ef479ddf03827 加工单 JG-20261003-6299（direct）→ 11 道工序
2026-10-02T23:17:50.053Z ✅ [O-余料做绑带] 布帘 + 特殊选项「余料做绑带」→ 条件工序落位（车被 之后） — 订单 03e658ef71704c627a324d7f3d6fd219 加工单 JG-20261003-6300（direct）→ 11 道工序
2026-10-02T23:17:51.581Z ✅ [O-布绑带] 布帘 + 特殊选项「布绑带」→ 条件工序落位（车被 之后） — 订单 211cb58afe145fed7ab2c30ca5d5d64c 加工单 JG-20261003-6301（direct）→ 11 道工序
2026-10-02T23:17:53.200Z ✅ [O-纱绑带] 布帘 + 特殊选项「纱绑带」→ 条件工序落位（车被 之后） — 订单 45c9771219a92266e17c595e94276607 加工单 JG-20261003-6302（direct）→ 11 道工序
2026-10-02T23:17:54.697Z ✅ [O-余料做帘头] 布帘 + 特殊选项「余料做帘头」→ 条件工序落位（三边 之后） — 订单 b215607cae01cabee9e37245b9d12f0b 加工单 JG-20261003-6303（direct）→ 11 道工序
2026-10-02T23:17:56.275Z ✅ [O-抱枕] 布帘 + 特殊选项「抱枕」→ 条件工序落位（外帘打卷 之后） — 订单 20072c77fa77992d98dd0b7fbf611bd7 加工单 JG-20261003-6304（direct）→ 11 道工序
2026-10-02T23:17:57.748Z ✅ [O-加logo条] 布帘 + 特殊选项「加logo条」→ 条件工序落位（三边 之后） — 订单 87ab1c12e7eee4686d87cf6f8dcd4fe2 加工单 JG-20261003-6305（direct）→ 11 道工序
2026-10-02T23:17:59.381Z ✅ [O-加立边] 布帘 + 特殊选项「加立边」→ 条件工序落位（三边 之后） — 订单 3e35e5af8cae35742e9fcbb09282b7c6 加工单 JG-20261003-6306（direct）→ 11 道工序
2026-10-02T23:18:01.004Z ✅ [O-扣环] 布帘 + 特殊选项「扣环」→ 条件工序落位（三边 之后） — 订单 b9522c0a83f155c4b9f2c21889162aa7 加工单 JG-20261003-6307（direct）→ 11 道工序
2026-10-02T23:18:02.657Z ✅ [O-防翘扣] 布帘 + 特殊选项「防翘扣」→ 条件工序落位（三边 之后） — 订单 214939c7f800a47b8f6c0a19387f62ff 加工单 JG-20261003-6308（direct）→ 11 道工序
2026-10-02T23:18:04.291Z ✅ [I-花边] 布帘 + 加工项「花边」→ 条件工序落位 — 订单 1acd3423edff3772f2660f0502d44ba2 加工单 JG-20261003-6309（direct）→ 11 道工序
2026-10-02T23:18:05.937Z ✅ [I-扣环] 布帘 + 加工项「扣环」→ 条件工序落位 — 订单 2a24fc82a3eaa61f52452b9d45ebc23f 加工单 JG-20261003-6310（direct）→ 11 道工序
2026-10-02T23:18:07.422Z ✅ [I-接高] 布帘 + 加工项「接高」→ 条件工序落位 — 订单 3882425721201cb8dba60b7d70ff30a8 加工单 JG-20261003-6311（direct）→ 11 道工序
2026-10-02T23:18:09.364Z ✅ [S-01] 一樘布+纱（craftLineId 同组）→ 两个部位，套级工序只落一次（防双付） — 订单 0d5f1281e3b2ce8b2a4ebfac54b9f722 加工单 JG-20261003-6312（direct）→ 20 道工序
2026-10-02T23:18:11.269Z ✅ [S-02] 两樘独立窗（无 craftLineId）→ 套级工序各落一次（合计 2 次） — 订单 dec59a8741036f783d7da49a3ade8ad5 加工单 JG-20261003-6313（direct）→ 24 道工序
2026-10-02T23:18:12.447Z ✅ [S-03] 纱帘 + 选项「拼1次」（仅布帘有该变体）→ 须显式失败，不得静默丢工序 — 订单 6f575e08fe51afea2d7024f31963069e 加工单 undefined（undefined）→ 0 道工序
2026-10-02T23:18:14.069Z ✅ [Q-01] 数量口径：孔数（holes=24）恒等于报工应做数量 — 订单 82277f14059e2654d2a83b6ffbe72235 加工单 JG-20261003-6314（direct）→ 11 道工序
2026-10-02T23:18:15.746Z ✅ [D-11] 纱帘 × 打孔 → 打孔-纱（纱变体逐条可达） — 订单 4631d9fee8beda63813494f0a5e4a0cf 加工单 JG-20261003-6315（direct）→ 11 道工序
2026-10-02T23:18:17.621Z ✅ [O2-纱绑带@纱帘] 纱帘 + 选项「纱绑带」→ 绑带变体按部位解析成 绑带-纱 — 订单 76756ccbe6c1f87e2490d8cf6978a5f5 加工单 JG-20261003-6316（direct）→ 11 道工序
2026-10-02T23:18:18.570Z ✅ [F-拼1次@纱帘] 纱帘 + 选项「拼1次」→ 该工序无纱帘变体，须显式失败且指名缺的工序 — 订单 4e4a4ce1821327ffc66562ff5de27c63 加工单 undefined（undefined）→ 0 道工序
2026-10-02T23:18:19.572Z ✅ [F-加花边@纱帘] 纱帘 + 选项「加花边」→ 该工序无纱帘变体，须显式失败且指名缺的工序 — 订单 c2ed974af5a39d083e8668acf895575c 加工单 undefined（undefined）→ 0 道工序
2026-10-02T23:18:20.519Z ✅ [F-加铅块@纱帘] 纱帘 + 选项「加铅块」→ 该工序无纱帘变体，须显式失败且指名缺的工序 — 订单 dea83f10071e172b9df80ff0d42dbadd 加工单 undefined（undefined）→ 0 道工序
2026-10-02T23:18:21.555Z ✅ [F-接高@纱帘] 纱帘 + 选项「接高」→ 该工序无纱帘变体，须显式失败且指名缺的工序 — 订单 c5b465f8c53f1118ecf3fb3fdbd32616 加工单 undefined（undefined）→ 0 道工序
2026-10-02T23:18:22.595Z ✅ [F-加logo条@纱帘] 纱帘 + 选项「加logo条」→ 该工序无纱帘变体，须显式失败且指名缺的工序 — 订单 24e52977b1a227fbe00c65bae78678da 加工单 undefined（undefined）→ 0 道工序
2026-10-02T23:18:23.655Z ✅ [F-加立边@纱帘] 纱帘 + 选项「加立边」→ 该工序无纱帘变体，须显式失败且指名缺的工序 — 订单 a0ade78c5fdfe4b6502d272cb58abaf6 加工单 undefined（undefined）→ 0 道工序
2026-10-02T23:18:24.726Z ✅ [F-扣环@纱帘] 纱帘 + 选项「扣环」→ 该工序无纱帘变体，须显式失败且指名缺的工序 — 订单 ff7f456f4ea982595f68541ed99df310 加工单 undefined（undefined）→ 0 道工序
2026-10-02T23:18:25.801Z ✅ [F-防翘扣@纱帘] 纱帘 + 选项「防翘扣」→ 该工序无纱帘变体，须显式失败且指名缺的工序 — 订单 872224907c3dd56d14a8e2849881e978 加工单 undefined（undefined）→ 0 道工序
2026-10-02T23:18:27.326Z ✅ [O2-抱枕@纱帘] 纱帘 + 选项「抱枕」→ 部位无关工序照常派工（不误判为缺工序） — 订单 99981c39d3a43239dfc933f0ac30da15 加工单 JG-20261003-6317（direct）→ 11 道工序
2026-10-02T23:18:27.330Z summary={"pass":44,"fail":0,"skip":0,"total":44}
2026-10-02T23:18:27.330Z 覆盖率：37/40；未被任何场景派工的工序 = 裁剪-纱, 质检, 腰靠垫
2026-10-02T23:19:00.707Z 配置：规则 26 条活跃 / 路线模板 窗帘工序路线（默认） , 布料工序路线
2026-10-02T23:19:01.299Z 商品 d63932e72ff974dfe3b85cda60f91a1c / SKU 2106162062453309442
2026-10-02T23:19:02.907Z ✅ [D-01] 布帘 × 无规则工艺（罗马帘）→ 主线十道，逐部位变体正确 — 订单 aa575f1d365651b70bed444dac49d099 加工单 JG-20261003-6318（direct）→ 10 道工序
2026-10-02T23:19:04.578Z ✅ [D-02] 布帘 × 韩褶 → 主线 + 韩褶(三边后) + 上车布(韩褶后) — 订单 1f871f2e430439ec053b382aa362b419 加工单 JG-20261003-6319（direct）→ 12 道工序
2026-10-02T23:19:06.260Z ✅ [D-03] 纱帘 × 韩褶 → 纱变体逐道正确（精裁-纱/纱三边/韩褶-纱/上车布-纱/车被-纱） — 订单 52e91ab5db3c109c8578fea322c81e92 加工单 JG-20261003-6320（direct）→ 12 道工序
2026-10-02T23:19:07.862Z ✅ [D-04] 帘头 × 平幔 → 帘头复用布帘变体 + 帘头制作(三边后) + 去掉复烫 — 订单 2ee9fa2ae5c44a9a86bce84c82b4a5ef 加工单 JG-20261003-6321（direct）→ 10 道工序
2026-10-02T23:19:09.379Z ✅ [D-05] 布料形态（saleForm=布料）→ 布料主线（裁剪→打包），不套窗帘工艺规则 — 订单 b194c756a0a3c534b1d5686df79a90f2 加工单 JG-20261003-6322（direct）→ 2 道工序
2026-10-02T23:19:11.037Z ✅ [D-06] 布帘 × 打孔 → 打孔-布(三边后) — 订单 acd75f309448a351100b3949903e650c 加工单 JG-20261003-6323（direct）→ 11 道工序
2026-10-02T23:19:12.649Z ✅ [D-07] 布帘 × 穿杆 → 去掉 定型/复烫 — 订单 b3df9a5b47d8aa71dfa1b315fcf39df7 加工单 JG-20261003-6324（direct）→ 8 道工序
2026-10-02T23:19:14.057Z ✅ [D-08] 布帘 × 四爪钩 → 该工艺规则已软删 ⇒ 与主线逐字相同（软删规则不得生效） — 订单 7ef79a97d967c58d1d9f0e1b7987c779 加工单 JG-20261003-6325（direct）→ 10 道工序
2026-10-02T23:19:15.482Z ✅ [D-09] 布帘 未填部位与工艺 → 显式回落默认（route_source 标注 + 序列 = 默认工艺「韩褶」的 12 道） — 订单 86dfb5639e5729abb845d2b610b98f37 加工单 JG-20261003-6326（default）→ 12 道工序
2026-10-02T23:19:16.857Z ✅ [D-10] 布帘 × 罗马帘 + isShaped=false → 剔除 定型/复烫（形态开关接线） — 订单 b35d09ca803b4c0d57a2e21c06fbfd98 加工单 JG-20261003-6327（direct）→ 8 道工序
2026-10-02T23:19:18.231Z ✅ [O-拼1次] 布帘 + 特殊选项「拼1次」→ 条件工序落位（三边 之后） — 订单 8594701c34949e9ca81d9989a3e2b398 加工单 JG-20261003-6328（direct）→ 11 道工序
2026-10-02T23:19:19.596Z ✅ [O-拼2次] 布帘 + 特殊选项「拼2次」→ 条件工序落位（三边 之后） — 订单 f3bf5a585f5d4792476ed58141f14515 加工单 JG-20261003-6329（direct）→ 11 道工序
2026-10-02T23:19:20.942Z ✅ [O-拼3次] 布帘 + 特殊选项「拼3次」→ 条件工序落位（三边 之后） — 订单 1913cd5e843fb0327523953824927c2c 加工单 JG-20261003-6330（direct）→ 11 道工序
2026-10-02T23:19:22.353Z ✅ [O-加花边] 布帘 + 特殊选项「加花边」→ 条件工序落位（三边 之后） — 订单 4c5e0d5a613204a9feb5b5458ab802a4 加工单 JG-20261003-6331（direct）→ 11 道工序
2026-10-02T23:19:23.736Z ✅ [O-加铅块] 布帘 + 特殊选项「加铅块」→ 条件工序落位（三边 之后） — 订单 795873795ad0d4681ac6896632e03025 加工单 JG-20261003-6332（direct）→ 11 道工序
2026-10-02T23:19:25.139Z ✅ [O-接高] 布帘 + 特殊选项「接高」→ 条件工序落位（精裁 之后） — 订单 24e937965866d4fdccff53a3a4822be7 加工单 JG-20261003-6333（direct）→ 11 道工序
2026-10-02T23:19:26.539Z ✅ [O-双眼皮接高] 布帘 + 特殊选项「双眼皮接高」→ 条件工序落位（精裁 之后） — 订单 8439fe67f37b284ab1f10862a2786b19 加工单 JG-20261003-6334（direct）→ 11 道工序
2026-10-02T23:19:27.945Z ✅ [O-余料做绑带] 布帘 + 特殊选项「余料做绑带」→ 条件工序落位（车被 之后） — 订单 4a7219452a4fd3b65d1304b62cb4d6de 加工单 JG-20261003-6335（direct）→ 11 道工序
2026-10-02T23:19:29.404Z ✅ [O-布绑带] 布帘 + 特殊选项「布绑带」→ 条件工序落位（车被 之后） — 订单 1afcb076ac1e360b26de428eba17795b 加工单 JG-20261003-6336（direct）→ 11 道工序
2026-10-02T23:19:30.791Z ✅ [O-纱绑带] 布帘 + 特殊选项「纱绑带」→ 条件工序落位（车被 之后） — 订单 f1ed6b7dc6ded44b345df417b96ec831 加工单 JG-20261003-6337（direct）→ 11 道工序
2026-10-02T23:19:32.182Z ✅ [O-余料做帘头] 布帘 + 特殊选项「余料做帘头」→ 条件工序落位（三边 之后） — 订单 9283c1c603660f358edea1cb0b0755a1 加工单 JG-20261003-6338（direct）→ 11 道工序
2026-10-02T23:19:33.554Z ✅ [O-抱枕] 布帘 + 特殊选项「抱枕」→ 条件工序落位（外帘打卷 之后） — 订单 066da9bf65a3450e496ac795c9d20fff 加工单 JG-20261003-6339（direct）→ 11 道工序
2026-10-02T23:19:34.941Z ✅ [O-加logo条] 布帘 + 特殊选项「加logo条」→ 条件工序落位（三边 之后） — 订单 baac4b37241ae679b131cfda80cbbadc 加工单 JG-20261003-6340（direct）→ 11 道工序
2026-10-02T23:19:36.328Z ✅ [O-加立边] 布帘 + 特殊选项「加立边」→ 条件工序落位（三边 之后） — 订单 a8459051b72368e83e2f5c1e1522e35d 加工单 JG-20261003-6341（direct）→ 11 道工序
2026-10-02T23:19:37.715Z ✅ [O-扣环] 布帘 + 特殊选项「扣环」→ 条件工序落位（三边 之后） — 订单 8e6284f38fc4cc11c96d11e5eb08bedc 加工单 JG-20261003-6342（direct）→ 11 道工序
2026-10-02T23:19:39.098Z ✅ [O-防翘扣] 布帘 + 特殊选项「防翘扣」→ 条件工序落位（三边 之后） — 订单 f28c04d21e577d719f447cd921b05b25 加工单 JG-20261003-6343（direct）→ 11 道工序
2026-10-02T23:19:40.755Z ✅ [I-花边] 布帘 + 加工项「花边」→ 条件工序落位 — 订单 b5955ec0b10377f774b4bb478b5fb1a3 加工单 JG-20261003-6344（direct）→ 11 道工序
2026-10-02T23:19:42.474Z ✅ [I-扣环] 布帘 + 加工项「扣环」→ 条件工序落位 — 订单 7b65c83773e46c7384775415faaadf5b 加工单 JG-20261003-6345（direct）→ 11 道工序
2026-10-02T23:19:44.089Z ✅ [I-接高] 布帘 + 加工项「接高」→ 条件工序落位 — 订单 56569b84b0bf605d66bb4626d054d323 加工单 JG-20261003-6346（direct）→ 11 道工序
2026-10-02T23:19:45.999Z ✅ [S-01] 一樘布+纱（craftLineId 同组）→ 两个部位各自序列正确，套级工序只落一次（防双付） — 订单 924de19f995f059f7518634c4835b4b9 加工单 JG-20261003-6347（direct）→ 20 道工序
2026-10-02T23:19:48.036Z ✅ [S-02] 两樘独立窗（无 craftLineId）→ 两行各自 12 道、套级工序各落一次（合计 2 次） — 订单 6e2de0af2d833f0a372bedd98ed430c6 加工单 JG-20261003-6348（direct）→ 24 道工序
2026-10-02T23:19:49.050Z ✅ [S-03] 纱帘 + 选项「拼1次」（仅布帘有该变体）→ 须显式失败，不得静默丢工序 — 订单 9c11dd95d4e603ca31a2b8330d0d446d 加工单 undefined（undefined）→ 0 道工序
2026-10-02T23:19:50.402Z ✅ [Q-01] 数量口径：孔数（holes=24）恒等于报工应做数量 — 订单 c6781e471dfa55b816b9ff6b1d746f9e 加工单 JG-20261003-6349（direct）→ 11 道工序
2026-10-02T23:19:51.770Z ✅ [D-11] 纱帘 × 打孔 → 打孔-纱（纱变体逐条可达） — 订单 41c9dd379f105425b037eb7c2b86ac29 加工单 JG-20261003-6350（direct）→ 11 道工序
2026-10-02T23:19:53.103Z ✅ [O2-纱绑带@纱帘] 纱帘 + 选项「纱绑带」→ 绑带变体按部位解析成 绑带-纱 — 订单 b2009813d0c82a8beed312073f2c75a5 加工单 JG-20261003-6351（direct）→ 11 道工序
2026-10-02T23:19:54.053Z ✅ [F-拼1次@纱帘] 纱帘 + 选项「拼1次」→ 该工序无纱帘变体，须显式失败且指名缺的工序 — 订单 11a5ce031d1c9594a38981e7e2415751 加工单 undefined（undefined）→ 0 道工序
2026-10-02T23:19:54.996Z ✅ [F-加花边@纱帘] 纱帘 + 选项「加花边」→ 该工序无纱帘变体，须显式失败且指名缺的工序 — 订单 b0509b3c4051f6b4eb7fb1f8c438a0df 加工单 undefined（undefined）→ 0 道工序
2026-10-02T23:19:55.968Z ✅ [F-加铅块@纱帘] 纱帘 + 选项「加铅块」→ 该工序无纱帘变体，须显式失败且指名缺的工序 — 订单 d2bcf92bec2ec5a904e642238bbc6337 加工单 undefined（undefined）→ 0 道工序
2026-10-02T23:19:56.930Z ✅ [F-接高@纱帘] 纱帘 + 选项「接高」→ 该工序无纱帘变体，须显式失败且指名缺的工序 — 订单 1e36a8cfb6aa6d8769438dc028b45cc0 加工单 undefined（undefined）→ 0 道工序
2026-10-02T23:19:57.872Z ✅ [F-加logo条@纱帘] 纱帘 + 选项「加logo条」→ 该工序无纱帘变体，须显式失败且指名缺的工序 — 订单 6b283c98d62ebde17ab3185928561fd4 加工单 undefined（undefined）→ 0 道工序
2026-10-02T23:19:58.830Z ✅ [F-加立边@纱帘] 纱帘 + 选项「加立边」→ 该工序无纱帘变体，须显式失败且指名缺的工序 — 订单 52b3ecd2c987c360d88ea76ecfb87163 加工单 undefined（undefined）→ 0 道工序
2026-10-02T23:19:59.761Z ✅ [F-扣环@纱帘] 纱帘 + 选项「扣环」→ 该工序无纱帘变体，须显式失败且指名缺的工序 — 订单 791b5b465defa10b2ac4e1220dccfa0f 加工单 undefined（undefined）→ 0 道工序
2026-10-02T23:20:00.691Z ✅ [F-防翘扣@纱帘] 纱帘 + 选项「防翘扣」→ 该工序无纱帘变体，须显式失败且指名缺的工序 — 订单 c29455ec6e66ecb69c3880bbbac8fe0f 加工单 undefined（undefined）→ 0 道工序
2026-10-02T23:20:02.052Z ✅ [O2-抱枕@纱帘] 纱帘 + 选项「抱枕」→ 部位无关工序照常派工（不误判为缺工序） — 订单 43b859d312e3dd698abb9c859a0543db 加工单 JG-20261003-6352（direct）→ 11 道工序
2026-10-02T23:20:02.053Z summary={"pass":44,"fail":0,"skip":0,"total":44}
2026-10-02T23:20:02.053Z 覆盖率：37/40；未被任何场景派工的工序 = 裁剪-纱, 质检, 腰靠垫
2026-10-02T23:20:26.356Z 判据表：工序 40 / 价目 29 行
2026-10-02T23:20:28.189Z ❌ [JDG-01] p2 矩阵 judge() 同源红证 — 该红未红：redOnUnpricedFallback；该绿未绿：无；读数 {"greenBaseline":true,"redOnSwap":true,"redOnShort":true,"redOnDroppedRow":true,"redOnPrice0":true,"redOnUnpricedFallback":false,"redOnQtyZero":true,"redOnUnknownUnit":true,"redOnEmpty":true,"redOnMissingPriceRow":true,"greenOnRealRouteFailure":true,"redOnUnrelatedFailure":true}
2026-10-02T23:20:28.190Z ✅ [JDG-02] 本单读面 == 落库（按部位逐道） — RX-225477 本白；共 10 道
2026-10-02T23:20:28.191Z summary={"pass":1,"fail":1,"skip":0,"total":2}
2026-10-02T23:21:47.946Z 工序「打包」库价=0.00 scope=set
2026-10-02T23:21:48.030Z 起始价目行：[{"id":"15d4d8e83aee5413302593e85a81aef9","position":"布帘","p":"0.00","del":0},{"id":"opp-v79-20-打包-布料","position":"布料","p":null,"del":1},{"id":"opp-v79-20-打包-帘头","position":"帘头","p":null,"del":1},{"id":"opp-v79-20-打包-纱帘","position":"纱帘","p":null,"del":1},{"id":"opp-v79-20-打包-布帘","position":"通用","p":null,"del":0}]
2026-10-02T23:21:49.662Z ✅ [P9-00] 基线取证：清掉「打包」的布帘价目行后，读面与派工都回到「未定价」 — 读面价=undefined；加工单 JG-20261003-6354 实例价=（无该工序行）（期望 NULL）
2026-10-02T23:21:51.297Z ✅ [P9-01] 保存工序设置不改写计件单价（读面价 undefined→0，实例价 （无该工序行）→0.00） — PUT HTTP 200；新建行={"id":"15d4d8e83aee5413302593e85a81aef9","p":"0.00","del":1}
2026-10-02T23:21:53.024Z ✅ [P9-02] 还原：软删探针新建的「布帘」价目行 ⇒ 读面与派工回到「未定价」 — 读面价=undefined；加工单 JG-20261003-6356 实例价=（无该工序行）（期望 NULL）；残留行=[{"id":"15d4d8e83aee5413302593e85a81aef9","position":"布帘","p":"0.00","del":1},{"id":"54298d7eefd6e7e900c12da393b71bb9","position":"布帘","p":"0.00","del":1},{"id":"opp-v79-20-打包-布料","position":"布料","p":null,"del":1},{"id":"opp-v79-20-打包-帘头","position":"帘头","p":null,"del":1},{"id":"opp-v79-20-打包-纱帘","position":"纱帘","p":null,"del":1},{"id":"opp-v79-20-打包-布帘","position":"通用","p":null,"del":0}]
2026-10-02T23:21:53.024Z summary={"pass":3,"fail":0,"skip":0,"total":3}
2026-10-02T23:23:04.880Z 工序「打包」库价=0.00 scope=set；通用行={"id":"opp-v79-20-打包-布帘","p":null}；起始存活行=[{"id":"opp-v79-20-打包-布帘","position":"通用","p":null,"del":0}]
2026-10-02T23:23:06.764Z 清场后：读面=NULL(未定价)；派工实例价=NULL(未定价)
2026-10-02T23:23:08.731Z ❌ [P9-01] 「未定价」不得被一次与价格无关的保存静默改成价位 — 保存前：读面=NULL(未定价)、派工实例价=NULL(未定价) ⇒ 保存（PUT /operations {scope}，HTTP 200）后：读面=0、派工实例价=0.00；新建价目行={"id":"5c5a82232be66b2e521a7e21a7d19243","p":"0.00"}（position=布帘，价=工序库价 0.00）⇒ **未定价被静默顶成 0**
2026-10-02T23:23:14.622Z ❌ [P9-03] 商家在「工艺项」里改过的价不得被一次与价格无关的保存**回退** — 改价 0.77（HTTP 200）⇒ 读面=0.77、实例价=0.77；再保存一次设置（改作用域，HTTP 200）⇒ 读面=0、实例价=0.00 —— **商家改过的价被静默回退成工序库价 0.00**
2026-10-02T23:23:17.315Z ✅ [P9-02] 还原：读面与派工都回到「未定价」，存活价目行只剩「通用」一行 — 读面=NULL(未定价)；加工单 JG-20261003-6362 实例价=NULL(未定价)；存活行=[{"id":"opp-v79-20-打包-布帘","position":"通用","p":null,"del":0}]
2026-10-02T23:23:17.315Z summary={"pass":1,"fail":2,"skip":0,"total":3}
2026-10-02T23:23:34.442Z 判据表：工序 40 / 价目 29 行
2026-10-02T23:23:36.390Z ❌ [JDG-01] p2 矩阵 judge() 同源红证 — 该红未红：无；该绿未绿：greenBaseline；读数 {"greenBaseline":false,"redOnSwap":true,"redOnShort":true,"redOnDroppedRow":true,"redOnPrice0":true,"redOnUnpricedFallback":true,"redOnQtyZero":true,"redOnUnknownUnit":true,"redOnEmpty":true,"redOnMissingPriceRow":true,"greenOnRealRouteFailure":true,"redOnUnrelatedFailure":true}
2026-10-02T23:23:36.391Z ✅ [JDG-02] 本单读面 == 落库（按部位逐道） — RX-413473 本白；共 10 道
2026-10-02T23:23:36.392Z summary={"pass":1,"fail":1,"skip":0,"total":2}
2026-10-02T23:23:49.104Z 判据表：工序 40 / 价目 29 行
2026-10-02T23:23:51.064Z ✅ [JDG-01] p2 矩阵 judge() 同源红证：9 道门全部会红、2 道正向必绿 — 加工单 JG-20261003-6364；读数 {"greenBaseline":true,"redOnSwap":true,"redOnShort":true,"redOnDroppedRow":true,"redOnPrice0":true,"redOnUnpricedFallback":true,"redOnQtyZero":true,"redOnUnknownUnit":true,"redOnEmpty":true,"redOnMissingPriceRow":true,"greenOnRealRouteFailure":true,"redOnUnrelatedFailure":true}
2026-10-02T23:23:51.065Z ✅ [JDG-02] 本单读面 == 落库（按部位逐道） — RX-428072 本白；共 10 道
2026-10-02T23:23:51.065Z summary={"pass":2,"fail":0,"skip":0,"total":2}
2026-10-02T23:23:55.240Z 配置：规则 26 条活跃 / 路线模板 窗帘工序路线（默认） , 布料工序路线
2026-10-02T23:23:55.907Z 商品 2272c72f43be12892ed8549049846eae / SKU 2106163297940078593
2026-10-02T23:23:57.643Z ✅ [D-01] 布帘 × 无规则工艺（罗马帘）→ 主线十道，逐部位变体正确 — 订单 b079faaa3c9dbc96a08aaa9cc4230fd2 加工单 JG-20261003-6365（direct）→ 10 道工序
2026-10-02T23:23:59.084Z ✅ [D-02] 布帘 × 韩褶 → 主线 + 韩褶(三边后) + 上车布(韩褶后) — 订单 381b3937c8762932e33d606e051120bc 加工单 JG-20261003-6366（direct）→ 12 道工序
2026-10-02T23:24:00.555Z ✅ [D-03] 纱帘 × 韩褶 → 纱变体逐道正确（精裁-纱/纱三边/韩褶-纱/上车布-纱/车被-纱） — 订单 df2787c7c95f7d596dbcdaa08b6f67e1 加工单 JG-20261003-6367（direct）→ 12 道工序
2026-10-02T23:24:01.954Z ✅ [D-04] 帘头 × 平幔 → 帘头复用布帘变体 + 帘头制作(三边后) + 去掉复烫 — 订单 6b26777216928ce527905fabfc6ebb6f 加工单 JG-20261003-6368（direct）→ 10 道工序
2026-10-02T23:24:03.478Z ✅ [D-05] 布料形态（saleForm=布料）→ 布料主线（裁剪→打包），不套窗帘工艺规则 — 订单 8f5347dd02ecb411a253887ed1647431 加工单 JG-20261003-6369（direct）→ 2 道工序
2026-10-02T23:24:05.156Z ✅ [D-06] 布帘 × 打孔 → 打孔-布(三边后) — 订单 cd2598ac965c34732af0c1edb460dce7 加工单 JG-20261003-6370（direct）→ 11 道工序
2026-10-02T23:24:06.760Z ✅ [D-07] 布帘 × 穿杆 → 去掉 定型/复烫 — 订单 29adc2dbe8cc19da698a52937c87759e 加工单 JG-20261003-6371（direct）→ 8 道工序
2026-10-02T23:24:08.129Z ✅ [D-08] 布帘 × 四爪钩 → 该工艺规则已软删 ⇒ 与主线逐字相同（软删规则不得生效） — 订单 caf012ef057cc9cefea534ff94dfc72c 加工单 JG-20261003-6372（direct）→ 10 道工序
2026-10-02T23:24:09.807Z ✅ [D-09] 布帘 未填部位与工艺 → 显式回落默认（route_source 标注 + 序列 = 默认工艺「韩褶」的 12 道） — 订单 0e5588f4549ce241acb91c9c63ba4a20 加工单 JG-20261003-6373（default）→ 12 道工序
2026-10-02T23:24:11.452Z ✅ [D-10] 布帘 × 罗马帘 + isShaped=false → 剔除 定型/复烫（形态开关接线） — 订单 e821a73d77460041527a05314ca83aa3 加工单 JG-20261003-6374（direct）→ 8 道工序
2026-10-02T23:24:13.091Z ✅ [O-拼1次] 布帘 + 特殊选项「拼1次」→ 条件工序落位（三边 之后） — 订单 03607d4a90290b7e0837db9254666a60 加工单 JG-20261003-6375（direct）→ 11 道工序
2026-10-02T23:24:14.660Z ✅ [O-拼2次] 布帘 + 特殊选项「拼2次」→ 条件工序落位（三边 之后） — 订单 18a96206eaaf0ac88be6e123b556d22b 加工单 JG-20261003-6376（direct）→ 11 道工序
2026-10-02T23:24:16.167Z ✅ [O-拼3次] 布帘 + 特殊选项「拼3次」→ 条件工序落位（三边 之后） — 订单 17ecc254bb04de0d31589ca7fb5d8454 加工单 JG-20261003-6377（direct）→ 11 道工序
2026-10-02T23:24:17.824Z ✅ [O-加花边] 布帘 + 特殊选项「加花边」→ 条件工序落位（三边 之后） — 订单 bfab4ecd18528226e12e62b60e2ff236 加工单 JG-20261003-6378（direct）→ 11 道工序
2026-10-02T23:24:19.421Z ✅ [O-加铅块] 布帘 + 特殊选项「加铅块」→ 条件工序落位（三边 之后） — 订单 b6edf827e43176b6d78ad2e668cfe6b6 加工单 JG-20261003-6379（direct）→ 11 道工序
2026-10-02T23:24:21.069Z ✅ [O-接高] 布帘 + 特殊选项「接高」→ 条件工序落位（精裁 之后） — 订单 88056a94ea6f00d08bcb1cfcaac3931b 加工单 JG-20261003-6380（direct）→ 11 道工序
2026-10-02T23:24:22.702Z ✅ [O-双眼皮接高] 布帘 + 特殊选项「双眼皮接高」→ 条件工序落位（精裁 之后） — 订单 be40b7abf8442dc7ca3fe46a11b9ec8b 加工单 JG-20261003-6381（direct）→ 11 道工序
2026-10-02T23:24:24.381Z ✅ [O-余料做绑带] 布帘 + 特殊选项「余料做绑带」→ 条件工序落位（车被 之后） — 订单 df5104f067c263dfc8d0cc8b26f5222e 加工单 JG-20261003-6382（direct）→ 11 道工序
2026-10-02T23:24:26.049Z ✅ [O-布绑带] 布帘 + 特殊选项「布绑带」→ 条件工序落位（车被 之后） — 订单 22b6ea123ddde8410878f18bb560d157 加工单 JG-20261003-6383（direct）→ 11 道工序
2026-10-02T23:24:27.721Z ✅ [O-纱绑带] 布帘 + 特殊选项「纱绑带」→ 条件工序落位（车被 之后） — 订单 83fa82f2b94f9d7faf5b3872c3abd5c4 加工单 JG-20261003-6384（direct）→ 11 道工序
2026-10-02T23:24:29.351Z ✅ [O-余料做帘头] 布帘 + 特殊选项「余料做帘头」→ 条件工序落位（三边 之后） — 订单 6b4848bfcd276f9c5eda7f5717ae62e2 加工单 JG-20261003-6385（direct）→ 11 道工序
2026-10-02T23:24:31.065Z ✅ [O-抱枕] 布帘 + 特殊选项「抱枕」→ 条件工序落位（外帘打卷 之后） — 订单 a6453779fbf2e846a11bdbab18fa126b 加工单 JG-20261003-6386（direct）→ 11 道工序
2026-10-02T23:24:32.752Z ✅ [O-加logo条] 布帘 + 特殊选项「加logo条」→ 条件工序落位（三边 之后） — 订单 0a0aa0fee14b1f4f02698b113fde263f 加工单 JG-20261003-6387（direct）→ 11 道工序
2026-10-02T23:24:34.485Z ✅ [O-加立边] 布帘 + 特殊选项「加立边」→ 条件工序落位（三边 之后） — 订单 8c7cb842d7df3a8c4fccc78de748db7c 加工单 JG-20261003-6388（direct）→ 11 道工序
2026-10-02T23:24:36.176Z ✅ [O-扣环] 布帘 + 特殊选项「扣环」→ 条件工序落位（三边 之后） — 订单 321cc802212a1821202a79d3635583b9 加工单 JG-20261003-6389（direct）→ 11 道工序
2026-10-02T23:24:37.828Z ✅ [O-防翘扣] 布帘 + 特殊选项「防翘扣」→ 条件工序落位（三边 之后） — 订单 55251d0907823dde211c4d69e112c65c 加工单 JG-20261003-6390（direct）→ 11 道工序
2026-10-02T23:24:39.525Z ✅ [I-花边] 布帘 + 加工项「花边」→ 条件工序落位 — 订单 ff356ca6a6f962816593bed734927d7b 加工单 JG-20261003-6391（direct）→ 11 道工序
2026-10-02T23:24:41.162Z ✅ [I-扣环] 布帘 + 加工项「扣环」→ 条件工序落位 — 订单 eee48760db681fc8ddc896500cb776d9 加工单 JG-20261003-6392（direct）→ 11 道工序
2026-10-02T23:24:42.841Z ✅ [I-接高] 布帘 + 加工项「接高」→ 条件工序落位 — 订单 d3af8cd75f0911ff8ecaa742f275e918 加工单 JG-20261003-6393（direct）→ 11 道工序
2026-10-02T23:24:44.823Z ✅ [S-01] 一樘布+纱（craftLineId 同组）→ 两个部位各自序列正确，套级工序只落一次（防双付） — 订单 702ea513fa12813d32190d1369970360 加工单 JG-20261003-6394（direct）→ 20 道工序
2026-10-02T23:24:46.861Z ✅ [S-02] 两樘独立窗（无 craftLineId）→ 两行各自 12 道、套级工序各落一次（合计 2 次） — 订单 5c75d38eb1f084f39703006b0e760d47 加工单 JG-20261003-6395（direct）→ 24 道工序
2026-10-02T23:24:48.008Z ✅ [S-03] 纱帘 + 选项「拼1次」（仅布帘有该变体）→ 须显式失败，不得静默丢工序 — 订单 ae1e70b97df84c04c4e32ecbd7984a2d 加工单 undefined（undefined）→ 0 道工序
2026-10-02T23:24:49.648Z ✅ [Q-01] 数量口径：孔数（holes=24）恒等于报工应做数量 — 订单 9812df9ed18028bca1ac792fb178b291 加工单 JG-20261003-6396（direct）→ 11 道工序
2026-10-02T23:24:51.201Z ✅ [D-11] 纱帘 × 打孔 → 打孔-纱（纱变体逐条可达） — 订单 5e3031d26788a22902339cf195260443 加工单 JG-20261003-6397（direct）→ 11 道工序
2026-10-02T23:24:52.755Z ✅ [O2-纱绑带@纱帘] 纱帘 + 选项「纱绑带」→ 绑带变体按部位解析成 绑带-纱 — 订单 8397f52691add16af03e5a229c9b73aa 加工单 JG-20261003-6398（direct）→ 11 道工序
2026-10-02T23:24:53.816Z ✅ [F-拼1次@纱帘] 纱帘 + 选项「拼1次」→ 该工序无纱帘变体，须显式失败且指名缺的工序 — 订单 d9fce382511ae5a7c5de016d41df4edf 加工单 undefined（undefined）→ 0 道工序
2026-10-02T23:24:54.944Z ✅ [F-加花边@纱帘] 纱帘 + 选项「加花边」→ 该工序无纱帘变体，须显式失败且指名缺的工序 — 订单 d5a94ef45ac001d9bcd23a4b2f314260 加工单 undefined（undefined）→ 0 道工序
2026-10-02T23:24:56.051Z ✅ [F-加铅块@纱帘] 纱帘 + 选项「加铅块」→ 该工序无纱帘变体，须显式失败且指名缺的工序 — 订单 175dd4522cb1bff5521866b49f6e5785 加工单 undefined（undefined）→ 0 道工序
2026-10-02T23:24:57.207Z ✅ [F-接高@纱帘] 纱帘 + 选项「接高」→ 该工序无纱帘变体，须显式失败且指名缺的工序 — 订单 f62d26d09719713bc02561bfab32b615 加工单 undefined（undefined）→ 0 道工序
2026-10-02T23:24:58.369Z ✅ [F-加logo条@纱帘] 纱帘 + 选项「加logo条」→ 该工序无纱帘变体，须显式失败且指名缺的工序 — 订单 872d03bb919be715036921bf0a36e607 加工单 undefined（undefined）→ 0 道工序
2026-10-02T23:24:59.505Z ✅ [F-加立边@纱帘] 纱帘 + 选项「加立边」→ 该工序无纱帘变体，须显式失败且指名缺的工序 — 订单 1a19bd96420cbbe3ef4c788b8933dc15 加工单 undefined（undefined）→ 0 道工序
2026-10-02T23:25:00.680Z ✅ [F-扣环@纱帘] 纱帘 + 选项「扣环」→ 该工序无纱帘变体，须显式失败且指名缺的工序 — 订单 e260aca0d1560433aca0c2a91a405b56 加工单 undefined（undefined）→ 0 道工序
2026-10-02T23:25:01.841Z ✅ [F-防翘扣@纱帘] 纱帘 + 选项「防翘扣」→ 该工序无纱帘变体，须显式失败且指名缺的工序 — 订单 f04c2bf9b25063ce8c4312f34bade039 加工单 undefined（undefined）→ 0 道工序
2026-10-02T23:25:03.575Z ✅ [O2-抱枕@纱帘] 纱帘 + 选项「抱枕」→ 部位无关工序照常派工（不误判为缺工序） — 订单 c2c20e54554431ebda64f17348ffe788 加工单 JG-20261003-6399（direct）→ 11 道工序
2026-10-02T23:25:03.578Z summary={"pass":44,"fail":0,"skip":0,"total":44}
2026-10-02T23:25:03.578Z 覆盖率：37/40；未被任何场景派工的工序 = 裁剪-纱, 质检, 腰靠垫
2026-10-02T23:26:41.006Z ✅ [DR-01] 工序库 40 道 × 8 字段与开工前基线逐字一致 — 基线 40 道；比对字段=名称/分组/作用域/单位/单价/开工标记/状态/来源
2026-10-02T23:26:41.075Z ✅ [DR-02] 活跃路线 2 条与基线逐字一致（含默认标记、主线顺序、适用帘种） — ["窗帘工序路线（默认）(默认)","布料工序路线"]
2026-10-02T23:26:41.194Z ✅ [DR-03] 活跃适用条件 26 条与基线逐字一致（触发/动作/工序/锚点/优先级/部位维） — 基线 26 条
2026-10-02T23:26:41.282Z ✅ [DR-04] 价目读面 29 行（逻辑名@部位 × 单价）与基线逐字一致 — 基线 29 行
2026-10-02T23:26:41.396Z ✅ [DR-05] 探针无存活残留（工序 0 / 路线 0 / 价目「布帘」行 0） — {"ops_alive":0,"routes_alive":0,"cloth_rows_alive":0,"rules_softdeleted":5}
2026-10-02T23:45:06.341Z ✅ [P11-01] UI 现在发的 `status:'disabled'` 在真库上被受理且状态真的翻转（P2/#6105 的对象侧） — PUT {status:'disabled'} → HTTP 200；库内 active → disabled
2026-10-02T23:45:06.343Z ✅ [P11-02] 旧错值 `status:'inactive'` 在真库上仍被拒（= F1 病根，修的是 UI 侧） — PUT {status:'inactive'} → HTTP 422：status 仅支持 active/disabled；库内仍 disabled
2026-10-02T23:45:06.343Z ✅ [P11-03] 还原到原状态 — PUT {status:'active'} → HTTP 200；库内 active
2026-10-02T23:45:06.343Z summary={"pass":3,"fail":0,"skip":0,"total":3}；质检 status active → disabled → (inactive 被拒) → active
2026-10-03T00:49:37.630Z 工序「打包」库价=0.00 scope=set；通用行={"id":"opp-v79-20-打包-布帘","p":null}；起始存活行=[{"id":"fd9f56514d599a9429433529dd5156e1","position":"布帘","p":"0.00","del":0},{"id":"opp-v79-20-打包-布帘","position":"通用","p":null,"del":0}]
2026-10-03T00:49:39.633Z 清场后：读面=NULL(未定价)；派工实例价=NULL(未定价)
2026-10-03T00:49:41.482Z ✅ [P9-01] 未定价未被与价格无关的保存改写 — 读面 NULL(未定价)→NULL(未定价)；实例价 NULL(未定价)→NULL(未定价)
2026-10-03T00:49:48.024Z ✅ [P9-03] 商家改过的价未被保存动作回退 — 读面 0.77→0.77；实例价 0.77→0.77
2026-10-03T00:49:50.935Z ✅ [P9-02] 还原：读面与派工都回到「未定价」，存活价目行只剩「通用」一行 — 读面=NULL(未定价)；加工单 JG-20261003-1396 实例价=NULL(未定价)；存活行=[{"id":"opp-v79-20-打包-布帘","position":"通用","p":null,"del":0}]
2026-10-03T00:49:50.936Z summary={"pass":3,"fail":0,"skip":0,"total":3}
