2026-10-03T00:31:42.450Z ✅ [P0-01] 读面 /piecework/summary 在场且返回冻结契约键 — HTTP 200；keys=period,total,per_worker,per_operation,per_position,per_set,unpriced
2026-10-03T00:31:42.451Z ✅ [P0-02] 期间报表可用 — HTTP 200
2026-10-03T00:31:42.451Z ✅ [P0-03] 单张单计件读面在场 — HTTP 200 keys=total,per_worker,per_operation,per_position,per_set,unpriced
2026-10-03T00:31:42.451Z ✅ [P0-04] 下游结算面**由 OpenAPI 全量枚举**（不是人肉猜） — HTTP 200；paths=244；关键词筛中 11 条
2026-10-03T00:31:42.451Z ✅ [P0-05] 报工明细表（计件唯一凭证）结构可读 — 16 列
2026-10-03T00:31:42.452Z ✅ [P0-06] 并发干扰基线已落盘（非自建行值快照） — 工序库 40 行 / 价目 30 行
2026-10-03T00:31:42.452Z P0 surface.json 已写：paths=244 关键词命中=11
2026-10-03T00:31:42.452Z summary={"pass":6,"fail":0,"skip":0,"total":6}
2026-10-03T00:34:21.419Z ✅ [P1-01] 探针单 A 自建（分类/商品/订单/加工单） — order=94348010… po=JG-20261003-6400
2026-10-03T00:34:21.511Z ✅ [P1-02] 探针单 A 已实例化工序 — 10 道：精裁-布 → 布三边 → 熨烫-布 → 定型-布 → 复烫-布 → 布帘车被 → 外帘打卷 → 打包 → 外帘装袋 → 外帘发货
2026-10-03T00:34:35.696Z ✅ [P1-01] 探针单 A 自建（分类/商品/订单/加工单） — order=ed5105c7… po=JG-20261003-6401
2026-10-03T00:34:35.802Z ✅ [P1-02] 探针单 A 已实例化工序 — 10 道：精裁-布 → 布三边 → 熨烫-布 → 定型-布 → 复烫-布 → 布帘车被 → 外帘打卷 → 打包 → 外帘装袋 → 外帘发货
2026-10-03T00:34:35.997Z ✅ [P1-03] 探针定型：有价 0.40 / 显式 0 元 / 未定价(NULL) 三态可区分 — 精裁-布=0.40 · 熨烫-布=0.00 · 定型-布=null
2026-10-03T00:34:36.896Z ✅ [P1-04] 报工落库（部分报工 / 报满 / 显式 0 元 / 未定价 / 返工） — {"r1":200,"r2":200,"r3":200,"r4":200,"r5":200}
2026-10-03T00:34:37.129Z ✅ [M1-01] 【逐分】per_operation 明细 == 独立算式（数量 × 快照单价，逐笔取整） — 3 道逐分相符
2026-10-03T00:34:37.129Z ✅ [M2-01] 【逐分】per-order total == 独立算式合计 — 读面 11.2 vs 独立算式 11.20
2026-10-03T00:34:37.129Z ✅ [M3-01] 【逐分】per_worker 之和 == total（无二次兜底） — Σ=11.20 total=11.2
2026-10-03T00:34:37.129Z ✅ [M4-per_position] 【逐分】per_position 合计 == total — Σ=11.20 total=11.2
2026-10-03T00:34:37.129Z ✅ [M4-per_set] 【逐分】per_set 合计 == total — Σ=11.20 total=11.2
2026-10-03T00:34:37.690Z ✅ [M5-01] 【逐分】期间报表（按探针工人下钻）total == 独立算式合计 — 报表 11.2 vs 独立算式 11.20
2026-10-03T00:34:37.691Z ✅ [M5-02] 【逐分】报表 per_worker 合计 == 报表 total — Σ=11.20 total=11.2
2026-10-03T00:34:37.691Z ✅ [M5-03] 【逐分】报表 per_operation 合计 == 报表 total — Σ=11.20 total=11.2
2026-10-03T00:34:37.691Z ✅ [M5-per_position] 【逐分】报表 per_position 合计 == total — Σ=11.20 total=11.2
2026-10-03T00:34:37.691Z ✅ [M5-per_set] 【逐分】报表 per_set 合计 == total — Σ=11.20 total=11.2
2026-10-03T00:34:37.930Z ✅ [M6-01] 三端点同源恒等：per-order == 报表(同人) == agent worklog — per-order=11.2 报表=11.2 worklog=11.2
2026-10-03T00:34:37.931Z ✅ [M7-01] 【缺失≠0】未定价工序在 unpriced 块显式可见且数量正确 — unpriced=[{"operation":"定型-布","logical_name":"定型","qty":5}]；独立算式未定价数量=5.00
2026-10-03T00:34:37.931Z ✅ [M7-02] 【缺失≠0】未定价工序不得以「0 元」混进 per_operation 金额 — per_operation 中 定型-布 的读数: []
2026-10-03T00:34:37.931Z ✅ [M7-03] 【三态】显式定价 0 元 ≠ 未定价（0 元进金额、不进 unpriced 清单） — 熨烫-布: per_operation={"amount":0,"operation":"熨烫-布"}；在 unpriced 清单=false
2026-10-03T00:34:38.374Z ❌ [M8-01] 【双付】同 X-Client-Request-Id 重放：报工行数不增 + replayed=true — 行数 5→5；replayed=undefined；HTTP 422
2026-10-03T00:34:38.578Z ❌ [M9-01] 【边界】超应做数量 ⇒ 422 拒绝（不得静默截断/丢明细） — HTTP 200 
2026-10-03T00:34:38.878Z ✅ [M10-01] 【改价口径】实例改价后历史报工仍按**报工快照价**（不追溯） — 改价前独立算式 13.20；改价后读面 13.2
2026-10-03T00:34:39.390Z ❌ [M10-02] 【改价口径·反向】还原价后新报工按还原价快照（逐笔可追溯） — 新报工快照 unit_price=0.40（期望 0.40）；独立算式 13.20
2026-10-03T00:34:42.086Z ✅ [M11-01] 【跨单】同一工人多张单 ⇒ 报表合计 == 该工人两单独立算式之和 — 报表 20.7 vs 独立算式 20.70
2026-10-03T00:34:42.346Z ✅ [M11-02] 【按人隔离】换一个工人 ⇒ 报表合计只含该工人的报工 — 报表 5 vs 独立算式 5.00
2026-10-03T00:34:42.346Z ✅ [M12-01] 【口径】返工不计件（独立算式排除后与读数逐分一致） — 返工行 1 条；报表 20.7 == 独立算式 20.70
2026-10-03T00:34:42.790Z ✅ [M13-01] 【日期边界】work_date 移出本期 ⇒ 报表按 work_date 区间精确过滤（+08 业务时钟落本地日） — 移出后报表 13.2 vs 独立算式（仅本期行）13.20；被移行原 date=2026-10-03
2026-10-03T00:34:43.123Z ✅ [M14-01] 【边界】qty=0 报工被拒且不落 0 元行 — HTTP 422；库里 qty=0 行数 0
2026-10-03T00:34:43.535Z ✅ [M15-01] 【作废】软删的报工行不计件（读面 == 剩余行独立算式） — 软删 1 行后读面 10 vs 独立算式 10.00
2026-10-03T00:34:43.624Z ✅ [RED-01] 【红证·注入式】未定价混进明细 ⇒ M7-02 判据必红 — 注入读数下判据=false（期望 false）；干净读数下=true（期望 true）
2026-10-03T00:34:43.625Z ✅ [RED-02] 【红证·注入式】差一分 ⇒ M2-01 逐分判据必红 — 差一分读数下判据=false（期望 false）
2026-10-03T00:34:43.625Z ✅ [RED-03] 【红证·注入式】漏一道工序明细 ⇒ M1-01 必红 — 漏行读数下 diffs=["精裁-布: 独立算式 3.20，读面缺该行"]
2026-10-03T00:34:43.675Z ⏭️ [M16-01] 【F8 正对照】 — 工序库读面找不到逻辑工序「定型」⇒ 无法执行该注入（登记为未覆盖）
2026-10-03T00:34:43.675Z ⏭️ [M16-02] 【F8 正对照】 — 同上
2026-10-03T00:34:44.153Z probes=A:JG-20261003-6401 B:JG-20261003-6402
2026-10-03T00:34:44.153Z summary={"pass":28,"fail":3,"skip":2,"total":33}
2026-10-03T00:36:18.146Z ❌ [M8-01R] 【双付·重跑】同 X-Client-Request-Id：只落一条报工 + 第二次 replayed=true — 行数 8→9→9；replayed=true；HTTP 200/200
2026-10-03T00:36:18.230Z ⏭️ [M8-02] 【双付·重跑】失败键可重试 — 登记为观察项（见 out/p3-f8-redproof.json .failThenRetry）
2026-10-03T00:36:18.475Z ✅ [M9-01R] 【边界·重跑】超应做数量 ⇒ 422 拒绝，且不落明细 — 剩余 5，报 6 ⇒ HTTP 422「报工数量超上限：本次合格 6 + 累计已报 15 = 21 超过应做 20（剩余 5），本次未落库」
2026-10-03T00:36:19.736Z ✅ [F8-01] 【F8 正对照】一次普通设置保存（body 只带 scope）后，探针实例单价必须逐字不变 — 保存前 NULL(未定价) → 保存后 NULL(未定价)
2026-10-03T00:36:19.736Z ❌ [F8-02] 【F8 正对照】一次普通设置保存后，该逻辑工序的价目矩阵行（部位×价×软删）必须逐字不变 — 前 [["布帘","0.00",1],["布帘","0.00",1],["布帘","0.00",1],["布帘","0.00",1],["布帘","0.00",1],["布帘","0.00",1],["布帘","0.00",1],["布帘","0.00",1],["布帘","0.00",1],["布料",null,1],["帘头",null,1],["纱帘",null,1],["通用",null,0]] → 后 [["布帘","0.00",1],["布帘","0.00",1],["布帘","0.00",1],["布帘","0.00",1],["布帘","0.00",1],["布帘","0.00",1],["布帘","0.00",1],["布帘","0.00",1],["布帘","0.00",1],["布帘","0.00",0],["布料",null,1],["帘头",null,1],["纱帘",null,1],["通用",null,0]]
2026-10-03T00:36:19.736Z ✅ [F8-05] 【F8 正对照】一次普通保存后，读面有效价（catalog + 部位价目矩阵）必须逐字不变 — {"catalogRows":[["打包",null,0]],"layerRows":[]}
2026-10-03T00:36:19.736Z ✅ [F8-03] 【F8 正对照·工资侧】保存后工资读面仍 == 独立算式（口径自洽） — 读面 16.8 vs 独立算式 16.80
2026-10-03T00:36:19.737Z ✅ [F8-04] 【F8 正对照·钱链红线】保存后未定价工序不得静默变 0 元工资 — per_operation 中 打包 的 0 元行=[]；新报工快照价=NULL(未定价)；unpriced 块=5
2026-10-03T00:36:19.913Z ✅ [X-01] 并发干扰核对（非自建行两次读之间是否变过） — **疑似并发干扰 32 处**（附时间戳，不作为缺陷登记）
2026-10-03T00:36:19.914Z F8: instancePrice NULL → NULL；新报工快照=-
2026-10-03T00:36:19.914Z 干扰核对: {"operations":[["op-v91-20-32","0.12|position|active","0.60|position|active"]],"positionPrices":[["opp-v72-20-logo条-布帘","0.60|0","0.60|undefined"],["opp-v72-20-三边-布帘","0.40|0","0.40|undefined"],["opp-v72-20-上车布-布帘","0.50|0","0.50|undefined"],["opp-v72-20-复烫-布帘","0.35|0","0.35|undefined"],["opp-v72-20-外帘发货-布帘","1.00|0","1.00|undefined"],["opp-v72-20-外帘打卷-布帘","1.00|0","1.00|undefined"],["opp-v72-20-外帘装袋-布帘","1.00|0","1.00|undefined"],["opp-v72-20-定型-布帘","0.40|0","0.40|undefined"],["opp-v72-20-帘头制作-帘头","2.00|0","2.00|undefined"],["opp-v79-20-打包-布帘","null|0","null|undefined"],["opp-v72-20-打孔-布帘","0.15|0","0.15|undefined"],["opp-v72-20-扣环-布帘","0.30|0","0.30|undefined"],["opp-v72-20-抱枕-布帘","2.00|0","2.00|undefined"],["opp-v72-20-拼1次-布帘","0.80|0","0.80|undefined"],["opp-v72-20-拼2次-布帘","1.20|0","1.20|undefined"],["opp-v72-20-拼3次-布帘","1.60|0","1.60|undefined"],["opp-v72-20-接高-布帘","1.00|0","1.00|undefined"],["opp-v72-20-熨烫-布帘","0.35|0","0.35|undefined"],["opp-v72-20-立边-布帘","0.50|0","0.50|undefined"],["opp-v72-20-精裁-布帘","0.40|0","0.40|undefined"],["opp-v72-20-绑带-布帘","0.50|0","0.50|undefined"],["opp-v72-20-腰靠垫-布帘","2.00|0","2.00|undefined"],["opp-v72-20-花边-布帘","0.60|0","0.60|undefined"],["opp-v72-20-裁剪-布帘","0.40|0","0.40|undefined"],["6c7d0af60bbef7f9bcfa0f7d6eb1362a","1.50|0","1.50|undefined"],["opp-v72-20-质检-布帘","1.50|0","1.50|undefined"],["opp-v72-20-车被-布帘","0.40|0","0.40|undefined"],["opp-v72-20-铅坠-布帘","0.30|0","0.30|undefined"],["opp-v72-20-防翘扣-布帘","0.20|0","0.20|undefined"],["opp-v72-20-韩褶-布帘","0.40|0","0.40|undefined"]],"added":[["fd9f56514d599a9429433529dd5156e1","0.00|undefined"]],"removed":[]}
2026-10-03T00:36:19.914Z summary={"pass":6,"fail":2,"skip":1,"total":9}
2026-10-03T00:36:33.389Z ✅ [M8-01R] 【双付·重跑】同 X-Client-Request-Id：首次落一条、**第二次不再落**且 replayed=true — 行数 9（前）→10（首次后）→10（重放后）；replayed=true；HTTP 200/200
2026-10-03T00:36:33.494Z ⏭️ [M8-02] 【双付·重跑】失败键可重试 — 登记为观察项（见 out/p3-f8-redproof.json .failThenRetry）
2026-10-03T00:36:33.790Z ✅ [M9-01R] 【边界·重跑】超应做数量 ⇒ 422 拒绝，且不落明细 — 剩余 3，报 4 ⇒ HTTP 422「报工数量超上限：本次合格 4 + 累计已报 17 = 21 超过应做 20（剩余 3），本次未落库」
2026-10-03T00:36:35.091Z ✅ [F8-01] 【F8 正对照】一次普通设置保存（body 只带 scope）后，探针实例单价必须逐字不变 — 保存前 NULL(未定价) → 保存后 NULL(未定价)
2026-10-03T00:36:35.091Z ✅ [F8-02] 【F8 正对照】一次普通设置保存后，该逻辑工序的价目矩阵行（部位×价×软删）必须逐字不变 — 14 行逐字一致
2026-10-03T00:36:35.091Z ✅ [F8-05] 【F8 正对照】一次普通保存后，读面有效价（catalog + 部位价目矩阵）必须逐字不变 — {"catalogRows":[["打包",null,0]],"layerRows":[]}
2026-10-03T00:36:35.092Z ✅ [F8-03] 【F8 正对照·工资侧】保存后工资读面仍 == 独立算式（口径自洽） — 读面 17.6 vs 独立算式 17.60
2026-10-03T00:36:35.092Z ✅ [F8-04] 【F8 正对照·钱链红线】保存后未定价工序不得静默变 0 元工资 — per_operation 中 打包 的 0 元行=[]；新报工快照价=NULL(未定价)；unpriced 块=5
2026-10-03T00:36:35.279Z ✅ [X-01] 并发干扰核对（非自建行两次读之间是否变过） — **疑似并发干扰 2 处** ⇒ {"operations":[["op-v91-20-32","unit_price=0.12|scope=position|status=active","unit_price=0.60|scope=position|status=active","both"]],"positionPrices":[],"added":[["fd9f56514d599a9429433529dd5156e1","{\"id\":\"fd9f56514d599a9429433529dd5156e1\",\"logical_name\":\"打包\",\"position\":\"布帘\",\"unit_price\":\"0.00\"}"]]}（附时间戳 2026-10-03T00:31:39.674Z → 2026-10-03T00:36:35.278Z，不作为缺陷）
2026-10-03T00:36:35.279Z F8: instancePrice NULL → NULL；新报工快照=-
2026-10-03T00:36:35.279Z 干扰核对: undefined
2026-10-03T00:36:35.279Z summary={"pass":8,"fail":0,"skip":1,"total":9}
2026-10-03T00:36:50.291Z ✅ [U-01] 计件工资页可达（HTTP 探活） — HTTP 200 location=-
2026-10-03T00:36:50.492Z ✅ [U-02] 【缺失≠0·UI 承接面】未定价时读面给出 unpriced 块（页面据此渲染提示而非「暂无数据」） — total=17.6 per_worker={"工资验收工人甲674096":16,"未分配":1.6} unpriced.qty=5 operations=["定型-布"]
2026-10-03T00:36:50.612Z ✅ [U-03] agent 侧计件读面（按人+期间）在场且返回同源金额 — HTTP 200 total=0
2026-10-03T00:36:50.646Z ✅ [U-04] 【下游枚举】计件链**没有任何结算/发放/导出写端点**（工资 = 只读报表，无二次兜底） — 命中 0 条写端点（关键词 piecework|wage|payroll|salary|settle）；全量 paths=244
2026-10-03T00:36:50.647Z summary={"pass":4,"fail":0,"skip":0,"total":4}
2026-10-03T00:38:10.901Z ✅ [E-00] 判别性实验前置：逻辑工序「打包」的活跃价目行读数 — 布帘行=1 活跃行总数=2；行明细=[["布帘","0.00"],["通用",null]]
2026-10-03T00:38:22.096Z ✅ [E-00] 判别性实验前置：逻辑工序「打包」的活跃价目行读数 — 布帘行=1 活跃行总数=2；行明细=[["布帘","0.00"],["通用",null]]
2026-10-03T00:38:23.874Z ❌ [E-01] 【判别性】把活跃 布帘 行价改为 3.33 后，**新实例**不得取该列价（既有有效价=未定价 ⇒ 必须 NULL） — 新实例单价=3.33；基线价 布帘=0.00 通用=NULL
2026-10-03T00:38:24.178Z ✅ [E-02] 实验注入已还原为原读数（零残留） — 还原后行=[["布帘","0.00"]]；活跃行=[["布帘","0.00"],["通用",null]]
2026-10-03T00:38:24.179Z 判别结论: 未修（布帘列优先 ⇒ F8 取价口径可达）
2026-10-03T00:38:24.179Z summary={"pass":2,"fail":1,"skip":0,"total":3}
2026-10-03T00:38:52.115Z ✅ [F8E-00] 前置：存在「有 通用 行、无活跃 布帘 行」的逻辑工序（F8 可复现的前提） — 27 道：logo条,三边,上车布,复烫,外帘发货,外帘打卷,外帘装袋,定型,帘头制作,打孔,扣环,抱枕,拼1次,拼2次,拼3次,接高,熨烫,立边,精裁,绑带,腰靠垫,花边,裁剪,车被,铅坠,防翘扣,韩褶
2026-10-03T00:38:53.792Z ❌ [F8E-01] 前置②：探针单该工序实例为**未定价**（NULL） — 实例 - unit_price=-
2026-10-03T00:39:02.244Z ✅ [F8E-00] 前置：存在「有 通用 行、无活跃 布帘 行」的逻辑工序（F8 可复现的前提） — 27 道：logo条,三边,上车布,复烫,外帘发货,外帘打卷,外帘装袋,定型,帘头制作,打孔,扣环,抱枕,拼1次,拼2次,拼3次,接高,熨烫,立边,精裁,绑带,腰靠垫,花边,裁剪,车被,铅坠,防翘扣,韩褶
2026-10-03T00:39:03.893Z ❌ [F8E-01] 前置②：探针单该工序实例为**未定价**（NULL） — 实例 复烫-布 unit_price=0.35
2026-10-03T00:39:04.452Z ❌ [F8E-02] 【F8·钱链】一次与价格无关的保存后，原「未定价」实例价必须仍为 NULL — 保存前 0.35 → 保存后 0.35；新出现活跃 布帘 行=["0.35"]；工序库价=0.35
2026-10-03T00:39:04.773Z ❌ [F8E-03] 【F8·钱链】保存后**新报工**的单价快照必须仍为 NULL 且 price_state=unpriced（未定价不得被静默定价） — 快照 unit_price=0.35 price_state=priced；读数={"id":"6ee8d28f9bff6fa7e48dea13250a77aa","operation_name":"复烫-布","unit_price":"0.35","price_state":"priced","qualified_qty":"3.00"}
2026-10-03T00:39:04.892Z ❌ [F8E-04] 【F8·钱链红线】该工序的报工不得以「0 元/库价」进入计件金额（必须走 unpriced 维度） — per_operation 中 复烫-布 的行=[{"amount":1.05,"operation":"复烫-布"}]；在 unpriced 清单=false；工资合计=1.05
2026-10-03T00:39:04.892Z ❌ [F8E-05] 【缺失≠0】该未定价工序必须在 unpriced 块列出（商家可据此定价，而不是看到 0 元） — unpriced.operations=[]
2026-10-03T00:39:04.894Z 目标=复烫 库价=0.35 保存后实例价=0.35 新报工快照=0.35/priced 新增布帘行=["0.35"]
2026-10-03T00:39:04.894Z summary={"pass":1,"fail":5,"skip":0,"total":6}
2026-10-03T00:39:10.318Z ✅ [F8E-00] 前置：存在「有 通用 行、无活跃 布帘 行」的逻辑工序（F8 可复现的前提） — 26 道：logo条,三边,上车布,外帘发货,外帘打卷,外帘装袋,定型,帘头制作,打孔,扣环,抱枕,拼1次,拼2次,拼3次,接高,熨烫,立边,精裁,绑带,腰靠垫,花边,裁剪,车被,铅坠,防翘扣,韩褶
2026-10-03T00:39:11.966Z ⏭️ [F8E-01] 前置②：探针单该工序实例为**未定价**（NULL） — 探针单没有「logo条」的实例；实例=精裁-布,布三边,熨烫-布,定型-布,复烫-布,布帘车被,外帘打卷,打包,外帘装袋,外帘发货（登记为未覆盖）
2026-10-03T00:39:11.966Z 未找到可注入实例 ⇒ 跳过 F8 端到端判据
2026-10-03T00:40:25.934Z ✅ [F8X-00] 前置：工序库存在逻辑工序「定型-布」 — id=op-v91-20-21 库价=0.40 scope=position
2026-10-03T00:40:27.231Z ✅ [F8X-01] 前置②：显式 positions(unit_price=null) 实例化 ⇒ 实例价 = NULL（未定价） — 实例 - unit_price=NULL；HTTP 422
2026-10-03T00:40:27.436Z ❌ [F8X-02] 【F8 受控】一次普通保存不得新建任何价目行 — 新行=[["布帘","0.40"]]；保存后活跃行=[["布帘","0.40"],["通用","0.40"]]
2026-10-03T00:40:28.795Z ✅ [F8X-03] 【F8 受控·钱链】一次普通保存之后新建的实例单价**必须仍为未定价**（不得变成工序库价） — 保存前 X=NULL → 保存后 Y=NULL；工序库价=0.40；保存后活跃行=[["布帘","0.40"],["通用","0.40"]]
2026-10-03T00:40:28.798Z 受控实验(定型)：库价=0.40 X=NULL Y=NULL 新建价目行=[["布帘","0.40"]]
2026-10-03T00:40:28.798Z 工资影响=null
2026-10-03T00:40:28.798Z verdict=未复现：一次普通保存未改写取价来源（实例仍为未定价）
2026-10-03T00:40:28.798Z summary={"pass":3,"fail":1,"skip":0,"total":4}
2026-10-03T00:40:49.262Z ✅ [F8X-00] 前置：工序库存在逻辑工序「定型-布」 — id=op-v91-20-21 库价=0.40 scope=position
2026-10-03T00:40:51.103Z ✅ [F8X-01] 前置②：显式 positions(unit_price=null) 实例化 ⇒ 实例价 = NULL（未定价） — 实例 定型-布 unit_price=NULL；instantiate HTTP 200；实例行数 1
2026-10-03T00:40:51.299Z ✅ [F8X-02] 【F8 受控】一次普通保存不得新建任何价目行 — 新行=[]；保存后活跃行=[["布帘","0.40"],["通用","0.40"]]
2026-10-03T00:40:53.251Z ✅ [F8X-03] 【F8 受控·钱链】一次普通保存之后新建的实例单价**必须仍为未定价**（不得变成工序库价） — 保存前 X=NULL → 保存后 Y=NULL；instantiate HTTP 200；工序库价=0.40；保存后活跃行=[["布帘","0.40"],["通用","0.40"]]
2026-10-03T00:40:53.677Z ✅ [F8X-04] 【F8 受控·钱链】未定价工序的报工不得进入 per_operation 金额（必须只在 unpriced 块） — per_operation 命中=[]；unpriced={"qty":3,"operations":[{"operation":"定型-布","logical_name":"定型","qty":3}],"hint":"以下工序**未定价**（≠ ¥0.00，已从计件合计中排除）：请在「工艺配置 → 工艺路线」的部位价目矩阵中为对应「工序 × 部位」格填入单价（路径 /production/routings）；未定价期间工人可照常报工，但不会产生计件金额。"}；合计=0
2026-10-03T00:40:54.106Z 受控实验(定型)：库价=0.40 X=NULL Y=NULL 新建价目行=[]
2026-10-03T00:40:54.106Z 工资影响={"保存后实例单价":null,"保存后报工快照价":null,"保存后价态":"unpriced","保存后该工序计件金额":null,"保存后未定价数量":2}
2026-10-03T00:40:54.107Z verdict=未复现：一次普通保存未改写取价来源（实例仍为未定价）
2026-10-03T00:40:54.107Z summary={"pass":5,"fail":0,"skip":0,"total":5}
2026-10-03T00:41:25.675Z ❌ [F8Z-00] 前置：存在该逻辑工序的库行，且此刻**零活跃价目行**（未定价是唯一可解释的读数） — 库价=0.35；活跃行=[["通用","0.35"]]
2026-10-03T00:41:25.676Z 前置不成立，跳过（登记未覆盖）
2026-10-03T00:41:37.888Z ❌ [F8Z-00] 前置：存在一道**此刻零活跃价目行**的逻辑工序（未定价是唯一可解释的读数） — 选中「复烫」（库价 undefined）；候选 0 道；该工序活跃行=[["通用","0.35"]]
2026-10-03T00:41:37.888Z 前置不成立，跳过（登记未覆盖）
2026-10-03T00:41:52.933Z ✅ [F8Z-00] 前置：存在该逻辑工序的库行与活跃 `通用` 价目行（可造出「未定价」前置） — 选中「复烫」（库价 0.35，原通用价 0.35）；活跃行=[["通用","0.35"]]
2026-10-03T00:41:55.167Z ✅ [F8Z-01] 前置②：零活跃价目行下，实例价 = NULL（未定价） — X=NULL；instantiate HTTP 200
2026-10-03T00:41:57.094Z ❌ [F8Z-02] 读数 Y（有效价口径自证）：显式实例化必须取"有效价" 1.11 — Y=NULL；instantiate HTTP 200；活跃行=[["通用","1.11"]]
2026-10-03T00:41:57.281Z ❌ [F8Z-03] 【F8】一次普通保存**不得**新建任何活跃价目行 — 新行=[["布帘","0.35",0],["布帘","0.35",1],["帘头",null,1],["纱帘",null,1]]；活跃行=[["布帘","0.35"],["通用","1.11"]]
2026-10-03T00:41:59.084Z ❌ [F8Z-04] 【F8·钱链】一次普通保存后，实例价必须仍 = 有效价 1.11（不得变成工序库价 0.35） — 保存前 Y=NULL → 保存后 Z=NULL（工序库价=0.35）；活跃行=[["布帘","0.35"],["通用","1.11"]]
2026-10-03T00:41:59.623Z ❌ [F8Z-05] 【F8·工资侧】保存后新报工的单价快照必须 = 有效价 1.11，金额 = 3 × 1.11 — 快照价=- 价态=unpriced；计件明细=undefined（独立算式 3.33）；合计=0
2026-10-03T00:41:59.990Z 受控(复烫)：库价=0.35 有效价=1.11 X=NULL Y=NULL Z=NULL
2026-10-03T00:41:59.990Z 新报工快照=- 计件明细=null
2026-10-03T00:41:59.990Z verdict=**已复现 F8 的工资侧后果**：有效价 1.11 → 保存后实例价 NULL（工序库价 0.35）⇒ 一次无关保存静默改写计件单价
2026-10-03T00:41:59.990Z summary={"pass":2,"fail":4,"skip":0,"total":6}
2026-10-03T00:42:13.740Z ✅ [F8Z-00] 前置：存在该逻辑工序的库行与活跃 `通用` 价目行（可造出「未定价」前置） — 选中「复烫」（库价 0.35，原通用价 0.35）；活跃行=[["通用","0.35"]]
2026-10-03T00:42:15.734Z ❌ [F8Z-01] 基线读数 X：活跃 通用 行价 = 库价时，自然派工实例价 = 0.35 — X=0.40；generate HTTP 200；活跃行=[["通用",null]]
2026-10-03T00:42:17.806Z ❌ [F8Z-02] 读数 Y（有效价口径自证）：自然派工必须取"有效价" 1.11 — Y=0.40；generate HTTP 200；活跃行=[["通用","1.11"]]
2026-10-03T00:42:18.005Z ❌ [F8Z-03] 【F8】一次普通保存**不得**新建任何活跃价目行 — 新行=[["布帘","0.35",0]]；活跃行=[["布帘","0.35"],["通用","1.11"]]
2026-10-03T00:42:19.671Z ❌ [F8Z-04] 【F8·钱链】一次普通保存后，实例价必须仍 = 有效价 1.11（不得变成工序库价 0.35） — 保存前 Y=0.40 → 保存后 Z=0.40（工序库价=0.35）；活跃行=[["布帘","0.35"],["通用","1.11"]]
2026-10-03T00:42:20.210Z ❌ [F8Z-05] 【F8·工资侧】保存后新报工的单价快照必须 = 有效价 1.11，金额 = 3 × 1.11 — 快照价=0.40 价态=priced；计件明细={"amount":1.2,"operation":"精裁-布"}（独立算式 3.33）；合计=1.2
2026-10-03T00:42:20.587Z 受控(复烫)：库价=0.35 有效价=1.11 X=0.40 Y=0.40 Z=0.40
2026-10-03T00:42:20.587Z 新报工快照=0.40 计件明细={"amount":1.2,"operation":"精裁-布"}
2026-10-03T00:42:20.587Z verdict=**已复现 F8 的工资侧后果**：有效价 1.11 → 保存后实例价 0.40（工序库价 0.35）⇒ 一次无关保存静默改写计件单价
2026-10-03T00:42:20.587Z summary={"pass":1,"fail":5,"skip":0,"total":6}
2026-10-03T00:43:00.455Z ✅ [F8Z-00] 前置：存在该逻辑工序的库行与活跃 `通用` 价目行（可造出「未定价」前置） — 选中「复烫」（库价 0.35，原通用价 0.35）；活跃行=[["通用","0.35"]]
2026-10-03T00:43:02.597Z ❌ [F8Z-01] 基线读数 X：活跃 通用 行价 = 库价时，自然派工实例价 = 0.35 — X=NULL；generate HTTP 200；活跃行=[["通用",null]]
2026-10-03T00:43:04.750Z ✅ [F8Z-02] 读数 Y（有效价口径自证）：自然派工必须取"有效价" 1.11 — Y=1.11；generate HTTP 200；活跃行=[["通用","1.11"]]
2026-10-03T00:43:04.944Z ❌ [F8Z-03] 【F8】一次普通保存**不得**新建任何活跃价目行 — 新行=[["布帘","0.35",0]]；活跃行=[["布帘","0.35"],["通用","1.11"]]
2026-10-03T00:43:06.788Z ❌ [F8Z-04] 【F8·钱链】一次普通保存后，实例价必须仍 = 有效价 1.11（不得变成工序库价 0.35） — 保存前 Y=1.11 → 保存后 Z=0.35（工序库价=0.35）；活跃行=[["布帘","0.35"],["通用","1.11"]]
2026-10-03T00:43:07.363Z ❌ [F8Z-05] 【F8·工资侧】保存后新报工的单价快照必须 = 有效价 1.11，金额 = 3 × 1.11 — 快照价=0.35 价态=priced；计件明细={"amount":1.05,"operation":"复烫-布"}（独立算式 3.33）；合计=1.05
2026-10-03T00:43:07.730Z 受控(复烫)：库价=0.35 有效价=1.11 X=NULL Y=1.11 Z=0.35
2026-10-03T00:43:07.731Z 新报工快照=0.35 计件明细={"amount":1.05,"operation":"复烫-布"}
2026-10-03T00:43:07.731Z verdict=**已复现 F8 的工资侧后果**：有效价 1.11 → 保存后实例价 0.35（工序库价 0.35）⇒ 一次无关保存静默改写计件单价
2026-10-03T00:43:07.731Z summary={"pass":2,"fail":4,"skip":0,"total":6}
2026-10-03T00:43:36.528Z ❌ [P10-01] 探针存活残留 = 0（直连 RDS 计数） — 合计 11；明细={"probe_worklogs_by_worker":0,"probe_worklogs_by_po":0,"probe_audits":0,"probe_orders_alive":3,"probe_pos_alive":0,"probe_instances_alive":0,"probe_products_alive":4,"probe_categories_alive":4,"probe_routes_alive":0,"probe_position_rows":0,"probe_library_ops":0}
2026-10-03T00:43:36.529Z 零残留读数: {"probe_worklogs_by_worker":0,"probe_worklogs_by_po":0,"probe_audits":0,"probe_orders_alive":3,"probe_pos_alive":0,"probe_instances_alive":0,"probe_products_alive":4,"probe_categories_alive":4,"probe_routes_alive":0,"probe_position_rows":0,"probe_library_ops":0}
2026-10-03T00:43:36.529Z summary={"pass":0,"fail":1,"skip":0,"total":1}
2026-10-03T00:44:09.460Z ❌ [P10b-01] 探针存活残留 = 0（直连 RDS，10 个域） — 合计 11；{"probe_worklogs":0,"probe_audits":0,"probe_orders":3,"probe_pos":0,"probe_products":4,"probe_categories":4,"probe_routes":0,"probe_position_rows":0,"probe_library_ops":0,"probe_instances":0}
2026-10-03T00:44:09.462Z 零残留: {"probe_worklogs":0,"probe_audits":0,"probe_orders":3,"probe_pos":0,"probe_products":4,"probe_categories":4,"probe_routes":0,"probe_position_rows":0,"probe_library_ops":0,"probe_instances":0}
2026-10-03T00:44:09.462Z summary={"pass":0,"fail":1,"skip":0,"total":1}
2026-10-03T00:44:25.289Z ❌ [P10b-01] 探针存活残留 = 0（直连 RDS，10 个域） — 合计 11；{"probe_worklogs":0,"probe_audits":0,"probe_orders":3,"probe_pos":0,"probe_products":4,"probe_categories":4,"probe_routes":0,"probe_position_rows":0,"probe_library_ops":0,"probe_instances":0}
2026-10-03T00:44:25.293Z 零残留: {"probe_worklogs":0,"probe_audits":0,"probe_orders":3,"probe_pos":0,"probe_products":4,"probe_categories":4,"probe_routes":0,"probe_position_rows":0,"probe_library_ops":0,"probe_instances":0}
2026-10-03T00:44:25.294Z summary={"pass":0,"fail":1,"skip":0,"total":1}
2026-10-03T00:44:40.808Z ✅ [P10c-01] 探针存活残留 = 0（直连 RDS，8 个域，按前缀兜底） — 合计 0；{"probe_worklogs":0,"probe_orders_alive":0,"probe_products_alive":0,"probe_categories_alive":0,"probe_routes_alive":0,"probe_position_rows":0,"probe_library_ops":0,"probe_processing_orders_alive":0}
2026-10-03T00:44:40.810Z zero-residue: {"probe_worklogs":0,"probe_orders_alive":0,"probe_products_alive":0,"probe_categories_alive":0,"probe_routes_alive":0,"probe_position_rows":0,"probe_library_ops":0,"probe_processing_orders_alive":0}
2026-10-03T00:44:40.810Z summary={"pass":1,"fail":0,"skip":0,"total":1}
2026-10-03T00:46:24.373Z ✅ [P10c-01] 探针存活残留 = 0（直连 RDS，8 个域，按前缀兜底） — 合计 0；{"probe_worklogs":0,"probe_orders_alive":0,"probe_products_alive":0,"probe_categories_alive":0,"probe_routes_alive":0,"probe_position_rows":0,"probe_library_ops":0,"probe_processing_orders_alive":0}
2026-10-03T00:46:24.375Z zero-residue: {"probe_worklogs":0,"probe_orders_alive":0,"probe_products_alive":0,"probe_categories_alive":0,"probe_routes_alive":0,"probe_position_rows":0,"probe_library_ops":0,"probe_processing_orders_alive":0}
2026-10-03T00:46:24.375Z summary={"pass":1,"fail":0,"skip":0,"total":1}
2026-10-03T00:49:28.381Z ✅ [F8Z-00] 前置：存在该逻辑工序的库行与活跃 `通用` 价目行（可造出「未定价」前置） — 选中「复烫」（库价 0.35，原通用价 0.35）；活跃行=[["通用","0.35"]]
2026-10-03T00:49:30.771Z ❌ [F8Z-01] 基线读数 X：活跃 通用 行价 = 库价时，自然派工实例价 = 0.35 — X=NULL；generate HTTP 200；活跃行=[["通用",null]]
2026-10-03T00:49:32.970Z ✅ [F8Z-02] 读数 Y（有效价口径自证）：自然派工必须取"有效价" 1.11 — Y=1.11；generate HTTP 200；活跃行=[["通用","1.11"]]
2026-10-03T00:49:33.189Z ❌ [F8Z-03] 【F8】一次普通保存**不得**新建任何活跃价目行 — 新行=[["布帘","1.11",0]]；活跃行=[["布帘","1.11"],["通用","1.11"]]
2026-10-03T00:49:35.378Z ✅ [F8Z-04] 【F8·钱链】一次普通保存后，实例价必须仍 = 有效价 1.11（不得变成工序库价 0.35） — 保存前 Y=1.11 → 保存后 Z=1.11（工序库价=0.35）；活跃行=[["布帘","1.11"],["通用","1.11"]]
2026-10-03T00:49:36.149Z ✅ [F8Z-05] 【F8·工资侧】保存后新报工的单价快照必须 = 有效价 1.11，金额 = 3 × 1.11 — 快照价=1.11 价态=priced；计件明细={"amount":3.33,"operation":"复烫-布"}（独立算式 3.33）；合计=3.33
2026-10-03T00:49:36.546Z 受控(复烫)：库价=0.35 有效价=1.11 X=NULL Y=1.11 Z=1.11
2026-10-03T00:49:36.546Z 新报工快照=1.11 计件明细={"amount":3.33,"operation":"复烫-布"}
2026-10-03T00:49:36.546Z verdict=未复现（保存后实例价仍取有效价）
2026-10-03T00:49:36.546Z summary={"pass":4,"fail":2,"skip":0,"total":6}
