2026-10-03 21:40:44 +08 构建点: worktree=/Users/guangzhen.zk/migao-wt/main-live sha=d1c09d02f subj=chore(ci): flaky 台账追加（run 37096947254） (#6183)
2026-10-03 21:40:44 +08 构建点: origin/main=d877f19ef pid=99086 进程启动=六 10月/ 3 13:09:45 2026
2026-10-03 21:40:44 +08 构建点: 测量开始=2026-10-03 21:40:44 +08 / UTC=2026-10-03T05:40:44.606Z
2026-10-03 21:40:44 +08 登录 OK: tenantId=undefined user=?
2026-10-03 21:40:45 +08 商品列表: HTTP 200 total=35 items=5
2026-10-03 21:40:48 +08 端点存在性探针: {"POST /api/admin/products/batch/on-shelf":{"status":200,"code":null,"msg":""},"POST /api/admin/products/batch/off-shelf":{"status":200,"code":null,"msg":""},"POST /api/admin/products/batch/delete":{"status":200,"code":null,"msg":""},"GET /api/admin/products/export":{"status":200,"code":null,"msg":""},"DELETE /api/admin/production/operations/l200000000000000000000/detach-and-delete":{"status":404,"code":null,"msg":""}}
2026-10-03 21:40:48 +08 stock_ledger_entries(t20) = 385
2026-10-03 13:42:29 +08 A 段开始 2026-10-03 13:42:29 +08 (UTC 2026-10-03T05:42:29.314Z)
2026-10-03 13:42:29 +08 [PASS] [A1.1] 正常导入：HTTP 200 + 逐行报告 total==success+fail+blank — 期望 200 且 total=2 == success(2)+fail(0)+blank(0) == 实测 HTTP 200 total=2 success=2 fail=0 blank=0
2026-10-03 13:42:29 +08 [PASS] [A1.2] 正常导入：DB 落库读数（1 商品 + 2 SKU 行） — 期望 products(L2-IMP-A-MURYTHAB-MURYTHAB) = 1 且 product_skus = 2 == 实测 products = 1 且 product_skus = 2
2026-10-03 13:42:29 +08 [PASS] [A1.3] 导入的租户归属 = 当前租户（tenant_id 核对） — 期望 tenant_id = 20 == 实测 tenant_id = 20
2026-10-03 13:42:30 +08 [PASS] [A2.1] 部分坏行：逐行报告（每条带 行号 + 货号 + 可行动原因） — 期望 failCount = 4（3 类错各带行号），每题 errors[] 有 row/skuCode/message 非空 == 实测 failCount=4 errors=[{"row":2,"skuCode":"L2-IMP-B-MURYTHAB-MURYTHAB","message":"商品名称不能为空"},{"row":3,"skuCode":"L2-IMP-B-MURYTHAB-MURYTHAB","message":"第 3 行的价格不是数字：「abc」—— 请填数字后重试"},{"row":5,"skuCode":"L2-IMP-B-MURYTHAB-MURYTHAB","message":"第 5 行的「颜色 + 门幅」组合重复：货号 L2-IMP-B-MURYTHAB-MURYTHAB 的 米白/2.8m 在同一文件里已出现过 —— 同一组合只能出现一次，否则后一行会**静默覆盖**前一行的库存"},{"row":6,"skuCode":"L2-IMP-B-MURYTHAB-MURYTHAB","message":"第 6 行与第 4 行的「描述」不一致（线②验收描述 vs 空）—— 同一货号 L2-IMP-B-MURYTHAB-MURYTHAB 只能有一份商品级信息（价格等涉钱字段不取「最后一行为准」）"}]
2026-10-03 13:42:30 +08 [PASS] [A2.2] 部分坏行：失败行不落库 + 成功行落库（DB 逐行判定） — 期望 导入前 products(L2-IMP-B-MURYTHAB-MURYTHAB)=0 → 导入后 =1 且 SKU 行 =1（坏行零副作用，好行落库） == 实测 before=0 after=1 skuRows=1
2026-10-03 13:42:30 +08 [PASS] [A2.3] 坏行的「失败原因」不含 0 条错却成功（报告与 DB 一致） — 期望 successCount(1) + failCount(4) + blank(0) = total(5) 且 DB 新增商品数 == 成功组数 1 == 实测 total=5 success=1 fail=4 blank=0
2026-10-03 13:42:31 +08 [PASS] [A3.1] 幂等：同一文件连导两次 ⇒ 商品数不翻倍 — 期望 第1次后 products=1，第2次后仍 products=1（未翻倍） == 实测 after1=1 after2=1
2026-10-03 13:42:31 +08 [PASS] [A3.2] 幂等：SKU 数不翻倍 + 商品主键不变（旧 skuId 不断链） — 期望 SKU 行 after1 = 2 → after2 = 2；product.id 两次相同 == 实测 skus after1=2 after2=2; productId=1ba2f42248e5371d345be37b52fd0e2f
2026-10-03 13:42:31 +08 [PASS] [A3.3] 幂等：第2次报告应报 updated 而非 created（不静默建重复） — 期望 第2次 createdProducts=0 且 updatedProducts=1 == 实测 created=0 updated=1
2026-10-03 13:42:32 +08 [PASS] [A4.1] 空文件 ⇒ 4xx（非 200）+ 零落库 — 期望 HTTP ∈ 4xx/5xx 且无新增商品 == 实测 HTTP 422，body={"success":false,"error":{"code":"VALIDATION_ERROR","message":"解析Excel文件失败: The supplied file was empty (zero bytes long)"},"requestId":"req_436904aa0ee7497e","timestamp":1791006151,"suggestion":"请检查必
2026-10-03 13:42:32 +08 [PASS] [A4.2] 表头缺失/缺必填列 ⇒ 4xx 且零副作用（DB 核对） — 期望 noHeader HTTP>=400 且 missingCol HTTP>=400 且 两个货号均零落库 == 实测 noHeader=422 missingCol=422 落库货号=[]
2026-10-03 13:42:32 +08 [FAIL] [A4.3] 非 Excel 内容（伪装 .xlsx / .csv 扩展名）⇒ 明确拒绝、零副作用 — 期望 两者均 >= 400 ≠ 实测 伪 xlsx=422 csv扩展名=200
2026-10-03 13:42:32 +08 [PASS] [A4.4] 超大文件（>5MB，实测 2531762 字节）⇒ 不得 5xx 崩溃；结果如实（4xx 或逐行报告） — 期望 HTTP ≠ 5xx；若 200 则 total==success+fail+blank 且 DB 无脏行 == 实测 HTTP 200 body={"success":true,"data":{"total":120000,"successCount":0,"failCount":0,"blankRows":120000,"createdProducts":0,"updatedProducts":0,"errors":[]},"requestId":"req_1b2172dada124132","timestamp":1791006152}
2026-10-03 13:42:36 +08 [FAIL] [A5.1] 导出非空（正对照：真有数据才谈口径） — 期望 响应体 > 1KB 且 数据行 > 0 ≠ 实测 5500 字节，数据行 0
2026-10-03 13:42:36 +08 [FAIL] [A5.2] 导出行数 == 同筛选条件下列表 total（口径一致） — 期望 导出行数(0) == 列表 total(38) ≠ 实测 导出行数=0 列表 total=38
2026-10-03 13:42:36 +08 [FAIL] [A5.3] 导出表头逐字 == EXPORT_HEADERS（7 列） — 期望 ["商品名称","货号","分类","价格","库存","状态","描述"] ≠ 实测 []
2026-10-03 13:42:36 +08 [FAIL] [A5.4] 金额/库存精度逐字核对（DB 原文 vs 导出 cell） — 期望 价格 cell = 77.50，库存 cell = 11.0（商品 L2-IMP-C-MURYTHAB-MURYTHAB） ≠ 实测 该商品不在导出结果里
2026-10-03 13:42:36 +08 [PASS] [A5.5] 导出不含其他租户数据（按货号反查他租户命中数） — 期望 他租户命中 = 0 == 实测 他租户命中 = 0 []
2026-10-03 13:42:36 +08 [FAIL] [A5.6] 空结果导出：非畸形（不是 0 字节却报成功）+ 行数=0 — 期望 HTTP 200 且 字节数 > 0 且 数据行 = 0 且 表头齐 7 列（列表 total=0） ≠ 实测 HTTP 200 字节=3549 行=0 表头=[]
2026-10-03 13:42:36 +08 [FAIL] [A6.1] 导入模板表头 == IMPORT_HEADERS（模板与解析同源） — 期望 ["商品名称","货号","分类ID","价格","库存","描述","颜色","门幅","SKU编码"] ≠ 实测 []
2026-10-03 13:42:36 +08 A 段结束，摘要 {"pass":13,"fail":7,"skip":0,"total":20}
2026-10-03 13:42:44 +08 B/C 段开始 2026-10-03 13:42:44 +08
2026-10-03 13:42:45 +08 建探针商品: 98b6e3b6560c24ab553bc201a8afef85/2871f9c727f93cf1423ed8bb378408bb/8c62a46588890f3c6f2cd9bc7da62bcf (HTTP 200/200/200)
2026-10-03 13:42:46 +08 [FAIL] [B1.1] batch/on-shelf 全成功：DB 逐行核对 status 由 draft → on_sale — 期望 3/3 行 status=on_sale，success=3 failed=0 ≠ 实测 {"98b6e3b6560c24ab553bc201a8afef85":"draft","2871f9c727f93cf1423ed8bb378408bb":"draft","8c62a46588890f3c6f2cd9bc7da62bcf":"draft"} success=0 failed=3
2026-10-03 13:42:47 +08 [FAIL] [B1.2] 同 payload 连发 batch 两次：结果集合不漂移（第二次全失败=已上架，且零新增/零改坏） — 期望 第二次 failed=3 success=0，且 3 行仍全为 on_sale（DB 逐行） ≠ 实测 success=0 failed=3 状态={"98b6e3b6560c24ab553bc201a8afef85":"draft","2871f9c727f93cf1423ed8bb378408bb":"draft","8c62a46588890f3c6f2cd9bc7da62bcf":"draft"}
2026-10-03 13:42:47 +08 [FAIL] [B1.3] batch/off-shelf 全成功：DB 逐行 on_sale → off_sale — 期望 3/3 行 status=off_sale ≠ 实测 {"98b6e3b6560c24ab553bc201a8afef85":"draft","2871f9c727f93cf1423ed8bb378408bb":"draft","8c62a46588890f3c6f2cd9bc7da62bcf":"draft"} success=0
2026-10-03 13:42:49 +08 [PASS] [B2.1] 部分失败：如实报告失败项（不存在的 id + 他租户 id 各进 errors[]） — 期望 failed = 2（ghost + 他租户）且 errors[] 覆盖这两个 id == 实测 success=2 failed=2 errors=[{"id":"l2ghost24a4dc6c17ac201f580a","message":"商品不存在"},{"id":"caa4b914ff80bb3fdac746929a421560","message":"商品不存在"}]
2026-10-03 13:42:49 +08 [PASS] [B2.2] 部分失败：合法的 2 个 id 真删了（原子的边界 = 逐项报告，非整包回滚） — 期望 products(07e9d5dc92305bbcc116453771ccbcc8) 与 products(5d69a34cd7dd65255674b513ea58e5d7) 均 deleted=1（或行已不存在） == 实测 p4={"id":"07e9d5dc92305bbcc116453771ccbcc8","tenant_id":20,"status":"draft","deleted":1} p5={"id":"5d69a34cd7dd65255674b513ea58e5d7","tenant_id":20,"status":"draft","deleted":1}
2026-10-03 13:42:49 +08 [PASS] [B2.3] 他租户 id 零写（跨租户删除被拒） — 期望 租户 21 的商品 caa4b914ff80bb3fdac746929a421560 在调用后 deleted=0 且行仍在 == 实测 {"id":"caa4b914ff80bb3fdac746929a421560","tenant_id":21,"status":"on_sale","deleted":0}
2026-10-03 13:42:49 +08 [FAIL] [B3.0] 正对照：探针商品确实有 SKU 子行（闭包判据才有意义） — 期望 product_skus(product_id=901dd9a87e24a134ce06d485b6367466) ≥ 1 ≠ 实测 子行数 = 0
2026-10-03 13:42:50 +08 [FAIL] [B3.1] batch/delete 依赖闭包：删除后逐表扫引用列 ⇒ 无孤儿 — 期望 9 张引用表对 product_id 的命中数全为 0 ≠ 实测 孤儿: {"product_colors":1}（product_skus 删除前有 0 行）
2026-10-03 13:42:50 +08 建探针工序: 7a84bdbdf81c39b0fc4d74bfe1923352 (HTTP 200) {"success":true,"data":{"id":"7a84bdbdf81c39b0fc4d74bfe1923352","name":"线②验收工序170802","library_name":"线②验收工序170802","group":"线②验收组","position":"线②验收部位","scope":"position","unit":"米","unit_price":12.5,
2026-10-03 13:42:51 +08 [PASS] [C1.0] 正对照：探针工序已落库（面非空） — 期望 7a84bdbdf81c39b0fc4d74bfe1923352 在 production_operations 且 deleted=0 == 实测 {"id":"7a84bdbdf81c39b0fc4d74bfe1923352","name":"线②验收工序170802","deleted":0,"tenant_id":20}
2026-10-03 13:42:51 +08 [PASS] [C1.1] 跨租户 id ⇒ 404 且零写 — 期望 HTTP 404；他租户工序 deleted 与 updated_at 不变 == 实测 HTTP 404 body={"success":false,"error":{"code":"NOT_FOUND","message":"工序不存在"},"requestId":"req_a7291c16d5d3424d","timestamp":1791006171,"suggestion":"请检查 ID 是否正确。如果使用了商品名称，请先用 product_search 查出 UUID 后重试"}；他租户行={"id":"op-v79-1-02","deleted":0,"tenant_id":1,"updated_at":"2026-09-20T10:46:47.855574+08:00"}
2026-10-03 13:42:52 +08 [PASS] [C1.2] 一键删除成功 ⇒ 工序软删 + 矩阵格级联（detached/deleted_positions 如实报数） — 期望 HTTP 200；operation.deleted=1；格 applicable=false（detached_positions≥1）或格被软删（deleted=1） == 实测 HTTP 200 body={"success":true,"data":{"id":"7a84bdbdf81c39b0fc4d74bfe1923352","deleted":true,"detached_positions":2,"deleted_positions":2},"requestId":"req_407b8dc4326c4910","timestamp":1791006172}；格 after={"id":"l2posc0cc55e9e45cec7cb907","tenant_id":20,"logical_name":"线②验收工序170802","position":"线②验收部位","unit_price":null,"applicable":false,"status":"active","created_at":"2026-10-03T13:42:51.402608+08:00","updated_at":"2026-10-03T13:42:51.933795+08:00","deleted":1}
2026-10-03 13:42:52 +08 [FAIL] [C1.3] 删除后依赖闭包：逐表扫悬空引用（活跃引用数必须为 0） — 期望 5 个 (表,列) 组合的活跃命中数全为 0，且无活跃路线主线含该工序名 ≠ 实测 dangling={"production_operation_positions.operation_id":"ERR Error: Command failed: psql -h pgm-bp1p7w92k81ob5to-pub.pg.rds.aliyuncs.com -p 5","production_operation_price_versions.operation_id":1,"production_operation_position_price_versions.operation_id":"ERR Error: Command failed: psql -h pgm-bp1p7w92k81ob5to-pub.pg.rds.aliyuncs.com -p 5","production_route_rules.operation":0,"production_route_rules.after_operation":0} routeRefs=[]
2026-10-03 13:42:53 +08 [FAIL] [C1.4] 二次调用幂等：不得 500（Service 注释：已软删 ⇒ 200 no-op） — 期望 HTTP 200 且 deleted 仍为 1 ≠ 实测 HTTP 404 body={"success":false,"error":{"code":"NOT_FOUND","message":"工序不存在"},"requestId":"req_c6d2a994526549c1","timestamp":1791006172,"suggestion":"请检查 ID 是否正确。如果使用了商品名称，请先用 product_search 查出 UUID 后重试"}；deleted=1
2026-10-03 13:42:53 +08 [PASS] [C1.5] 护栏①活跃路线主线：必须拦（422）且零写（工序未删、一格未摘） — 期望 HTTP 422 + error.details 非空 + 工序 deleted=0 == 实测 HTTP 422 body={"success":false,"error":{"code":"VALIDATION_ERROR","message":"删除工序未通过校验（1 条问题）","details":[{"field":"routing","message":"工序「线②验收护栏工序173064」还在活跃路线「线②验收路线」的主线里 —— 先改主线（把它从该路线去掉），再删它"}]},"requestId":"req_5f0203fe87b946b2","timestamp":1791006173,"suggestion":"按每条理由处理：先改主线 / 先删改那条规则 / 先在对应部位设为不做"}；工序 deleted=0
2026-10-03 13:42:57 +08 B/C 段结束，摘要 {"pass":7,"fail":7,"skip":0,"total":14}
2026-10-03 13:44:58 +08 B/C 段开始 2026-10-03 13:44:58 +08
2026-10-03 13:44:59 +08 建探针商品: e8d1262428e954d235c5621657539ec1/c8f2ea7e659ba1f99ead57ff2af09703/30801d55cd8425a4fa965fe0cd06388f (HTTP 200/200/200)
2026-10-03 13:45:00 +08 [FAIL] [B1.1] batch/on-shelf 全成功：DB 逐行核对 status 由 draft → on_sale — 期望 3/3 行 status=on_sale，success=3 failed=0 ≠ 实测 {"e8d1262428e954d235c5621657539ec1":"draft","c8f2ea7e659ba1f99ead57ff2af09703":"draft","30801d55cd8425a4fa965fe0cd06388f":"draft"} success=0 failed=3
2026-10-03 13:45:00 +08 [FAIL] [B1.2] 同 payload 连发 batch 两次：结果集合不漂移（第二次全失败=已上架，且零新增/零改坏） — 期望 第二次 failed=3 success=0，且 3 行仍全为 on_sale（DB 逐行） ≠ 实测 success=0 failed=3 状态={"e8d1262428e954d235c5621657539ec1":"draft","c8f2ea7e659ba1f99ead57ff2af09703":"draft","30801d55cd8425a4fa965fe0cd06388f":"draft"}
2026-10-03 13:45:01 +08 [FAIL] [B1.4] 正对照：off_sale → batch/on-shelf 真的能成功（draft 走不通的旁证） — 期望 3/3 status=on_sale（第二跳），说明端点不是坏的、只是**准入集合 ≠ 语义集合** ≠ 实测 off_shelf: {"e8d1262428e954d235c5621657539ec1":"draft","c8f2ea7e659ba1f99ead57ff2af09703":"draft","30801d55cd8425a4fa965fe0cd06388f":"draft"} → on_shelf: {"e8d1262428e954d235c5621657539ec1":"draft","c8f2ea7e659ba1f99ead57ff2af09703":"draft","30801d55cd8425a4fa965fe0cd06388f":"draft"}（on_shelf 响应 success=0）
2026-10-03 13:45:02 +08 [PASS] [B2.1] 部分失败：如实报告失败项（不存在的 id + 他租户 id 各进 errors[]） — 期望 failed = 2（ghost + 他租户）且 errors[] 覆盖这两个 id == 实测 success=2 failed=2 errors=[{"id":"l2ghosta9cac2fc8fc32d68b6f3","message":"商品不存在"},{"id":"caa4b914ff80bb3fdac746929a421560","message":"商品不存在"}]
2026-10-03 13:45:02 +08 [PASS] [B2.2] 部分失败：合法的 2 个 id 真删了（原子的边界 = 逐项报告，非整包回滚） — 期望 products(520762b7ae7cb4597e347581d10a0d24) 与 products(8e66f4ec055842e9ebee2263c0296cb6) 均 deleted=1（或行已不存在） == 实测 p4={"id":"520762b7ae7cb4597e347581d10a0d24","tenant_id":20,"status":"draft","deleted":1} p5={"id":"8e66f4ec055842e9ebee2263c0296cb6","tenant_id":20,"status":"draft","deleted":1}
2026-10-03 13:45:02 +08 [PASS] [B2.3] 他租户 id 零写（跨租户删除被拒） — 期望 租户 21 的商品 caa4b914ff80bb3fdac746929a421560 在调用后 deleted=0 且行仍在 == 实测 {"id":"caa4b914ff80bb3fdac746929a421560","tenant_id":21,"status":"on_sale","deleted":0}
2026-10-03 13:45:03 +08 [PASS] [B3.0] 正对照：探针商品确实有 SKU 子行（闭包判据才有意义） — 期望 product_skus(product_id=3a9c3845b9c40330f3b7d6bfdde9bd6a) ≥ 1 == 实测 子行数 = 1
2026-10-03 13:45:04 +08 [FAIL] [B3.1] batch/delete 依赖闭包：删除后逐表扫引用列 ⇒ 无孤儿 — 期望 9 张引用表对 product_id 的命中数全为 0 ≠ 实测 孤儿: {"product_skus":1,"product_colors":1,"stock_ledger_entries":1}（product_skus 删除前有 1 行）
2026-10-03 13:45:04 +08 建探针工序: 331f3457923f581fb0dc8ed006a9c7ec (HTTP 200) {"success":true,"data":{"id":"331f3457923f581fb0dc8ed006a9c7ec","name":"线②验收工序304548","library_name":"线②验收工序304548","group":"线②验收组","position":"线②验收部位","scope":"position","unit":"米","unit_price":12.5,
2026-10-03 13:45:04 +08 [PASS] [C1.0] 正对照：探针工序已落库（面非空） — 期望 331f3457923f581fb0dc8ed006a9c7ec 在 production_operations 且 deleted=0 == 实测 {"id":"331f3457923f581fb0dc8ed006a9c7ec","name":"线②验收工序304548","deleted":0,"tenant_id":20}
2026-10-03 13:45:05 +08 [PASS] [C1.1] 跨租户 id ⇒ 404 且零写 — 期望 HTTP 404；他租户工序 deleted 与 updated_at 不变 == 实测 HTTP 404 body={"success":false,"error":{"code":"NOT_FOUND","message":"工序不存在"},"requestId":"req_3dabe56a56e34af5","timestamp":1791006305,"suggestion":"请检查 ID 是否正确。如果使用了商品名称，请先用 product_search 查出 UUID 后重试"}；他租户行={"id":"op-v79-1-02","deleted":0,"tenant_id":1,"updated_at":"2026-09-20T10:46:47.855574+08:00"}
2026-10-03 13:45:06 +08 [PASS] [C1.2] 一键删除成功 ⇒ 工序软删 + 矩阵格级联（detached/deleted_positions 如实报数） — 期望 HTTP 200；operation.deleted=1；格 applicable=false（detached_positions≥1）或格被软删（deleted=1） == 实测 HTTP 200 body={"success":true,"data":{"id":"331f3457923f581fb0dc8ed006a9c7ec","deleted":true,"detached_positions":2,"deleted_positions":2},"requestId":"req_b42abe2c15e34ffc","timestamp":1791006306}；格 after={"id":"l2pos9664ce4ff47f1f317515","tenant_id":20,"logical_name":"线②验收工序304548","position":"线②验收部位","unit_price":null,"applicable":false,"status":"active","created_at":"2026-10-03T13:45:05.148231+08:00","updated_at":"2026-10-03T13:45:05.677806+08:00","deleted":1}
2026-10-03 13:45:07 +08 [FAIL] [C1.3] 删除后依赖闭包：活跃引用数必须为 0（矩阵格/路线规则/主线）+ 价目账读面不得再暴露 — 期望 4 个 (表,列) 组合的活跃命中数全为 0；无活跃路线主线含它；operations-catalog 不含它 ≠ 实测 dangling={"production_operation_positions.logical_name":0,"production_operation_price_versions.operation_id":"ERR ERROR:  column \"status\" does not exist","production_route_rules.operation":0,"production_route_rules.after_operation":0} routeRefs=[] catalog含它=false 价目账行=[{"id":"82a216fd7da3438d095ddc62e4c56756","operation_id":"331f3457923f581fb0dc8ed006a9c7ec","unit_price":12.5,"deleted":0}]
2026-10-03 13:45:07 +08 [PASS] [C1.4] 二次调用幂等：**不得 500**（404 或 200-no-op 都可接受，崩溃不可接受） — 期望 HTTP ∈ {200,404}（均非 5xx）且 deleted 仍为 1 == 实测 HTTP 404 body={"success":false,"error":{"code":"NOT_FOUND","message":"工序不存在"},"requestId":"req_1559b649cc1a4c64","timestamp":1791006307,"suggestion":"请检查 ID 是否正确。如果使用了商品名称，请先用 product_search 查出 UUID 后重试"}；deleted=1
2026-10-03 13:45:07 +08 B/C 段结束，摘要 {"pass":8,"fail":5,"skip":0,"total":13}
2026-10-03 13:46:01 +08 B/C 段开始 2026-10-03 13:46:01 +08
2026-10-03 13:46:02 +08 建探针商品(draft): 00dd3d3b2bf13caa649acead953772ec/61558a2de213f906440608a8bbf3af6c/f3d1420cf9d4ce606849e95d1ae4b3b9 (HTTP 200/200/200)
2026-10-03 13:46:03 +08 [PASS] [B1.1] 负例：draft 批量上架 ⇒ 如实拒绝 + DB 零状态变更（不是「静默成功」） — 期望 success=0 failed=3；errors[] 每条含「不允许上架」；3 行 status 仍为 draft == 实测 success=0 failed=3 errors=[{"id":"00dd3d3b2bf13caa649acead953772ec","message":"当前状态[草稿]不允许上架"},{"id":"61558a2de213f906440608a8bbf3af6c","message":"当前状态[草稿]不允许上架"},{"id":"f3d1420cf9d4ce606849e95d1ae4b3b9","message":"当前状态[草稿]不允许上架"}] 状态={"00dd3d3b2bf13caa649acead953772ec":"draft","61558a2de213f906440608a8bbf3af6c":"draft","f3d1420cf9d4ce606849e95d1ae4b3b9":"draft"}
2026-10-03 13:46:03 +08 [PASS] [B1.2] 同 payload 连发 batch 两次：结果集合不漂移（零漂移 = 幂等） — 期望 第二次 failed/success 与第一次相同（0/3）且 DB 状态逐行不变 == 实测 第2次 success=0 failed=3；状态={"00dd3d3b2bf13caa649acead953772ec":"draft","61558a2de213f906440608a8bbf3af6c":"draft","f3d1420cf9d4ce606849e95d1ae4b3b9":"draft"}
2026-10-03 13:46:04 +08 [FAIL] [B1.3] 正对照前置：create 端点接受 status=off_sale（面非空，否则后续判据是空断言） — 期望 2 行 status=off_sale ≠ 实测 {}（HTTP 422/422）
2026-10-03 13:46:04 +08 [FAIL] [B1.4] 正对照：off_sale → batch/on-shelf ⇒ 2/2 成功且 DB 落 on_sale（端点不是坏的） — 期望 success=2 failed=0；2 行 status=on_sale ≠ 实测 success=0 failed=2 状态={}
2026-10-03 13:46:04 +08 [FAIL] [B1.5] batch/off-shelf 正路径：DB 逐行 on_sale → off_sale — 期望 success=2；2 行 status=off_sale ≠ 实测 success=0 状态={}
2026-10-03 13:46:06 +08 [PASS] [B2.1] 部分失败：如实报告失败项（不存在的 id + 他租户 id 各进 errors[]） — 期望 failed = 2（ghost + 他租户）且 errors[] 覆盖这两个 id == 实测 success=2 failed=2 errors=[{"id":"l2ghost60ab2e26cbe34adf529f","message":"商品不存在"},{"id":"caa4b914ff80bb3fdac746929a421560","message":"商品不存在"}]
2026-10-03 13:46:06 +08 [PASS] [B2.2] 部分失败：合法的 2 个 id 真删了（原子的边界 = 逐项报告，非整包回滚） — 期望 products(6d9160b04bf2361768b314e1d11c2e52) 与 products(12e5cc08cec6642b780ae57f24be2aaf) 均 deleted=1（或行已不存在） == 实测 p4={"id":"6d9160b04bf2361768b314e1d11c2e52","tenant_id":20,"status":"draft","deleted":1} p5={"id":"12e5cc08cec6642b780ae57f24be2aaf","tenant_id":20,"status":"draft","deleted":1}
2026-10-03 13:46:06 +08 [PASS] [B2.3] 他租户 id 零写（跨租户删除被拒） — 期望 租户 21 的商品 caa4b914ff80bb3fdac746929a421560 在调用后 deleted=0 且行仍在 == 实测 {"id":"caa4b914ff80bb3fdac746929a421560","tenant_id":21,"status":"on_sale","deleted":0}
2026-10-03 13:46:06 +08 [PASS] [B3.0] 正对照：探针商品确实有 SKU 子行（闭包判据才有意义） — 期望 product_skus(product_id=33874ca8969491708bd3286e58bcbfd6) ≥ 1 == 实测 子行数 = 1
2026-10-03 13:46:08 +08 [FAIL] [B3.1] batch/delete 依赖闭包：删除后逐表扫引用列 ⇒ 无孤儿 — 期望 9 张引用表对 product_id 的命中数全为 0 ≠ 实测 孤儿: {"product_skus":1,"product_colors":1,"stock_ledger_entries":1}（product_skus 删除前有 1 行）
2026-10-03 13:46:08 +08 建探针工序: f240e3d4d280175fe733f76a0f011b05 (HTTP 200) {"success":true,"data":{"id":"f240e3d4d280175fe733f76a0f011b05","name":"线②验收工序368065","library_name":"线②验收工序368065","group":"线②验收组","position":"线②验收部位","scope":"position","unit":"米","unit_price":12.5,
2026-10-03 13:46:08 +08 [PASS] [C1.0] 正对照：探针工序已落库（面非空） — 期望 f240e3d4d280175fe733f76a0f011b05 在 production_operations 且 deleted=0 == 实测 {"id":"f240e3d4d280175fe733f76a0f011b05","name":"线②验收工序368065","deleted":0,"tenant_id":20}
2026-10-03 13:46:08 +08 [PASS] [C1.1] 跨租户 id ⇒ 404 且零写 — 期望 HTTP 404；他租户工序 deleted 与 updated_at 不变 == 实测 HTTP 404 body={"success":false,"error":{"code":"NOT_FOUND","message":"工序不存在"},"requestId":"req_2df5a47568334431","timestamp":1791006368,"suggestion":"请检查 ID 是否正确。如果使用了商品名称，请先用 product_search 查出 UUID 后重试"}；他租户行={"id":"op-v79-1-02","deleted":0,"tenant_id":1,"updated_at":"2026-09-20T10:46:47.855574+08:00"}
2026-10-03 13:46:09 +08 [PASS] [C1.2] 一键删除成功 ⇒ 工序软删 + 矩阵格级联（detached/deleted_positions 如实报数） — 期望 HTTP 200；operation.deleted=1；格 applicable=false（detached_positions≥1）或格被软删（deleted=1） == 实测 HTTP 200 body={"success":true,"data":{"id":"f240e3d4d280175fe733f76a0f011b05","deleted":true,"detached_positions":2,"deleted_positions":2},"requestId":"req_f86e3eb9f4754e33","timestamp":1791006369}；格 after={"id":"l2pos484d0cd167f976648d2d","tenant_id":20,"logical_name":"线②验收工序368065","position":"线②验收部位","unit_price":null,"applicable":false,"status":"active","created_at":"2026-10-03T13:46:08.624105+08:00","updated_at":"2026-10-03T13:46:09.20564+08:00","deleted":1}
2026-10-03 13:46:10 +08 [PASS] [C1.3] 删除后依赖闭包：活跃引用数必须为 0（矩阵格/路线规则/主线）+ 价目账读面不得再暴露 — 期望 4 个 (表,列) 组合的活跃命中数全为 0；无活跃路线主线含它；operations-catalog 不含它 == 实测 dangling={"production_operation_positions.logical_name":0,"production_operation_price_versions.operation_id":0,"production_route_rules.operation":0,"production_route_rules.after_operation":0} routeRefs=[] catalog含它=false 价目账行=[{"id":"137ef4e8763b7d1de63f1ebbb69d53ec","operation_id":"f240e3d4d280175fe733f76a0f011b05","unit_price":12.5,"deleted":0}]
2026-10-03 13:46:10 +08 [PASS] [C1.4] 二次调用幂等：**不得 500**（404 或 200-no-op 都可接受，崩溃不可接受） — 期望 HTTP ∈ {200,404}（均非 5xx）且 deleted 仍为 1 == 实测 HTTP 404 body={"success":false,"error":{"code":"NOT_FOUND","message":"工序不存在"},"requestId":"req_3eb13d3547a74517","timestamp":1791006370,"suggestion":"请检查 ID 是否正确。如果使用了商品名称，请先用 product_search 查出 UUID 后重试"}；deleted=1
2026-10-03 13:46:11 +08 清理失败（需人工核）: Command failed: psql -h pgm-bp1p7w92k81ob5to-pub.pg.rds.aliyuncs.com -p 5432 -U migao_admin -d ai_customer_service -t -A -v ON_ERROR_STOP=1 -c -- probe-ok
delete from products where tenant_id=20 and name like '线②验收%';
ERROR:  update or delete on table "products" violates foreign key constraint "stock_ledger_entries_product_id_fkey" on table "stock_ledger_entries"
描述:  Key (id)=(00dd3d3b2bf13caa649acead953772ec) is still referenced from table "stock_ledger_entries".

2026-10-03 13:46:11 +08 B/C 段结束，摘要 {"pass":11,"fail":4,"skip":0,"total":15}
2026-10-03 13:46:57 +08 B/C 段开始 2026-10-03 13:46:57 +08
2026-10-03 13:46:58 +08 建探针商品(draft): e8ec9c370df03c6625bcb1f096fc9f43/d33d92a135021eb53ed7cb6139fdc72f/6add039aefe9b96164e5780f04235bb1 (HTTP 200/200/200)
2026-10-03 13:47:00 +08 [PASS] [B1.1] 负例：draft 批量上架 ⇒ 如实拒绝 + DB 零状态变更（不是「静默成功」） — 期望 success=0 failed=3；errors[] 每条含「不允许上架」；3 行 status 仍为 draft == 实测 success=0 failed=3 errors=[{"id":"e8ec9c370df03c6625bcb1f096fc9f43","message":"当前状态[草稿]不允许上架"},{"id":"d33d92a135021eb53ed7cb6139fdc72f","message":"当前状态[草稿]不允许上架"},{"id":"6add039aefe9b96164e5780f04235bb1","message":"当前状态[草稿]不允许上架"}] 状态={"e8ec9c370df03c6625bcb1f096fc9f43":"draft","d33d92a135021eb53ed7cb6139fdc72f":"draft","6add039aefe9b96164e5780f04235bb1":"draft"}
2026-10-03 13:47:01 +08 [PASS] [B1.2] 同 payload 连发 batch 两次：结果集合不漂移（零漂移 = 幂等） — 期望 第二次 failed/success 与第一次相同（0/3）且 DB 状态逐行不变 == 实测 第2次 success=0 failed=3；状态={"e8ec9c370df03c6625bcb1f096fc9f43":"draft","d33d92a135021eb53ed7cb6139fdc72f":"draft","6add039aefe9b96164e5780f04235bb1":"draft"}
2026-10-03 13:47:02 +08 [PASS] [B1.3] 正对照前置：draft →(PUT /{id}/status) on_sale 成功（状态机路径可达，面非空） — 期望 2 行 status=on_sale（HTTP 200/200） == 实测 {"c25efcd3d5d225ed1fdedf5c0a365bae":"on_sale","bebc095bf19ae7ce485cd89310ad63a6":"on_sale"}（HTTP 200/200）
2026-10-03 13:47:02 +08 [PASS] [B1.4] 正对照：batch/off-shelf 真能成功（2/2，DB 落 off_sale） — 期望 success=2 failed=0；2 行 status=off_sale == 实测 success=2 failed=0 状态={"c25efcd3d5d225ed1fdedf5c0a365bae":"off_sale","bebc095bf19ae7ce485cd89310ad63a6":"off_sale"}
2026-10-03 13:47:02 +08 [PASS] [B1.5] 正对照：off_sale → batch/on-shelf 真能成功 ⇒ 证明 draft 被拒是**准入集合**而非端点故障 — 期望 success=2 failed=0；2 行 status=on_sale == 实测 success=2 failed=0 状态={"c25efcd3d5d225ed1fdedf5c0a365bae":"on_sale","bebc095bf19ae7ce485cd89310ad63a6":"on_sale"}
2026-10-03 13:47:04 +08 [PASS] [B2.1] 部分失败：如实报告失败项（不存在的 id + 他租户 id 各进 errors[]） — 期望 failed = 2（ghost + 他租户）且 errors[] 覆盖这两个 id == 实测 success=2 failed=2 errors=[{"id":"l2ghost18f2e2b883d78095aa0a","message":"商品不存在"},{"id":"caa4b914ff80bb3fdac746929a421560","message":"商品不存在"}]
2026-10-03 13:47:04 +08 [PASS] [B2.2] 部分失败：合法的 2 个 id 真删了（原子的边界 = 逐项报告，非整包回滚） — 期望 products(b13039beac904928da0a2770f0ca7e42) 与 products(e169bdf7f2444a758945e973064b8da2) 均 deleted=1（或行已不存在） == 实测 p4={"id":"b13039beac904928da0a2770f0ca7e42","tenant_id":20,"status":"draft","deleted":1} p5={"id":"e169bdf7f2444a758945e973064b8da2","tenant_id":20,"status":"draft","deleted":1}
2026-10-03 13:47:04 +08 [PASS] [B2.3] 他租户 id 零写（跨租户删除被拒） — 期望 租户 21 的商品 caa4b914ff80bb3fdac746929a421560 在调用后 deleted=0 且行仍在 == 实测 {"id":"caa4b914ff80bb3fdac746929a421560","tenant_id":21,"status":"on_sale","deleted":0}
2026-10-03 13:47:05 +08 [PASS] [B3.0] 正对照：探针商品确实有 SKU 子行（闭包判据才有意义） — 期望 product_skus(product_id=38848994853f4f5196bdc57dfefe48b9) ≥ 1 == 实测 子行数 = 1
2026-10-03 13:47:05 +08 [PASS] [B3.1] 软删语义：parent 行仍在（deleted=1）⇒ 子行不构成孤儿（判据纠正后的正确期望） — 期望 products(38848994853f4f5196bdc57dfefe48b9).deleted=1 且行仍存在；子行保留（审计/历史） == 实测 product={"id":"38848994853f4f5196bdc57dfefe48b9","tenant_id":20,"status":"draft","deleted":1} 子行={"skus":1,"colors":1,"ledger":1}
2026-10-03 13:47:07 +08 [FAIL] [B3.2] 真孤儿扫描：8 张引用表逐列找「parent 不存在」的行 ⇒ 必须为 0 — 期望 8 个 (表,列) 组合的真孤儿数全为 0（DB 有 8 条 FK 指向 products，属结构保证） ≠ 实测 真孤儿={"product_skus.product_id":0,"product_colors.product_id":0,"product_attributes.product_id":0,"stock_ledger_entries.product_id":0,"stock_batches.product_id":0,"stock_batch_consumptions.product_id":0,"inbound_order_items.product_id":0,"fabric_remnants.product_id":0}；指向 products 的 FK 数=8
2026-10-03 13:47:07 +08 建探针工序: bf58c22a4f4e75146569aa138070ab6d (HTTP 200) {"success":true,"data":{"id":"bf58c22a4f4e75146569aa138070ab6d","name":"线②验收工序427112","library_name":"线②验收工序427112","group":"线②验收组","position":"线②验收部位","scope":"position","unit":"米","unit_price":12.5,
2026-10-03 13:47:07 +08 [PASS] [C1.0] 正对照：探针工序已落库（面非空） — 期望 bf58c22a4f4e75146569aa138070ab6d 在 production_operations 且 deleted=0 == 实测 {"id":"bf58c22a4f4e75146569aa138070ab6d","name":"线②验收工序427112","deleted":0,"tenant_id":20}
2026-10-03 13:47:08 +08 [PASS] [C1.1] 跨租户 id ⇒ 404 且零写 — 期望 HTTP 404；他租户工序 deleted 与 updated_at 不变 == 实测 HTTP 404 body={"success":false,"error":{"code":"NOT_FOUND","message":"工序不存在"},"requestId":"req_ef4e2d567370482e","timestamp":1791006428,"suggestion":"请检查 ID 是否正确。如果使用了商品名称，请先用 product_search 查出 UUID 后重试"}；他租户行={"id":"op-v79-1-02","deleted":0,"tenant_id":1,"updated_at":"2026-09-20T10:46:47.855574+08:00"}
2026-10-03 13:47:08 +08 [PASS] [C1.2] 一键删除成功 ⇒ 工序软删 + 矩阵格级联（detached/deleted_positions 如实报数） — 期望 HTTP 200；operation.deleted=1；格 applicable=false（detached_positions≥1）或格被软删（deleted=1） == 实测 HTTP 200 body={"success":true,"data":{"id":"bf58c22a4f4e75146569aa138070ab6d","deleted":true,"detached_positions":2,"deleted_positions":2},"requestId":"req_f224dc52e712460a","timestamp":1791006428}；格 after={"id":"l2pos78eec1f0defa50fdfa94","tenant_id":20,"logical_name":"线②验收工序427112","position":"线②验收部位","unit_price":null,"applicable":false,"status":"active","created_at":"2026-10-03T13:47:07.766436+08:00","updated_at":"2026-10-03T13:47:08.348543+08:00","deleted":1}
2026-10-03 13:47:09 +08 [PASS] [C1.3] 删除后依赖闭包：活跃引用数必须为 0（矩阵格/路线规则/主线）+ 价目账读面不得再暴露 — 期望 4 个 (表,列) 组合的活跃命中数全为 0；无活跃路线主线含它；operations-catalog 不含它 == 实测 dangling={"production_operation_positions.logical_name":0,"production_operation_price_versions.operation_id":0,"production_route_rules.operation":0,"production_route_rules.after_operation":0} routeRefs=[] catalog含它=false 价目账行=[{"id":"d4df09110229c9d891350d4926c891d5","operation_id":"bf58c22a4f4e75146569aa138070ab6d","unit_price":12.5,"deleted":0}]
2026-10-03 13:47:09 +08 [PASS] [C1.4] 二次调用幂等：**不得 500**（404 或 200-no-op 都可接受，崩溃不可接受） — 期望 HTTP ∈ {200,404}（均非 5xx）且 deleted 仍为 1 == 实测 HTTP 404 body={"success":false,"error":{"code":"NOT_FOUND","message":"工序不存在"},"requestId":"req_55648ff1e3134fee","timestamp":1791006429,"suggestion":"请检查 ID 是否正确。如果使用了商品名称，请先用 product_search 查出 UUID 后重试"}；deleted=1
2026-10-03 13:47:11 +08 清理失败（需人工核）: Command failed: psql -h pgm-bp1p7w92k81ob5to-pub.pg.rds.aliyuncs.com -p 5432 -U migao_admin -d ai_customer_service -t -A -v ON_ERROR_STOP=1 -c -- probe-ok
delete from production_operation_positions where tenant_id=20 and (operation_id in (select id from production_operations where tenant_id=20 and (id like 'l2%' or name like '线②验收%')) or logical_name like '线②验收%');
ERROR:  column "operation_id" does not exist
第2行...ction_operation_positions where tenant_id=20 and (operation_...
                                                          ^

2026-10-03 13:47:11 +08 B/C 段结束，摘要 {"pass":15,"fail":1,"skip":0,"total":16}
2026-10-03 13:47:15 +08 B/C 段开始 2026-10-03 13:47:15 +08
2026-10-03 13:47:17 +08 建探针商品(draft): 6e8c6bc261c72646a48654fd9ae7442b/75f794547149d36f1b3a4369c5f202df/38d01477ef9ca3628f4a233b63226bc3 (HTTP 200/200/200)
2026-10-03 13:47:18 +08 [PASS] [B1.1] 负例：draft 批量上架 ⇒ 如实拒绝 + DB 零状态变更（不是「静默成功」） — 期望 success=0 failed=3；errors[] 每条含「不允许上架」；3 行 status 仍为 draft == 实测 success=0 failed=3 errors=[{"id":"6e8c6bc261c72646a48654fd9ae7442b","message":"当前状态[草稿]不允许上架"},{"id":"75f794547149d36f1b3a4369c5f202df","message":"当前状态[草稿]不允许上架"},{"id":"38d01477ef9ca3628f4a233b63226bc3","message":"当前状态[草稿]不允许上架"}] 状态={"6e8c6bc261c72646a48654fd9ae7442b":"draft","75f794547149d36f1b3a4369c5f202df":"draft","38d01477ef9ca3628f4a233b63226bc3":"draft"}
2026-10-03 13:47:18 +08 [PASS] [B1.2] 同 payload 连发 batch 两次：结果集合不漂移（零漂移 = 幂等） — 期望 第二次 failed/success 与第一次相同（0/3）且 DB 状态逐行不变 == 实测 第2次 success=0 failed=3；状态={"6e8c6bc261c72646a48654fd9ae7442b":"draft","75f794547149d36f1b3a4369c5f202df":"draft","38d01477ef9ca3628f4a233b63226bc3":"draft"}
2026-10-03 13:47:19 +08 [PASS] [B1.3] 正对照前置：draft →(PUT /{id}/status) on_sale 成功（状态机路径可达，面非空） — 期望 2 行 status=on_sale（HTTP 200/200） == 实测 {"b8d5131ed32c8d2292860c1d397b6b13":"on_sale","33f367e2af53e0f4708f0f8fa8a3d6d7":"on_sale"}（HTTP 200/200）
2026-10-03 13:47:20 +08 [PASS] [B1.4] 正对照：batch/off-shelf 真能成功（2/2，DB 落 off_sale） — 期望 success=2 failed=0；2 行 status=off_sale == 实测 success=2 failed=0 状态={"b8d5131ed32c8d2292860c1d397b6b13":"off_sale","33f367e2af53e0f4708f0f8fa8a3d6d7":"off_sale"}
2026-10-03 13:47:20 +08 [PASS] [B1.5] 正对照：off_sale → batch/on-shelf 真能成功 ⇒ 证明 draft 被拒是**准入集合**而非端点故障 — 期望 success=2 failed=0；2 行 status=on_sale == 实测 success=2 failed=0 状态={"b8d5131ed32c8d2292860c1d397b6b13":"on_sale","33f367e2af53e0f4708f0f8fa8a3d6d7":"on_sale"}
2026-10-03 13:47:22 +08 [PASS] [B2.1] 部分失败：如实报告失败项（不存在的 id + 他租户 id 各进 errors[]） — 期望 failed = 2（ghost + 他租户）且 errors[] 覆盖这两个 id == 实测 success=2 failed=2 errors=[{"id":"l2ghost7f9a0930eeb3400b2f58","message":"商品不存在"},{"id":"caa4b914ff80bb3fdac746929a421560","message":"商品不存在"}]
2026-10-03 13:47:22 +08 [PASS] [B2.2] 部分失败：合法的 2 个 id 真删了（原子的边界 = 逐项报告，非整包回滚） — 期望 products(6f6d70cbd619f8241e2c0ae7276cbf79) 与 products(3ce41be1ebdc95611f611dd9a3e16f2a) 均 deleted=1（或行已不存在） == 实测 p4={"id":"6f6d70cbd619f8241e2c0ae7276cbf79","tenant_id":20,"status":"draft","deleted":1} p5={"id":"3ce41be1ebdc95611f611dd9a3e16f2a","tenant_id":20,"status":"draft","deleted":1}
2026-10-03 13:47:22 +08 [PASS] [B2.3] 他租户 id 零写（跨租户删除被拒） — 期望 租户 21 的商品 caa4b914ff80bb3fdac746929a421560 在调用后 deleted=0 且行仍在 == 实测 {"id":"caa4b914ff80bb3fdac746929a421560","tenant_id":21,"status":"on_sale","deleted":0}
2026-10-03 13:47:22 +08 [PASS] [B3.0] 正对照：探针商品确实有 SKU 子行（闭包判据才有意义） — 期望 product_skus(product_id=62d6ccb8a6932421cff3a34450ecc94f) ≥ 1 == 实测 子行数 = 1
2026-10-03 13:47:23 +08 [PASS] [B3.1] 软删语义：parent 行仍在（deleted=1）⇒ 子行不构成孤儿（判据纠正后的正确期望） — 期望 products(62d6ccb8a6932421cff3a34450ecc94f).deleted=1 且行仍存在；子行保留（审计/历史） == 实测 product={"id":"62d6ccb8a6932421cff3a34450ecc94f","tenant_id":20,"status":"draft","deleted":1} 子行={"skus":1,"colors":1,"ledger":1}
2026-10-03 13:47:24 +08 [FAIL] [B3.2] 真孤儿扫描：8 张引用表逐列找「parent 不存在」的行 ⇒ 必须为 0 — 期望 8 个 (表,列) 组合的真孤儿数全为 0（DB 有 8 条 FK 指向 products，属结构保证） ≠ 实测 真孤儿={"product_skus.product_id":0,"product_colors.product_id":0,"product_attributes.product_id":0,"stock_ledger_entries.product_id":0,"stock_batches.product_id":0,"stock_batch_consumptions.product_id":0,"inbound_order_items.product_id":0,"fabric_remnants.product_id":0}；指向 products 的 FK 数=8
2026-10-03 13:47:24 +08 建探针工序: 5cb450b5615b00dd28f097a05407e401 (HTTP 200) {"success":true,"data":{"id":"5cb450b5615b00dd28f097a05407e401","name":"线②验收工序444865","library_name":"线②验收工序444865","group":"线②验收组","position":"线②验收部位","scope":"position","unit":"米","unit_price":12.5,
2026-10-03 13:47:25 +08 [PASS] [C1.0] 正对照：探针工序已落库（面非空） — 期望 5cb450b5615b00dd28f097a05407e401 在 production_operations 且 deleted=0 == 实测 {"id":"5cb450b5615b00dd28f097a05407e401","name":"线②验收工序444865","deleted":0,"tenant_id":20}
2026-10-03 13:47:25 +08 [PASS] [C1.1] 跨租户 id ⇒ 404 且零写 — 期望 HTTP 404；他租户工序 deleted 与 updated_at 不变 == 实测 HTTP 404 body={"success":false,"error":{"code":"NOT_FOUND","message":"工序不存在"},"requestId":"req_62810550fb2740b3","timestamp":1791006445,"suggestion":"请检查 ID 是否正确。如果使用了商品名称，请先用 product_search 查出 UUID 后重试"}；他租户行={"id":"op-v79-1-02","deleted":0,"tenant_id":1,"updated_at":"2026-09-20T10:46:47.855574+08:00"}
2026-10-03 13:47:26 +08 [PASS] [C1.2] 一键删除成功 ⇒ 工序软删 + 矩阵格级联（detached/deleted_positions 如实报数） — 期望 HTTP 200；operation.deleted=1；格 applicable=false（detached_positions≥1）或格被软删（deleted=1） == 实测 HTTP 200 body={"success":true,"data":{"id":"5cb450b5615b00dd28f097a05407e401","deleted":true,"detached_positions":2,"deleted_positions":2},"requestId":"req_5bfe04eb2f9c4c64","timestamp":1791006446}；格 after={"id":"l2pos491f7d8914357b9527ab","tenant_id":20,"logical_name":"线②验收工序444865","position":"线②验收部位","unit_price":null,"applicable":false,"status":"active","created_at":"2026-10-03T13:47:25.406147+08:00","updated_at":"2026-10-03T13:47:26.011531+08:00","deleted":1}
2026-10-03 13:47:27 +08 [PASS] [C1.3] 删除后依赖闭包：活跃引用数必须为 0（矩阵格/路线规则/主线）+ 价目账读面不得再暴露 — 期望 4 个 (表,列) 组合的活跃命中数全为 0；无活跃路线主线含它；operations-catalog 不含它 == 实测 dangling={"production_operation_positions.logical_name":0,"production_operation_price_versions.operation_id":0,"production_route_rules.operation":0,"production_route_rules.after_operation":0} routeRefs=[] catalog含它=false 价目账行=[{"id":"ee1bfdab46d3f7193c92de267da46abf","operation_id":"5cb450b5615b00dd28f097a05407e401","unit_price":12.5,"deleted":0}]
2026-10-03 13:47:27 +08 [PASS] [C1.4] 二次调用幂等：**不得 500**（404 或 200-no-op 都可接受，崩溃不可接受） — 期望 HTTP ∈ {200,404}（均非 5xx）且 deleted 仍为 1 == 实测 HTTP 404 body={"success":false,"error":{"code":"NOT_FOUND","message":"工序不存在"},"requestId":"req_e1fb1689ca484915","timestamp":1791006447,"suggestion":"请检查 ID 是否正确。如果使用了商品名称，请先用 product_search 查出 UUID 后重试"}；deleted=1
2026-10-03 13:47:28 +08 清理失败（需人工核）: Command failed: psql -h pgm-bp1p7w92k81ob5to-pub.pg.rds.aliyuncs.com -p 5432 -U migao_admin -d ai_customer_service -t -A -v ON_ERROR_STOP=1 -c -- probe-ok
delete from production_operation_positions where tenant_id=20 and (operation_id in (select id from production_operations where tenant_id=20 and (id like 'l2%' or name like '线②验收%')) or logical_name like '线②验收%');
ERROR:  column "operation_id" does not exist
第2行...ction_operation_positions where tenant_id=20 and (operation_...
                                                          ^

2026-10-03 13:47:28 +08 B/C 段结束，摘要 {"pass":15,"fail":1,"skip":0,"total":16}
2026-10-03 13:47:56 +08 B/C 段开始 2026-10-03 13:47:56 +08
2026-10-03 13:47:57 +08 建探针商品(draft): 958058c7c8b8f91995254d0c1d78a9ea/ab38befd0f6d6a56c179580c93a54469/d586a1b5bc68cfe07811efdd65aa6301 (HTTP 200/200/200)
2026-10-03 13:47:58 +08 [PASS] [B1.1] 负例：draft 批量上架 ⇒ 如实拒绝 + DB 零状态变更（不是「静默成功」） — 期望 success=0 failed=3；errors[] 每条含「不允许上架」；3 行 status 仍为 draft == 实测 success=0 failed=3 errors=[{"id":"958058c7c8b8f91995254d0c1d78a9ea","message":"当前状态[草稿]不允许上架"},{"id":"ab38befd0f6d6a56c179580c93a54469","message":"当前状态[草稿]不允许上架"},{"id":"d586a1b5bc68cfe07811efdd65aa6301","message":"当前状态[草稿]不允许上架"}] 状态={"958058c7c8b8f91995254d0c1d78a9ea":"draft","ab38befd0f6d6a56c179580c93a54469":"draft","d586a1b5bc68cfe07811efdd65aa6301":"draft"}
2026-10-03 13:47:59 +08 [PASS] [B1.2] 同 payload 连发 batch 两次：结果集合不漂移（零漂移 = 幂等） — 期望 第二次 failed/success 与第一次相同（0/3）且 DB 状态逐行不变 == 实测 第2次 success=0 failed=3；状态={"958058c7c8b8f91995254d0c1d78a9ea":"draft","ab38befd0f6d6a56c179580c93a54469":"draft","d586a1b5bc68cfe07811efdd65aa6301":"draft"}
2026-10-03 13:48:00 +08 [PASS] [B1.3] 正对照前置：draft →(PUT /{id}/status) on_sale 成功（状态机路径可达，面非空） — 期望 2 行 status=on_sale（HTTP 200/200） == 实测 {"9e49df05eb2063f87c3f416c06f2f3f4":"on_sale","3f36a49b52a079caacf259384f853aad":"on_sale"}（HTTP 200/200）
2026-10-03 13:48:00 +08 [PASS] [B1.4] 正对照：batch/off-shelf 真能成功（2/2，DB 落 off_sale） — 期望 success=2 failed=0；2 行 status=off_sale == 实测 success=2 failed=0 状态={"9e49df05eb2063f87c3f416c06f2f3f4":"off_sale","3f36a49b52a079caacf259384f853aad":"off_sale"}
2026-10-03 13:48:01 +08 [PASS] [B1.5] 正对照：off_sale → batch/on-shelf 真能成功 ⇒ 证明 draft 被拒是**准入集合**而非端点故障 — 期望 success=2 failed=0；2 行 status=on_sale == 实测 success=2 failed=0 状态={"9e49df05eb2063f87c3f416c06f2f3f4":"on_sale","3f36a49b52a079caacf259384f853aad":"on_sale"}
2026-10-03 13:48:03 +08 [PASS] [B2.1] 部分失败：如实报告失败项（不存在的 id + 他租户 id 各进 errors[]） — 期望 failed = 2（ghost + 他租户）且 errors[] 覆盖这两个 id == 实测 success=2 failed=2 errors=[{"id":"l2ghost8c88b54dcff71e3931c2","message":"商品不存在"},{"id":"caa4b914ff80bb3fdac746929a421560","message":"商品不存在"}]
2026-10-03 13:48:03 +08 [PASS] [B2.2] 部分失败：合法的 2 个 id 真删了（原子的边界 = 逐项报告，非整包回滚） — 期望 products(cbda1806c26ded4b0fb073c844b534f3) 与 products(2fb78eac6908831302468e7449fbb121) 均 deleted=1（或行已不存在） == 实测 p4={"id":"cbda1806c26ded4b0fb073c844b534f3","tenant_id":20,"status":"draft","deleted":1} p5={"id":"2fb78eac6908831302468e7449fbb121","tenant_id":20,"status":"draft","deleted":1}
2026-10-03 13:48:03 +08 [PASS] [B2.3] 他租户 id 零写（跨租户删除被拒） — 期望 租户 21 的商品 caa4b914ff80bb3fdac746929a421560 在调用后 deleted=0 且行仍在 == 实测 {"id":"caa4b914ff80bb3fdac746929a421560","tenant_id":21,"status":"on_sale","deleted":0}
2026-10-03 13:48:03 +08 [PASS] [B3.0] 正对照：探针商品确实有 SKU 子行（闭包判据才有意义） — 期望 product_skus(product_id=4d90fadf27602ff288710e503371abf4) ≥ 1 == 实测 子行数 = 1
2026-10-03 13:48:04 +08 [PASS] [B3.1] 软删语义：parent 行仍在（deleted=1）⇒ 子行不构成孤儿（判据纠正后的正确期望） — 期望 products(4d90fadf27602ff288710e503371abf4).deleted=1 且行仍存在；子行保留（审计/历史） == 实测 product={"id":"4d90fadf27602ff288710e503371abf4","tenant_id":20,"status":"draft","deleted":1} 子行={"skus":1,"colors":1,"ledger":1}
2026-10-03 13:48:05 +08 [PASS] [B3.2] 真孤儿扫描：8 张引用表逐列找「parent 不存在」的行 ⇒ 必须为 0 — 期望 8 个 (表,列) 组合的真孤儿数全为 0（DB 有 8 条 FK 指向 products，属结构保证） == 实测 真孤儿={"product_skus.product_id":0,"product_colors.product_id":0,"product_attributes.product_id":0,"stock_ledger_entries.product_id":0,"stock_batches.product_id":0,"stock_batch_consumptions.product_id":0,"inbound_order_items.product_id":0,"fabric_remnants.product_id":0}；指向 products 的 FK 数=8
2026-10-03 13:48:09 +08 [PASS] [B3.3] 软删后读面可达性：商品/SKU 不得再被单独读回（子行随之不可见） — 期望 GET /{id} 不返回该商品（404 或 success=false）；列表 keyword=L2-BATCH-MURZ0ON9 total=0；导出该货号 0 行 == 实测 GET=404/false 列表total=0 导出行=0；子行总数={"skus":1,"colors":1,"ledger":1}
2026-10-03 13:48:09 +08 建探针工序: 2025dff21a1b55e5325d7caee329d1b7 (HTTP 200) {"success":true,"data":{"id":"2025dff21a1b55e5325d7caee329d1b7","name":"线②验收工序489453","library_name":"线②验收工序489453","group":"线②验收组","position":"线②验收部位","scope":"position","unit":"米","unit_price":12.5,
2026-10-03 13:48:09 +08 [PASS] [C1.0] 正对照：探针工序已落库（面非空） — 期望 2025dff21a1b55e5325d7caee329d1b7 在 production_operations 且 deleted=0 == 实测 {"id":"2025dff21a1b55e5325d7caee329d1b7","name":"线②验收工序489453","deleted":0,"tenant_id":20}
2026-10-03 13:48:10 +08 [PASS] [C1.1] 跨租户 id ⇒ 404 且零写 — 期望 HTTP 404；他租户工序 deleted 与 updated_at 不变 == 实测 HTTP 404 body={"success":false,"error":{"code":"NOT_FOUND","message":"工序不存在"},"requestId":"req_2b791119f3f9457a","timestamp":1791006490,"suggestion":"请检查 ID 是否正确。如果使用了商品名称，请先用 product_search 查出 UUID 后重试"}；他租户行={"id":"op-v79-1-02","deleted":0,"tenant_id":1,"updated_at":"2026-09-20T10:46:47.855574+08:00"}
2026-10-03 13:48:10 +08 [PASS] [C1.2] 一键删除成功 ⇒ 工序软删 + 矩阵格级联（detached/deleted_positions 如实报数） — 期望 HTTP 200；operation.deleted=1；格 applicable=false（detached_positions≥1）或格被软删（deleted=1） == 实测 HTTP 200 body={"success":true,"data":{"id":"2025dff21a1b55e5325d7caee329d1b7","deleted":true,"detached_positions":2,"deleted_positions":2},"requestId":"req_162d3bd4a82b4d46","timestamp":1791006490}；格 after={"id":"l2posa61bbd7f2132502ac754","tenant_id":20,"logical_name":"线②验收工序489453","position":"线②验收部位","unit_price":null,"applicable":false,"status":"active","created_at":"2026-10-03T13:48:10.0802+08:00","updated_at":"2026-10-03T13:48:10.624835+08:00","deleted":1}
2026-10-03 13:48:11 +08 [PASS] [C1.3] 删除后依赖闭包：活跃引用数必须为 0（矩阵格/路线规则/主线）+ 价目账读面不得再暴露 — 期望 4 个 (表,列) 组合的活跃命中数全为 0；无活跃路线主线含它；operations-catalog 不含它 == 实测 dangling={"production_operation_positions.logical_name":0,"production_operation_price_versions.operation_id":0,"production_route_rules.operation":0,"production_route_rules.after_operation":0} routeRefs=[] catalog含它=false 价目账行=[{"id":"ade1b35dcfddb9697dfbc8025b760006","operation_id":"2025dff21a1b55e5325d7caee329d1b7","unit_price":12.5,"deleted":0}]
2026-10-03 13:48:12 +08 [PASS] [C1.4] 二次调用幂等：**不得 500**（404 或 200-no-op 都可接受，崩溃不可接受） — 期望 HTTP ∈ {200,404}（均非 5xx）且 deleted 仍为 1 == 实测 HTTP 404 body={"success":false,"error":{"code":"NOT_FOUND","message":"工序不存在"},"requestId":"req_35d000093fb04b79","timestamp":1791006491,"suggestion":"请检查 ID 是否正确。如果使用了商品名称，请先用 product_search 查出 UUID 后重试"}；deleted=1
2026-10-03 13:48:13 +08 B 段探针对象已清理
2026-10-03 13:48:13 +08 B/C 段结束，摘要 {"pass":17,"fail":0,"skip":0,"total":17}
2026-10-03 13:49:33 +08 A 段开始 2026-10-03 13:49:33 +08 (UTC 2026-10-03T05:49:33.769Z)
2026-10-03 13:49:33 +08 D 段开始 2026-10-03 13:49:33 +08 (UTC 2026-10-03T05:49:33.809Z)
2026-10-03 13:49:33 +08 本地 uploads 目录 = /Users/guangzhen.zk/ai native/migao/backend/admin-api/uploads，现有 152 个文件
2026-10-03 13:49:34 +08 [PASS] [D1.1] 成功路径 /files/upload：200 + 返回 URL + size 与源文件一致 — 期望 HTTP 200，data.url 非空，data.size=69 == 实测 HTTP 200 url=https://ai-customer-service-admin-dev.oss-cn-hangzhou.aliyuncs.com/images/2026/10/03/ca30cb6a859248d6af5a69b206f15e38.png size=69
2026-10-03 13:49:34 +08 [PASS] [D1.2] 成功路径：返回的 URL **可访问**且字节数与源文件一致 — 期望 URL GET 返回 200 且 字节数=69 == 实测 HTTP 200，字节数=69
2026-10-03 13:49:34 +08 [PASS] [D1.3] 兼容端点 /upload/image 正对照：200 + url — 期望 HTTP 200 且 data.url 非空 == 实测 HTTP 200 url=https://ai-customer-service-admin-dev.oss-cn-hangzhou.aliyuncs.com/images/2026/10/03/0375c1546a9540879759fe96e75b8923.png
2026-10-03 13:49:34 +08 [PASS] [D1.4] 批量端点 /files/upload-batch 与 /upload/images 正对照：各返回 N 条 url — 期望 upload-batch HTTP 200 且 2 条；upload/images HTTP 200 且 1 条 == 实测 upload-batch HTTP 200 条数=2；upload/images HTTP 200 条数=1
2026-10-03 13:49:34 +08 [PASS] [A1.1] 正常导入：HTTP 200 + 逐行报告 total==success+fail+blank — 期望 200 且 total=2 == success(2)+fail(0)+blank(0) == 实测 HTTP 200 total=2 success=2 fail=0 blank=0
2026-10-03 13:49:34 +08 [PASS] [A1.2] 正常导入：DB 落库读数（1 商品 + 2 SKU 行） — 期望 products(L2-IMP-A-MURZ2KSQ-MURZ2KSR) = 1 且 product_skus = 2 == 实测 products = 1 且 product_skus = 2
2026-10-03 13:49:34 +08 [PASS] [A1.3] 导入的租户归属 = 当前租户（tenant_id 核对） — 期望 tenant_id = 20 == 实测 tenant_id = 20
2026-10-03 13:49:35 +08 [PASS] [A2.1] 部分坏行：逐行报告（每条带 行号 + 货号 + 可行动原因） — 期望 failCount = 4（3 类错各带行号），每题 errors[] 有 row/skuCode/message 非空 == 实测 failCount=4 errors=[{"row":2,"skuCode":"L2-IMP-B-MURZ2KSQ-MURZ2KSR","message":"商品名称不能为空"},{"row":3,"skuCode":"L2-IMP-B-MURZ2KSQ-MURZ2KSR","message":"第 3 行的价格不是数字：「abc」—— 请填数字后重试"},{"row":5,"skuCode":"L2-IMP-B-MURZ2KSQ-MURZ2KSR","message":"第 5 行的「颜色 + 门幅」组合重复：货号 L2-IMP-B-MURZ2KSQ-MURZ2KSR 的 米白/2.8m 在同一文件里已出现过 —— 同一组合只能出现一次，否则后一行会**静默覆盖**前一行的库存"},{"row":6,"skuCode":"L2-IMP-B-MURZ2KSQ-MURZ2KSR","message":"第 6 行与第 4 行的「描述」不一致（线②验收描述 vs 空）—— 同一货号 L2-IMP-B-MURZ2KSQ-MURZ2KSR 只能有一份商品级信息（价格等涉钱字段不取「最后一行为准」）"}]
2026-10-03 13:49:35 +08 [PASS] [A2.2] 部分坏行：失败行不落库 + 成功行落库（DB 逐行判定） — 期望 导入前 products(L2-IMP-B-MURZ2KSQ-MURZ2KSR)=0 → 导入后 =1 且 SKU 行 =1（坏行零副作用，好行落库） == 实测 before=0 after=1 skuRows=1
2026-10-03 13:49:35 +08 [PASS] [A2.3] 坏行的「失败原因」不含 0 条错却成功（报告与 DB 一致） — 期望 successCount(1) + failCount(4) + blank(0) = total(5) 且 DB 新增商品数 == 成功组数 1 == 实测 total=5 success=1 fail=4 blank=0
2026-10-03 13:49:37 +08 [PASS] [A3.1] 幂等：同一文件连导两次 ⇒ 商品数不翻倍 — 期望 第1次后 products=1，第2次后仍 products=1（未翻倍） == 实测 after1=1 after2=1
2026-10-03 13:49:37 +08 [PASS] [A3.2] 幂等：SKU 数不翻倍 + 商品主键不变（旧 skuId 不断链） — 期望 SKU 行 after1 = 2 → after2 = 2；product.id 两次相同 == 实测 skus after1=2 after2=2; productId=1eb11bcd3bb5a75f94d58561b59cdfea
2026-10-03 13:49:37 +08 [PASS] [A3.3] 幂等：第2次报告应报 updated 而非 created（不静默建重复） — 期望 第2次 createdProducts=0 且 updatedProducts=1 == 实测 created=0 updated=1
2026-10-03 13:49:38 +08 [PASS] [D2.1] 空文件 ⇒ 明确拒绝（4xx） — 期望 HTTP 4xx == 实测 HTTP 422 body={"success":false,"error":{"code":"VALIDATION_ERROR","message":"请选择要上传的文件"},"requestId":"req_15bf794df0dd4ddb","timestamp":1791006574,"suggestion":"请检查必填字段是否完整，字
2026-10-03 13:49:38 +08 [PASS] [D2.2] 伪造扩展名 .exe ⇒ 明确拒绝（4xx） — 期望 HTTP 4xx == 实测 HTTP 422 body={"success":false,"error":{"code":"VALIDATION_ERROR","message":"不支持的文件类型，仅支持 JPG、JPEG、PNG、GIF、WebP、PDF、XLSX、DOCX 格式"},"requestId":"req_bdefa068950d4c8f","timesta
2026-10-03 13:49:38 +08 [PASS] [D2.3] 超限：6MB 的 .png（>5MB 图片上限）⇒ 明确拒绝 — 期望 HTTP 4xx == 实测 HTTP 422 bytes=6291525 body={"success":false,"error":{"code":"VALIDATION_ERROR","message":"文件大小不能超过 5MB"},"requestId":"req_7d37469bb163410b","timestamp":1791006574,"suggestion":"请检查必填字段是否完
2026-10-03 13:49:38 +08 [PASS] [D2.4] 非图片内容 + .png 扩展名（内容嗅探缺失？）⇒ 实测口径登记 — 期望 HTTP 200 表示**仅按扩展名**放行（无内容嗅探）；4xx 表示有内容校验 == 实测 HTTP 200 body={"success":true,"data":{"id":"5d861c93b77e4275990becf6a8c23c56","url":"https://ai-customer-service-admin-dev.oss-cn-hangzhou.aliyuncs.com/images/2026/10/03/9d04ede60b324a069386a0823816aeec.png","name"
2026-10-03 13:49:38 +08 [FAIL] [D2.5] 伪 Content-Type 绕过图片 5MB 上限（.png + application/pdf + 19MB） — 期望 4xx（不许用客户端自报的 Content-Type 放宽上限）或 200（登记为绕过） ≠ 实测 HTTP 200 bytes=19922953 body={"success":true,"data":{"id":"9a0964bec048454f8e9138de73cbdced","url":"https://ai-customer-service-admin-dev.oss-cn-hangzhou.aliyuncs.com/images/2026/10/03/12c391544ed4479c97d6e6a0
2026-10-03 13:49:38 +08 [PASS] [D3.1] 文件名穿越 ../../l2evil.png：不得写到 uploads 之外（存储名走 UUID） — 期望 落盘文件名不含 `..`；uploads 目录内无逃逸文件 == 实测 HTTP 200 返回 name=../../l2evil.png url=https://ai-customer-service-admin-dev.oss-cn-hangzhou.aliyuncs.com/images/2026/10/03/748fa54e86d34adcafd6ab8c63b3a5b0.png；逃逸文件=[]
2026-10-03 13:49:38 +08 [PASS] [D3.2] directory 参数穿越 ../../l2evil：存储实现必须拦住（本地实现 safeResolve / OSS 实现无校验） — 期望 HTTP 4xx（"非法文件路径"）或 200 但对象键不含 .. == 实测 HTTP 500 url=undefined body={"success":false,"error":{"code":"INTERNAL_ERROR","message":"服务器内部错误"},"requestId":"req_5af3dd4fb0e94265","timestamp":1791006578}
2026-10-03 13:49:38 +08 [PASS] [D4.1] 批量部分失败（第 2 个非法）：第 1 个是否已落库/落盘 —— 如实登记语义 — 期望 若 HTTP 4xx/5xx 但第 1 个已落盘 ⇒ 「无事务的逐文件循环」语义（登记）；若整体回滚 ⇒ 零残留 == 实测 HTTP 422 body={"success":false,"error":{"code":"VALIDATION_ERROR","message":"不支持的文件类型，仅支持 JPG、JPEG、PNG、GIF、WebP、PDF、XLSX、DOCX 格式"},"requestId":"req_20f6e3bfbe9642fd","timestamp":1791006578,"suggestion":"请检查必填字段是否完整，字段格式是否正确"}；新落盘文件=[]
2026-10-03 13:49:38 +08 [FAIL] [D5.1] 存储隔离：上传落点不得是公共根（本地落 uploads/{directory}/，远端落 {directory}/日期/uuid） — 期望 每个 URL 都含 directory 段（images/…），不是裸文件名 ≠ 实测 样本 URL: ["https://ai-customer-service-admin-dev.oss-cn-hangzhou.aliyuncs.com/images/2026/10/03/ca30cb6a859248d6af5a69b206f15e38.png","https://ai-customer-service-admin-dev.oss-cn-hangzhou.aliyuncs.com/images/2026/10/03/0375c1546a9540879759fe96e75b8923.png","https://ai-customer-service-admin-dev.oss-cn-hangzhou.aliyuncs.com/images/2026/10/03/6438c2aebb6141a48dc20599f7f47444.png","https://ai-customer-service-admin-dev.oss-cn-hangzhou.aliyuncs.com/images/2026/10/03/927f57b74b8c48cba046914303b4fd0c.png","https://ai-customer-service-admin-dev.oss-cn-hangzhou.aliyuncs.com/images/2026/10/03/dc6abcf4163044939e3899a3d8b0b375.png"]
2026-10-03 13:49:38 +08 D 段上传对象清理：delete 200=8 失败=0
2026-10-03 13:49:38 +08 D 段结束，摘要 {"pass":11,"fail":2,"skip":0,"total":13}
2026-10-03 13:49:38 +08 超大夹具实际字节数 = 9462328
2026-10-03 13:50:19 +08 [PASS] [A4.1] 空文件 ⇒ 4xx（非 200）+ 零落库 — 期望 HTTP ∈ 4xx/5xx 且无新增商品 == 实测 HTTP 422，body={"success":false,"error":{"code":"VALIDATION_ERROR","message":"解析Excel文件失败: The supplied file was empty (zero bytes long)"},"requestId":"req_8109347a6125497c","timestamp":1791006577,"suggestion":"请检查必
2026-10-03 13:50:19 +08 [PASS] [A4.2] 表头缺失/缺必填列 ⇒ 4xx 且零副作用（DB 核对） — 期望 noHeader HTTP>=400 且 missingCol HTTP>=400 且 两个货号均零落库 == 实测 noHeader=422 missingCol=422 落库货号=[]
2026-10-03 13:50:19 +08 [FAIL] [A4.3] 非 Excel 内容（伪装 .xlsx / .csv 扩展名）⇒ 明确拒绝、零副作用 — 期望 两者均 >= 400 ≠ 实测 伪 xlsx=422 csv扩展名=200
2026-10-03 13:50:19 +08 [PASS] [A4.4] 超大文件（>5MB，实测 9462328 字节）⇒ 不得 5xx 崩溃；结果如实（4xx 或逐行报告） — 期望 HTTP ≠ 5xx；若 200 则 total==success+fail+blank 且 DB 无脏行 == 实测 HTTP 200 body={"success":true,"data":{"total":4000,"successCount":364,"failCount":3636,"blankRows":0,"createdProducts":364,"updatedProducts":0,"errors":[{"row":89,"skuCode":"L2-BIG37-MURZ2ODK","message":"第 89 行与第 3
2026-10-03 13:50:50 +08 [PASS] [A5.1] 导出非空（正对照：真有数据才谈口径） — 期望 响应体 > 1KB 且 数据行 > 0 == 实测 16920 字节，数据行 402
2026-10-03 13:50:50 +08 [PASS] [A5.2] 导出行数 == 同筛选条件下列表 total（口径一致） — 期望 导出行数(402) == 列表 total(402) == 实测 导出行数=402 列表 total=402
2026-10-03 13:50:50 +08 [PASS] [A5.3] 导出表头逐字 == EXPORT_HEADERS（7 列） — 期望 ["商品名称","货号","分类","价格","库存","状态","描述"] == 实测 ["商品名称","货号","分类","价格","库存","状态","描述"]
2026-10-03 13:50:50 +08 [PASS] [A5.4] 金额/库存精度逐字核对（DB 原文 vs 导出 cell） — 期望 价格 cell = 1.00，库存 cell = 0.0（商品 L2-BIG49-MURZ2ODQ） == 实测 价格=1.0 库存=0.0
2026-10-03 13:50:50 +08 [PASS] [A5.5] 导出不含其他租户数据（按货号反查他租户命中数） — 期望 他租户命中 = 0 == 实测 他租户命中 = 0 []
2026-10-03 13:50:51 +08 [PASS] [A5.6] 空结果导出：非畸形（不是 0 字节却报成功）+ 行数=0 — 期望 HTTP 200 且 字节数 > 0 且 数据行 = 0 且 表头齐 7 列（列表 total=0） == 实测 HTTP 200 字节=3549 行=0 表头=["商品名称","货号","分类","价格","库存","状态","描述"]
2026-10-03 13:50:51 +08 [PASS] [A6.1] 导入模板表头 == IMPORT_HEADERS（模板与解析同源） — 期望 ["商品名称","货号","分类ID","价格","库存","描述","颜色","门幅","SKU编码"] == 实测 ["商品名称","货号","分类ID","价格","库存","描述","颜色","门幅","SKU编码"]
2026-10-03 13:50:51 +08 A 段结束，摘要 {"pass":19,"fail":1,"skip":0,"total":20}
2026-10-03 13:51:09 +08 E/F 段开始 2026-10-03 13:51:09 +08 (UTC 2026-10-03T05:51:09.829Z)
2026-10-03 13:51:09 +08 A 段开始 2026-10-03 13:51:09 +08 (UTC 2026-10-03T05:51:09.856Z)
2026-10-03 13:51:10 +08 [PASS] [A1.1] 正常导入：HTTP 200 + 逐行报告 total==success+fail+blank — 期望 200 且 total=2 == success(2)+fail(0)+blank(0) == 实测 HTTP 200 total=2 success=2 fail=0 blank=0
2026-10-03 13:51:10 +08 [PASS] [A1.2] 正常导入：DB 落库读数（1 商品 + 2 SKU 行） — 期望 products(L2-IMP-A-MURZ4MXU-MURZ4MXV) = 1 且 product_skus = 2 == 实测 products = 1 且 product_skus = 2
2026-10-03 13:51:10 +08 [PASS] [A1.3] 导入的租户归属 = 当前租户（tenant_id 核对） — 期望 tenant_id = 20 == 实测 tenant_id = 20
2026-10-03 13:51:11 +08 [PASS] [E1.0] 正对照：串行 1 次重复提交（同幂等键）⇒ 成功且落库 1 份 — 期望 HTTP 200 且 products(sku_code=l2-E1-DUP-RZ4MX2) = 1 == 实测 HTTP 200 落库=1
2026-10-03 13:51:11 +08 [FAIL] [E1.1] 并发 5 次同 payload 同 X-Client-Request-Id ⇒ 只应产生一份数据（不得 5 份） — 期望 落库份数 = 1（幂等键生效）；若为 6 ⇒ 幂等键未生效（登记项） ≠ 实测 落库=6（并发前=1）HTTP=[200,200,200,200,200]
2026-10-03 13:51:11 +08 [PASS] [A2.1] 部分坏行：逐行报告（每条带 行号 + 货号 + 可行动原因） — 期望 failCount = 4（3 类错各带行号），每题 errors[] 有 row/skuCode/message 非空 == 实测 failCount=4 errors=[{"row":2,"skuCode":"L2-IMP-B-MURZ4MXU-MURZ4MXV","message":"商品名称不能为空"},{"row":3,"skuCode":"L2-IMP-B-MURZ4MXU-MURZ4MXV","message":"第 3 行的价格不是数字：「abc」—— 请填数字后重试"},{"row":5,"skuCode":"L2-IMP-B-MURZ4MXU-MURZ4MXV","message":"第 5 行的「颜色 + 门幅」组合重复：货号 L2-IMP-B-MURZ4MXU-MURZ4MXV 的 米白/2.8m 在同一文件里已出现过 —— 同一组合只能出现一次，否则后一行会**静默覆盖**前一行的库存"},{"row":6,"skuCode":"L2-IMP-B-MURZ4MXU-MURZ4MXV","message":"第 6 行与第 4 行的「描述」不一致（线②验收描述 vs 空）—— 同一货号 L2-IMP-B-MURZ4MXU-MURZ4MXV 只能有一份商品级信息（价格等涉钱字段不取「最后一行为准」）"}]
2026-10-03 13:51:11 +08 [PASS] [A2.2] 部分坏行：失败行不落库 + 成功行落库（DB 逐行判定） — 期望 导入前 products(L2-IMP-B-MURZ4MXU-MURZ4MXV)=0 → 导入后 =1 且 SKU 行 =1（坏行零副作用，好行落库） == 实测 before=0 after=1 skuRows=1
2026-10-03 13:51:11 +08 [PASS] [A2.3] 坏行的「失败原因」不含 0 条错却成功（报告与 DB 一致） — 期望 successCount(1) + failCount(4) + blank(0) = total(5) 且 DB 新增商品数 == 成功组数 1 == 实测 total=5 success=1 fail=4 blank=0
2026-10-03 13:51:12 +08 [PASS] [A3.1] 幂等：同一文件连导两次 ⇒ 商品数不翻倍 — 期望 第1次后 products=1，第2次后仍 products=1（未翻倍） == 实测 after1=1 after2=1
2026-10-03 13:51:12 +08 [PASS] [A3.2] 幂等：SKU 数不翻倍 + 商品主键不变（旧 skuId 不断链） — 期望 SKU 行 after1 = 2 → after2 = 2；product.id 两次相同 == 实测 skus after1=2 after2=2; productId=ce64b2b66b8b9db6f7a4cb09fca930f6
2026-10-03 13:51:12 +08 [PASS] [A3.3] 幂等：第2次报告应报 updated 而非 created（不静默建重复） — 期望 第2次 createdProducts=0 且 updatedProducts=1 == 实测 created=0 updated=1
2026-10-03 13:51:13 +08 超大夹具实际字节数 = 9462328
2026-10-03 13:51:20 +08 E/F 段开始 2026-10-03 13:51:20 +08 (UTC 2026-10-03T05:51:20.088Z)
2026-10-03 13:51:21 +08 [PASS] [E1.0] 正对照：串行 1 次重复提交（同幂等键）⇒ 成功且落库 1 份 — 期望 HTTP 200 且 products(sku_code=l2-E1-DUP-RZ4UU5) = 1 == 实测 HTTP 200 落库=1
2026-10-03 13:51:21 +08 [FAIL] [E1.1] 并发 5 次同 payload 同 X-Client-Request-Id ⇒ 只应产生一份数据（不得 5 份） — 期望 落库份数 = 1（幂等键生效）；若为 6 ⇒ 幂等键未生效（登记项） ≠ 实测 落库=6（并发前=1）HTTP=[200,200,200,200,200]
2026-10-03 13:51:42 +08 E/F 段开始 2026-10-03 13:51:42 +08 (UTC 2026-10-03T05:51:42.529Z)
2026-10-03 13:51:43 +08 [PASS] [E1.0] 正对照：串行 1 次重复提交（同幂等键）⇒ 成功且落库 1 份 — 期望 HTTP 200 且 products(sku_code=l2-E1-DUP-RZ5C5F) = 1 == 实测 HTTP 200 落库=1
2026-10-03 13:51:43 +08 [FAIL] [E1.1] 并发 5 次同 payload 同 X-Client-Request-Id ⇒ 只应产生一份数据（不得 5 份） — 期望 落库份数 = 1（幂等键生效）；若为 6 ⇒ 幂等键未生效（登记项） ≠ 实测 落库=6（并发前=1）HTTP=[200,200,200,200,200]
2026-10-03 13:51:47 +08 [PASS] [E2.0] 正对照：库存写 7（合法）⇒ 200 且 DB 落 7（商品级与 SKU 级） — 期望 HTTP 200；products.stock=7 且 sku.stock=7 == 实测 HTTP 200；product=7.0 sku=[{"id":2106260892444225500,"s":"7.0"}]
2026-10-03 13:51:47 +08 [FAIL] [E2.1] 库存不得为负：写 -5 ⇒ 必须拒绝且 DB 零变更（超卖护栏） — 期望 HTTP 4xx 且 products.stock 仍为 7 ≠ 实测 HTTP 200 body={"success":true,"data":{"id":"e0ea2478e41f111ced92d708d2d01b09","name":"线②验收库存E2","basePrice":20.00,"description":"线②验收并发探针","images":[],"status":"draft","stock":-5.0,"stockWarning；product=-5.0
2026-10-03 13:51:47 +08 [FAIL] [E2.2] 并发写负库存 5 次 ⇒ 不得有任一次落库（仓库不得出现负库存） — 期望 5 次全 4xx；products.stock ≥ 0 ≠ 实测 HTTP=[200,200,200,200,200]；product=-1.0 sku=[{"id":2106260892444225500,"s":"-1.0"}]
2026-10-03 13:51:48 +08 [PASS] [A4.1] 空文件 ⇒ 4xx（非 200）+ 零落库 — 期望 HTTP ∈ 4xx/5xx 且无新增商品 == 实测 HTTP 422，body={"success":false,"error":{"code":"VALIDATION_ERROR","message":"解析Excel文件失败: The supplied file was empty (zero bytes long)"},"requestId":"req_8de46fd2dec0461a","timestamp":1791006672,"suggestion":"请检查必
2026-10-03 13:51:48 +08 [PASS] [A4.2] 表头缺失/缺必填列 ⇒ 4xx 且零副作用（DB 核对） — 期望 noHeader HTTP>=400 且 missingCol HTTP>=400 且 两个货号均零落库 == 实测 noHeader=422 missingCol=422 落库货号=[]
2026-10-03 13:51:48 +08 [PASS] [A4.3a] 伪 .xlsx（真内容是 CSV 文本）⇒ 明确拒绝 — 期望 HTTP >= 400 == 实测 伪 xlsx=422 body={"success":false,"error":{"code":"VALIDATION_ERROR","message":"解析Excel文件失败: Can't open workbook - unsupported file type: UNKNOWN"},"requestId":"req_73a30833ec5b
2026-10-03 13:51:48 +08 [PASS] [A4.3b] 口径登记：`.csv` 扩展名但内容是**合法 xlsx** ⇒ 200（按内容解析，忽略扩展名） — 期望 HTTP 200 表示「按内容而非扩展名解析」（产品**未声明**支持 CSV ⇒ 属未定义行为，登记而非判红） == 实测 HTTP 200 body={"success":true,"data":{"total":2,"successCount":2,"failCount":0,"blankRows":0,"createdProducts":0,"updatedProducts":1,"errors":[]},"requestId":"req_bd15116ec5104025","timestamp":1791006673}
2026-10-03 13:51:48 +08 [PASS] [A4.4] 超大文件（>5MB，实测 9462328 字节）⇒ 不得 5xx 崩溃；结果如实（4xx 或逐行报告） — 期望 HTTP ≠ 5xx；若 200 则 total==success+fail+blank 且 DB 无脏行 == 实测 HTTP 200 body={"success":true,"data":{"total":4000,"successCount":309,"failCount":3691,"blankRows":0,"createdProducts":309,"updatedProducts":0,"errors":[{"row":61,"skuCode":"L2-BIG9-MURZ4PIM","message":"第 61 行与第 11
2026-10-03 13:51:48 +08 [PASS] [E3.0] 正对照：活体商品的同类写（PUT status）真的成功 — 期望 HTTP 200 且 status=on_sale == 实测 HTTP 200 status=on_sale
2026-10-03 13:51:48 +08 [PASS] [E3.1] 终态（已软删）对象并发发起会改状态的写 ⇒ 全部拒绝且零写 — 期望 5 次全 4xx（404/422）；DB deleted 仍为 1 且 status 未被改成 on_sale == 实测 HTTP=[404,404,404,404,404]；DB={"id":"37f668b095a33d47f50f1cf205cc55a8","status":"draft","deleted":1}
2026-10-03 13:51:49 +08 [PASS] [E4.1] 并发 5 次 detach-and-delete 同一工序 ⇒ 恰好 1 次成功、其余拒绝，且终态 deleted=1（无半完成） — 期望 成功(200) 次数 = 1；其余 4xx；DB deleted=1 == 实测 HTTP=[422,200,422,422,422] 200 次数=1；DB={"id":"d78c899de278dc9928b446712a26c923","deleted":1}
2026-10-03 13:52:10 +08 F 段开始 2026-10-03 13:52:10 +08
2026-10-03 13:52:28 +08 [PASS] [A5.1] 导出非空（正对照：真有数据才谈口径） — 期望 响应体 > 1KB 且 数据行 > 0 == 实测 19465 字节，数据行 500
2026-10-03 13:52:28 +08 [FAIL] [A5.2] 导出行数 == 同筛选条件下列表 total（口径一致） — 期望 导出行数(500) == 列表 total(736) ≠ 实测 导出行数=500 列表 total=736
2026-10-03 13:52:28 +08 [PASS] [A5.3] 导出表头逐字 == EXPORT_HEADERS（7 列） — 期望 ["商品名称","货号","分类","价格","库存","状态","描述"] == 实测 ["商品名称","货号","分类","价格","库存","状态","描述"]
2026-10-03 13:52:29 +08 [PASS] [A5.4] 金额/库存精度逐字核对（DB 原文 vs 导出 cell） — 期望 价格 cell = 1.00，库存 cell = 0.0（商品 L2-BIG27-MURZ4PIR） == 实测 价格=1.0 库存=0.0
2026-10-03 13:52:29 +08 [PASS] [A5.5] 导出不含其他租户数据（按货号反查他租户命中数） — 期望 他租户命中 = 0 == 实测 他租户命中 = 0 []
2026-10-03 13:52:29 +08 [PASS] [A5.6] 空结果导出：非畸形（不是 0 字节却报成功）+ 行数=0 — 期望 HTTP 200 且 字节数 > 0 且 数据行 = 0 且 表头齐 7 列（列表 total=0） == 实测 HTTP 200 字节=3549 行=0 表头=["商品名称","货号","分类","价格","库存","状态","描述"]
2026-10-03 13:52:29 +08 [PASS] [A6.1] 导入模板表头 == IMPORT_HEADERS（模板与解析同源） — 期望 ["商品名称","货号","分类ID","价格","库存","描述","颜色","门幅","SKU编码"] == 实测 ["商品名称","货号","分类ID","价格","库存","描述","颜色","门幅","SKU编码"]
2026-10-03 13:52:29 +08 A 段结束，摘要 {"pass":20,"fail":1,"skip":0,"total":21}
2026-10-03 13:52:30 +08 D 段开始 2026-10-03 13:52:30 +08 (UTC 2026-10-03T05:52:30.017Z)
2026-10-03 13:52:30 +08 本地 uploads 目录 = /Users/guangzhen.zk/ai native/migao/backend/admin-api/uploads，现有 152 个文件
2026-10-03 13:52:30 +08 [PASS] [D1.1] 成功路径 /files/upload：200 + 返回 URL + size 与源文件一致 — 期望 HTTP 200，data.url 非空，data.size=69 == 实测 HTTP 200 url=https://ai-customer-service-admin-dev.oss-cn-hangzhou.aliyuncs.com/images/2026/10/03/f5d0dc2efc3f43c4a990643627820b80.png size=69
2026-10-03 13:52:30 +08 [PASS] [D1.2] 成功路径：返回的 URL **可访问**且字节数与源文件一致 — 期望 URL GET 返回 200 且 字节数=69 == 实测 HTTP 200，字节数=69
2026-10-03 13:52:30 +08 [PASS] [D1.3] 兼容端点 /upload/image 正对照：200 + url — 期望 HTTP 200 且 data.url 非空 == 实测 HTTP 200 url=https://ai-customer-service-admin-dev.oss-cn-hangzhou.aliyuncs.com/images/2026/10/03/129a72e9a70e408c8b60e262fc328f32.png
2026-10-03 13:52:30 +08 [PASS] [D1.4] 批量端点 /files/upload-batch 与 /upload/images 正对照：各返回 N 条 url — 期望 upload-batch HTTP 200 且 2 条；upload/images HTTP 200 且 1 条 == 实测 upload-batch HTTP 200 条数=2；upload/images HTTP 200 条数=1
2026-10-03 13:52:34 +08 [PASS] [D2.1] 空文件 ⇒ 明确拒绝（4xx） — 期望 HTTP 4xx == 实测 HTTP 422 body={"success":false,"error":{"code":"VALIDATION_ERROR","message":"请选择要上传的文件"},"requestId":"req_bbe093f2db1b408d","timestamp":1791006750,"suggestion":"请检查必填字段是否完整，字
2026-10-03 13:52:34 +08 [PASS] [D2.2] 伪造扩展名 .exe ⇒ 明确拒绝（4xx） — 期望 HTTP 4xx == 实测 HTTP 422 body={"success":false,"error":{"code":"VALIDATION_ERROR","message":"不支持的文件类型，仅支持 JPG、JPEG、PNG、GIF、WebP、PDF、XLSX、DOCX 格式"},"requestId":"req_81207c2e40f24017","timesta
2026-10-03 13:52:34 +08 [PASS] [D2.3] 超限：6MB 的 .png（>5MB 图片上限）⇒ 明确拒绝 — 期望 HTTP 4xx == 实测 HTTP 422 bytes=6291525 body={"success":false,"error":{"code":"VALIDATION_ERROR","message":"文件大小不能超过 5MB"},"requestId":"req_6aa8eb9fb5a74d0f","timestamp":1791006750,"suggestion":"请检查必填字段是否完
2026-10-03 13:52:34 +08 [PASS] [D2.4] 非图片内容 + .png 扩展名（内容嗅探缺失？）⇒ 实测口径登记 — 期望 HTTP 200 表示**仅按扩展名**放行（无内容嗅探）；4xx 表示有内容校验 == 实测 HTTP 200 body={"success":true,"data":{"id":"5cfd5418b0ba490b988a3b76a3dcc8c9","url":"https://ai-customer-service-admin-dev.oss-cn-hangzhou.aliyuncs.com/images/2026/10/03/27061944258f4c22839748f9ec22f8fb.png","name"
2026-10-03 13:52:34 +08 [FAIL] [D2.5] 伪 Content-Type 绕过图片 5MB 上限（.png + application/pdf + 19MB） — 期望 4xx（不许用客户端自报的 Content-Type 放宽上限）或 200（登记为绕过） ≠ 实测 HTTP 200 bytes=19922953 body={"success":true,"data":{"id":"72401d109ae2454b8d8d983cd0b35633","url":"https://ai-customer-service-admin-dev.oss-cn-hangzhou.aliyuncs.com/images/2026/10/03/239f97d6964e487082ce51ec
2026-10-03 13:52:34 +08 [PASS] [D3.1] 文件名穿越 ../../l2evil.png：不得写到 uploads 之外（存储名走 UUID） — 期望 落盘文件名不含 `..`；uploads 目录内无逃逸文件 == 实测 HTTP 200 返回 name=../../l2evil.png url=https://ai-customer-service-admin-dev.oss-cn-hangzhou.aliyuncs.com/images/2026/10/03/ffdbc1b93bfb4690aaf545b71680ba94.png；逃逸文件=[]
2026-10-03 13:52:34 +08 [FAIL] [D3.2] directory 参数穿越 ../../l2evil：存储实现必须拦住（本地实现 safeResolve / OSS 实现无校验） — 期望 HTTP 4xx（干净拒绝，本地实现是 422 "非法文件路径"） ≠ 实测 HTTP 500 url=undefined body={"success":false,"error":{"code":"INTERNAL_ERROR","message":"服务器内部错误"},"requestId":"req_a483c900935341e2","timestamp":1791006754}
2026-10-03 13:52:34 +08 [PASS] [D4.1] 批量部分失败（第 2 个非法）：第 1 个是否已落库/落盘 —— 如实登记语义 — 期望 若 HTTP 4xx/5xx 但第 1 个已落盘 ⇒ 「无事务的逐文件循环」语义（登记）；若整体回滚 ⇒ 零残留 == 实测 HTTP 422 body={"success":false,"error":{"code":"VALIDATION_ERROR","message":"不支持的文件类型，仅支持 JPG、JPEG、PNG、GIF、WebP、PDF、XLSX、DOCX 格式"},"requestId":"req_6f76ff40ac9e4f94","timestamp":1791006754,"suggestion":"请检查必填字段是否完整，字段格式是否正确"}；新落盘文件=[]
2026-10-03 13:52:34 +08 [PASS] [D5.1] 存储隔离：上传落点不得是公共根（本地落 uploads/{directory}/，远端落 {directory}/日期/uuid） — 期望 每个 URL 都含 directory 段（images/…），不是裸文件名 == 实测 样本 URL: ["https://ai-customer-service-admin-dev.oss-cn-hangzhou.aliyuncs.com/images/2026/10/03/f5d0dc2efc3f43c4a990643627820b80.png","https://ai-customer-service-admin-dev.oss-cn-hangzhou.aliyuncs.com/images/2026/10/03/129a72e9a70e408c8b60e262fc328f32.png","https://ai-customer-service-admin-dev.oss-cn-hangzhou.aliyuncs.com/images/2026/10/03/46df6e4e7fb14f2ea3c298f2fa649574.png","https://ai-customer-service-admin-dev.oss-cn-hangzhou.aliyuncs.com/images/2026/10/03/57911c67c6924faf9b5e4ab210009dcb.png","https://ai-customer-service-admin-dev.oss-cn-hangzhou.aliyuncs.com/images/2026/10/03/c88053524403425ab7c2289ae36f99e7.png"]
2026-10-03 13:52:35 +08 D 段上传对象清理：delete 200=8 失败=0
2026-10-03 13:52:35 +08 D 段结束，摘要 {"pass":11,"fail":2,"skip":0,"total":13}
2026-10-03 13:53:50 +08 构建点：当前 7e9f66ce5（pid 60585，启动 六 10月/ 3 13:44:16 2026）；切换点 2026-10-03 13:44:16 +08（前 d1c09d02f）
2026-10-03 13:53:50 +08 ▶ 运行 a1-import-export
2026-10-03 13:53:51 +08 A 段开始 2026-10-03 13:53:51 +08 (UTC 2026-10-03T05:53:51.275Z)
2026-10-03 13:53:51 +08 [PASS] [A1.1] 正常导入：HTTP 200 + 逐行报告 total==success+fail+blank — 期望 200 且 total=2 == success(2)+fail(0)+blank(0) == 实测 HTTP 200 total=2 success=2 fail=0 blank=0
2026-10-03 13:53:51 +08 [PASS] [A1.2] 正常导入：DB 落库读数（1 商品 + 2 SKU 行） — 期望 products(L2-IMP-A-MURZ83HT-MURZ83HT) = 1 且 product_skus = 2 == 实测 products = 1 且 product_skus = 2
2026-10-03 13:53:52 +08 [PASS] [A1.3] 导入的租户归属 = 当前租户（tenant_id 核对） — 期望 tenant_id = 20 == 实测 tenant_id = 20
2026-10-03 13:53:52 +08 [PASS] [A2.1] 部分坏行：逐行报告（每条带 行号 + 货号 + 可行动原因） — 期望 failCount = 4（3 类错各带行号），每题 errors[] 有 row/skuCode/message 非空 == 实测 failCount=4 errors=[{"row":2,"skuCode":"L2-IMP-B-MURZ83HT-MURZ83HT","message":"商品名称不能为空"},{"row":3,"skuCode":"L2-IMP-B-MURZ83HT-MURZ83HT","message":"第 3 行的价格不是数字：「abc」—— 请填数字后重试"},{"row":5,"skuCode":"L2-IMP-B-MURZ83HT-MURZ83HT","message":"第 5 行的「颜色 + 门幅」组合重复：货号 L2-IMP-B-MURZ83HT-MURZ83HT 的 米白/2.8m 在同一文件里已出现过 —— 同一组合只能出现一次，否则后一行会**静默覆盖**前一行的库存"},{"row":6,"skuCode":"L2-IMP-B-MURZ83HT-MURZ83HT","message":"第 6 行与第 4 行的「描述」不一致（线②验收描述 vs 空）—— 同一货号 L2-IMP-B-MURZ83HT-MURZ83HT 只能有一份商品级信息（价格等涉钱字段不取「最后一行为准」）"}]
2026-10-03 13:53:52 +08 [PASS] [A2.2] 部分坏行：失败行不落库 + 成功行落库（DB 逐行判定） — 期望 导入前 products(L2-IMP-B-MURZ83HT-MURZ83HT)=0 → 导入后 =1 且 SKU 行 =1（坏行零副作用，好行落库） == 实测 before=0 after=1 skuRows=1
2026-10-03 13:53:52 +08 [PASS] [A2.3] 坏行的「失败原因」不含 0 条错却成功（报告与 DB 一致） — 期望 successCount(1) + failCount(4) + blank(0) = total(5) 且 DB 新增商品数 == 成功组数 1 == 实测 total=5 success=1 fail=4 blank=0
2026-10-03 13:53:53 +08 [PASS] [A3.1] 幂等：同一文件连导两次 ⇒ 商品数不翻倍 — 期望 第1次后 products=1，第2次后仍 products=1（未翻倍） == 实测 after1=1 after2=1
2026-10-03 13:53:53 +08 [PASS] [A3.2] 幂等：SKU 数不翻倍 + 商品主键不变（旧 skuId 不断链） — 期望 SKU 行 after1 = 2 → after2 = 2；product.id 两次相同 == 实测 skus after1=2 after2=2; productId=f9de0832f1f816e2063d1152bce826e3
2026-10-03 13:53:53 +08 [PASS] [A3.3] 幂等：第2次报告应报 updated 而非 created（不静默建重复） — 期望 第2次 createdProducts=0 且 updatedProducts=1 == 实测 created=0 updated=1
2026-10-03 13:53:54 +08 超大夹具实际字节数 = 9462328
2026-10-03 13:54:27 +08 [PASS] [A4.1] 空文件 ⇒ 4xx（非 200）+ 零落库 — 期望 HTTP ∈ 4xx/5xx 且无新增商品 == 实测 HTTP 422，body={"success":false,"error":{"code":"VALIDATION_ERROR","message":"解析Excel文件失败: The supplied file was empty (zero bytes long)"},"requestId":"req_44d1cd1caf2a4817","timestamp":1791006833,"suggestion":"请检查必
2026-10-03 13:54:27 +08 [PASS] [A4.2] 表头缺失/缺必填列 ⇒ 4xx 且零副作用（DB 核对） — 期望 noHeader HTTP>=400 且 missingCol HTTP>=400 且 两个货号均零落库 == 实测 noHeader=422 missingCol=422 落库货号=[]
2026-10-03 13:54:27 +08 [PASS] [A4.3a] 伪 .xlsx（真内容是 CSV 文本）⇒ 明确拒绝 — 期望 HTTP >= 400 == 实测 伪 xlsx=422 body={"success":false,"error":{"code":"VALIDATION_ERROR","message":"解析Excel文件失败: Can't open workbook - unsupported file type: UNKNOWN"},"requestId":"req_b7bb1803844c
2026-10-03 13:54:27 +08 [PASS] [A4.3b] 口径登记：`.csv` 扩展名但内容是**合法 xlsx** ⇒ 200（按内容解析，忽略扩展名） — 期望 HTTP 200 表示「按内容而非扩展名解析」（产品**未声明**支持 CSV ⇒ 属未定义行为，登记而非判红） == 实测 HTTP 200 body={"success":true,"data":{"total":2,"successCount":2,"failCount":0,"blankRows":0,"createdProducts":0,"updatedProducts":1,"errors":[]},"requestId":"req_c80c410972da40cd","timestamp":1791006834}
2026-10-03 13:54:27 +08 [PASS] [A4.4] 超大文件（>5MB，实测 9462328 字节）⇒ 不得 5xx 崩溃；结果如实（4xx 或逐行报告） — 期望 HTTP ≠ 5xx；若 200 则 total==success+fail+blank 且 DB 无脏行 == 实测 HTTP 200 body={"success":true,"data":{"total":4000,"successCount":250,"failCount":3750,"blankRows":0,"createdProducts":250,"updatedProducts":0,"errors":[{"row":52,"skuCode":"L2-BIG0-MURZ85TA","message":"第 52 行与第 2 
2026-10-03 13:55:07 +08 [PASS] [A5.1] 导出非空（正对照：真有数据才谈口径） — 期望 响应体 > 1KB 且 数据行 > 0 == 实测 19407 字节，数据行 500
2026-10-03 13:55:07 +08 [FAIL] [A5.2] 导出行数 == 同筛选条件下列表 total（口径一致） — 期望 导出行数(500) == 列表 total(989) ≠ 实测 导出行数=500 列表 total=989
2026-10-03 13:55:07 +08 [PASS] [A5.3] 导出表头逐字 == EXPORT_HEADERS（7 列） — 期望 ["商品名称","货号","分类","价格","库存","状态","描述"] == 实测 ["商品名称","货号","分类","价格","库存","状态","描述"]
2026-10-03 13:55:07 +08 [PASS] [A5.4] 金额/库存精度逐字核对（DB 原文 vs 导出 cell） — 期望 价格 cell = 1.00，库存 cell = 0.0（商品 L2-BIG43-MURZ85TE） == 实测 价格=1.0 库存=0.0
2026-10-03 13:55:07 +08 [PASS] [A5.5] 导出不含其他租户数据（按货号反查他租户命中数） — 期望 他租户命中 = 0 == 实测 他租户命中 = 0 []
2026-10-03 13:55:07 +08 [PASS] [A5.6] 空结果导出：非畸形（不是 0 字节却报成功）+ 行数=0 — 期望 HTTP 200 且 字节数 > 0 且 数据行 = 0 且 表头齐 7 列（列表 total=0） == 实测 HTTP 200 字节=3549 行=0 表头=["商品名称","货号","分类","价格","库存","状态","描述"]
2026-10-03 13:55:07 +08 [PASS] [A6.1] 导入模板表头 == IMPORT_HEADERS（模板与解析同源） — 期望 ["商品名称","货号","分类ID","价格","库存","描述","颜色","门幅","SKU编码"] == 实测 ["商品名称","货号","分类ID","价格","库存","描述","颜色","门幅","SKU编码"]
2026-10-03 13:55:07 +08 A 段结束，摘要 {"pass":20,"fail":1,"skip":0,"total":21}
2026-10-03 13:55:07 +08 ◀ a1-import-export exit 1
2026-10-03 13:55:07 +08 ▶ 运行 b1-batch-detach
2026-10-03 13:55:07 +08 B/C 段开始 2026-10-03 13:55:07 +08
2026-10-03 13:55:08 +08 建探针商品(draft): 4ecf2c2c68f1bfbebad05afbc67eff0e/0fbbef4b125e356d7b03c39d51dae312/898092b774152959f915b994f63be877 (HTTP 200/200/200)
2026-10-03 13:55:09 +08 [PASS] [B1.1] 负例：draft 批量上架 ⇒ 如实拒绝 + DB 零状态变更（不是「静默成功」） — 期望 success=0 failed=3；errors[] 每条含「不允许上架」；3 行 status 仍为 draft == 实测 success=0 failed=3 errors=[{"id":"4ecf2c2c68f1bfbebad05afbc67eff0e","message":"当前状态[草稿]不允许上架"},{"id":"0fbbef4b125e356d7b03c39d51dae312","message":"当前状态[草稿]不允许上架"},{"id":"898092b774152959f915b994f63be877","message":"当前状态[草稿]不允许上架"}] 状态={"4ecf2c2c68f1bfbebad05afbc67eff0e":"draft","0fbbef4b125e356d7b03c39d51dae312":"draft","898092b774152959f915b994f63be877":"draft"}
2026-10-03 13:55:10 +08 [PASS] [B1.2] 同 payload 连发 batch 两次：结果集合不漂移（零漂移 = 幂等） — 期望 第二次 failed/success 与第一次相同（0/3）且 DB 状态逐行不变 == 实测 第2次 success=0 failed=3；状态={"4ecf2c2c68f1bfbebad05afbc67eff0e":"draft","0fbbef4b125e356d7b03c39d51dae312":"draft","898092b774152959f915b994f63be877":"draft"}
2026-10-03 13:55:11 +08 [PASS] [B1.3] 正对照前置：draft →(PUT /{id}/status) on_sale 成功（状态机路径可达，面非空） — 期望 2 行 status=on_sale（HTTP 200/200） == 实测 {"c08eff1ecc6187ebf748f54de2d7256b":"on_sale","bb46af2464b791082c4bb43d09250d31":"on_sale"}（HTTP 200/200）
2026-10-03 13:55:11 +08 [PASS] [B1.4] 正对照：batch/off-shelf 真能成功（2/2，DB 落 off_sale） — 期望 success=2 failed=0；2 行 status=off_sale == 实测 success=2 failed=0 状态={"c08eff1ecc6187ebf748f54de2d7256b":"off_sale","bb46af2464b791082c4bb43d09250d31":"off_sale"}
2026-10-03 13:55:12 +08 [PASS] [B1.5] 正对照：off_sale → batch/on-shelf 真能成功 ⇒ 证明 draft 被拒是**准入集合**而非端点故障 — 期望 success=2 failed=0；2 行 status=on_sale == 实测 success=2 failed=0 状态={"c08eff1ecc6187ebf748f54de2d7256b":"on_sale","bb46af2464b791082c4bb43d09250d31":"on_sale"}
2026-10-03 13:55:14 +08 [PASS] [B2.1] 部分失败：如实报告失败项（不存在的 id + 他租户 id 各进 errors[]） — 期望 failed = 2（ghost + 他租户）且 errors[] 覆盖这两个 id == 实测 success=2 failed=2 errors=[{"id":"l2ghostf498220f16c3d913958f","message":"商品不存在"},{"id":"caa4b914ff80bb3fdac746929a421560","message":"商品不存在"}]
2026-10-03 13:55:14 +08 [PASS] [B2.2] 部分失败：合法的 2 个 id 真删了（原子的边界 = 逐项报告，非整包回滚） — 期望 products(d0cd3ad26d26b2f10d3557dc9ab3768b) 与 products(16a13a8d96d07c979b92cc0e28350637) 均 deleted=1（或行已不存在） == 实测 p4={"id":"d0cd3ad26d26b2f10d3557dc9ab3768b","tenant_id":20,"status":"draft","deleted":1} p5={"id":"16a13a8d96d07c979b92cc0e28350637","tenant_id":20,"status":"draft","deleted":1}
2026-10-03 13:55:14 +08 [PASS] [B2.3] 他租户 id 零写（跨租户删除被拒） — 期望 租户 21 的商品 caa4b914ff80bb3fdac746929a421560 在调用后 deleted=0 且行仍在 == 实测 {"id":"caa4b914ff80bb3fdac746929a421560","tenant_id":21,"status":"on_sale","deleted":0}
2026-10-03 13:55:14 +08 [PASS] [B3.0] 正对照：探针商品确实有 SKU 子行（闭包判据才有意义） — 期望 product_skus(product_id=99d382a84dd2dc4d5f8e22f3913a456c) ≥ 1 == 实测 子行数 = 1
2026-10-03 13:55:15 +08 [PASS] [B3.1] 软删语义：parent 行仍在（deleted=1）⇒ 子行不构成孤儿（判据纠正后的正确期望） — 期望 products(99d382a84dd2dc4d5f8e22f3913a456c).deleted=1 且行仍存在；子行保留（审计/历史） == 实测 product={"id":"99d382a84dd2dc4d5f8e22f3913a456c","tenant_id":20,"status":"draft","deleted":1} 子行={"skus":1,"colors":1,"ledger":1}
2026-10-03 13:55:16 +08 [PASS] [B3.2] 真孤儿扫描：8 张引用表逐列找「parent 不存在」的行 ⇒ 必须为 0 — 期望 8 个 (表,列) 组合的真孤儿数全为 0（DB 有 8 条 FK 指向 products，属结构保证） == 实测 真孤儿={"product_skus.product_id":0,"product_colors.product_id":0,"product_attributes.product_id":0,"stock_ledger_entries.product_id":0,"stock_batches.product_id":0,"stock_batch_consumptions.product_id":0,"inbound_order_items.product_id":0,"fabric_remnants.product_id":0}；指向 products 的 FK 数=8
2026-10-03 13:55:17 +08 [PASS] [B3.3] 软删后读面可达性：商品/SKU 不得再被单独读回（子行随之不可见） — 期望 GET /{id} 不返回该商品（404 或 success=false）；列表 keyword=L2-BATCH-MURZ9X2E total=0；导出该货号 0 行 == 实测 GET=404/false 列表total=0 导出行=0；子行总数={"skus":1,"colors":1,"ledger":1}
2026-10-03 13:55:17 +08 建探针工序: 31e6225688db87eaee337dbede3b9649 (HTTP 200) {"success":true,"data":{"id":"31e6225688db87eaee337dbede3b9649","name":"线②验收工序917440","library_name":"线②验收工序917440","group":"线②验收组","position":"线②验收部位","scope":"position","unit":"米","unit_price":12.5,
2026-10-03 13:55:17 +08 [PASS] [C1.0] 正对照：探针工序已落库（面非空） — 期望 31e6225688db87eaee337dbede3b9649 在 production_operations 且 deleted=0 == 实测 {"id":"31e6225688db87eaee337dbede3b9649","name":"线②验收工序917440","deleted":0,"tenant_id":20}
2026-10-03 13:55:18 +08 [PASS] [C1.1] 跨租户 id ⇒ 404 且零写 — 期望 HTTP 404；他租户工序 deleted 与 updated_at 不变 == 实测 HTTP 404 body={"success":false,"error":{"code":"NOT_FOUND","message":"工序不存在"},"requestId":"req_0ca05c1cb2db4cb3","timestamp":1791006918,"suggestion":"请检查 ID 是否正确。如果使用了商品名称，请先用 product_search 查出 UUID 后重试"}；他租户行={"id":"op-v79-1-02","deleted":0,"tenant_id":1,"updated_at":"2026-09-20T10:46:47.855574+08:00"}
2026-10-03 13:55:18 +08 [PASS] [C1.2] 一键删除成功 ⇒ 工序软删 + 矩阵格级联（detached/deleted_positions 如实报数） — 期望 HTTP 200；operation.deleted=1；格 applicable=false（detached_positions≥1）或格被软删（deleted=1） == 实测 HTTP 200 body={"success":true,"data":{"id":"31e6225688db87eaee337dbede3b9649","deleted":true,"detached_positions":2,"deleted_positions":2},"requestId":"req_080309afcf0943a1","timestamp":1791006918}；格 after={"id":"l2pos506ddd33a920558bc0b3","tenant_id":20,"logical_name":"线②验收工序917440","position":"线②验收部位","unit_price":null,"applicable":false,"status":"active","created_at":"2026-10-03T13:55:17.995223+08:00","updated_at":"2026-10-03T13:55:18.529919+08:00","deleted":1}
2026-10-03 13:55:19 +08 [PASS] [C1.3] 删除后依赖闭包：活跃引用数必须为 0（矩阵格/路线规则/主线）+ 价目账读面不得再暴露 — 期望 4 个 (表,列) 组合的活跃命中数全为 0；无活跃路线主线含它；operations-catalog 不含它 == 实测 dangling={"production_operation_positions.logical_name":0,"production_operation_price_versions.operation_id":0,"production_route_rules.operation":0,"production_route_rules.after_operation":0} routeRefs=[] catalog含它=false 价目账行=[{"id":"94e6926198573f2b652281ada7a0517d","operation_id":"31e6225688db87eaee337dbede3b9649","unit_price":12.5,"deleted":0}]
2026-10-03 13:55:19 +08 [PASS] [C1.4] 二次调用幂等：**不得 500**（404 或 200-no-op 都可接受，崩溃不可接受） — 期望 HTTP ∈ {200,404}（均非 5xx）且 deleted 仍为 1 == 实测 HTTP 404 body={"success":false,"error":{"code":"NOT_FOUND","message":"工序不存在"},"requestId":"req_6fb336b1b0904570","timestamp":1791006919,"suggestion":"请检查 ID 是否正确。如果使用了商品名称，请先用 product_search 查出 UUID 后重试"}；deleted=1
2026-10-03 13:55:21 +08 B 段探针对象已清理
2026-10-03 13:55:21 +08 B/C 段结束，摘要 {"pass":17,"fail":0,"skip":0,"total":17}
2026-10-03 13:55:21 +08 ◀ b1-batch-detach ok
2026-10-03 13:55:21 +08 ▶ 运行 d1-uploads
2026-10-03 13:55:21 +08 D 段开始 2026-10-03 13:55:21 +08 (UTC 2026-10-03T05:55:21.720Z)
2026-10-03 13:55:21 +08 本地 uploads 目录 = /Users/guangzhen.zk/ai native/migao/backend/admin-api/uploads，现有 152 个文件
2026-10-03 13:55:21 +08 [PASS] [D1.1] 成功路径 /files/upload：200 + 返回 URL + size 与源文件一致 — 期望 HTTP 200，data.url 非空，data.size=69 == 实测 HTTP 200 url=https://ai-customer-service-admin-dev.oss-cn-hangzhou.aliyuncs.com/images/2026/10/03/b8027d2342e1486cab0557ae6971de0d.png size=69
2026-10-03 13:55:21 +08 [PASS] [D1.2] 成功路径：返回的 URL **可访问**且字节数与源文件一致 — 期望 URL GET 返回 200 且 字节数=69 == 实测 HTTP 200，字节数=69
2026-10-03 13:55:22 +08 [PASS] [D1.3] 兼容端点 /upload/image 正对照：200 + url — 期望 HTTP 200 且 data.url 非空 == 实测 HTTP 200 url=https://ai-customer-service-admin-dev.oss-cn-hangzhou.aliyuncs.com/images/2026/10/03/7ec1ae523356417bacecadcaf48523cf.png
2026-10-03 13:55:22 +08 [PASS] [D1.4] 批量端点 /files/upload-batch 与 /upload/images 正对照：各返回 N 条 url — 期望 upload-batch HTTP 200 且 2 条；upload/images HTTP 200 且 1 条 == 实测 upload-batch HTTP 200 条数=2；upload/images HTTP 200 条数=1
2026-10-03 13:55:26 +08 [PASS] [D2.1] 空文件 ⇒ 明确拒绝（4xx） — 期望 HTTP 4xx == 实测 HTTP 422 body={"success":false,"error":{"code":"VALIDATION_ERROR","message":"请选择要上传的文件"},"requestId":"req_6372d0ccc9c340b6","timestamp":1791006922,"suggestion":"请检查必填字段是否完整，字
2026-10-03 13:55:26 +08 [PASS] [D2.2] 伪造扩展名 .exe ⇒ 明确拒绝（4xx） — 期望 HTTP 4xx == 实测 HTTP 422 body={"success":false,"error":{"code":"VALIDATION_ERROR","message":"不支持的文件类型，仅支持 JPG、JPEG、PNG、GIF、WebP、PDF、XLSX、DOCX 格式"},"requestId":"req_cddb555ba1cf457b","timesta
2026-10-03 13:55:26 +08 [PASS] [D2.3] 超限：6MB 的 .png（>5MB 图片上限）⇒ 明确拒绝 — 期望 HTTP 4xx == 实测 HTTP 422 bytes=6291525 body={"success":false,"error":{"code":"VALIDATION_ERROR","message":"文件大小不能超过 5MB"},"requestId":"req_e81b1d7666a844d8","timestamp":1791006922,"suggestion":"请检查必填字段是否完
2026-10-03 13:55:26 +08 [PASS] [D2.4] 非图片内容 + .png 扩展名（内容嗅探缺失？）⇒ 实测口径登记 — 期望 HTTP 200 表示**仅按扩展名**放行（无内容嗅探）；4xx 表示有内容校验 == 实测 HTTP 200 body={"success":true,"data":{"id":"45119223fc3b45cc84679728ea85767a","url":"https://ai-customer-service-admin-dev.oss-cn-hangzhou.aliyuncs.com/images/2026/10/03/40017b28cf3546e4a02657fbe335b229.png","name"
2026-10-03 13:55:26 +08 [FAIL] [D2.5] 伪 Content-Type 绕过图片 5MB 上限（.png + application/pdf + 19MB） — 期望 4xx（不许用客户端自报的 Content-Type 放宽上限）或 200（登记为绕过） ≠ 实测 HTTP 200 bytes=19922953 body={"success":true,"data":{"id":"46a2522434a54729998e593422635cef","url":"https://ai-customer-service-admin-dev.oss-cn-hangzhou.aliyuncs.com/images/2026/10/03/cfee60b8965342a8b0fa87f5
2026-10-03 13:55:26 +08 [PASS] [D3.1] 文件名穿越 ../../l2evil.png：不得写到 uploads 之外（存储名走 UUID） — 期望 落盘文件名不含 `..`；uploads 目录内无逃逸文件 == 实测 HTTP 200 返回 name=../../l2evil.png url=https://ai-customer-service-admin-dev.oss-cn-hangzhou.aliyuncs.com/images/2026/10/03/8f131db0197b42a7bd179e72c125928d.png；逃逸文件=[]
2026-10-03 13:55:26 +08 [FAIL] [D3.2] directory 参数穿越 ../../l2evil：存储实现必须拦住（本地实现 safeResolve / OSS 实现无校验） — 期望 HTTP 4xx（干净拒绝，本地实现是 422 "非法文件路径"） ≠ 实测 HTTP 500 url=undefined body={"success":false,"error":{"code":"INTERNAL_ERROR","message":"服务器内部错误"},"requestId":"req_eea03c71fba445f0","timestamp":1791006926}
2026-10-03 13:55:26 +08 [PASS] [D4.1] 批量部分失败（第 2 个非法）：第 1 个是否已落库/落盘 —— 如实登记语义 — 期望 若 HTTP 4xx/5xx 但第 1 个已落盘 ⇒ 「无事务的逐文件循环」语义（登记）；若整体回滚 ⇒ 零残留 == 实测 HTTP 422 body={"success":false,"error":{"code":"VALIDATION_ERROR","message":"不支持的文件类型，仅支持 JPG、JPEG、PNG、GIF、WebP、PDF、XLSX、DOCX 格式"},"requestId":"req_88b1e5e6f8da45e4","timestamp":1791006926,"suggestion":"请检查必填字段是否完整，字段格式是否正确"}；新落盘文件=[]
2026-10-03 13:55:26 +08 [PASS] [D5.1] 存储隔离：上传落点不得是公共根（本地落 uploads/{directory}/，远端落 {directory}/日期/uuid） — 期望 每个 URL 都含 directory 段（images/…），不是裸文件名 == 实测 样本 URL: ["https://ai-customer-service-admin-dev.oss-cn-hangzhou.aliyuncs.com/images/2026/10/03/b8027d2342e1486cab0557ae6971de0d.png","https://ai-customer-service-admin-dev.oss-cn-hangzhou.aliyuncs.com/images/2026/10/03/7ec1ae523356417bacecadcaf48523cf.png","https://ai-customer-service-admin-dev.oss-cn-hangzhou.aliyuncs.com/images/2026/10/03/f0593fb6e31c43b4917ac6803c446b6e.png","https://ai-customer-service-admin-dev.oss-cn-hangzhou.aliyuncs.com/images/2026/10/03/e028c5c3b9824c50a71cf3fe3b07f444.png","https://ai-customer-service-admin-dev.oss-cn-hangzhou.aliyuncs.com/images/2026/10/03/aa0bc9b18da248169545477133160ed0.png"]
2026-10-03 13:55:26 +08 D 段上传对象清理：delete 200=8 失败=0
2026-10-03 13:55:26 +08 D 段结束，摘要 {"pass":11,"fail":2,"skip":0,"total":13}
2026-10-03 13:55:26 +08 ◀ d1-uploads ok
2026-10-03 13:55:26 +08 ▶ 运行 e1-concurrency
2026-10-03 13:55:27 +08 E/F 段开始 2026-10-03 13:55:27 +08 (UTC 2026-10-03T05:55:27.195Z)
2026-10-03 13:55:28 +08 [PASS] [E1.0] 正对照：串行 1 次重复提交（同幂等键）⇒ 成功且落库 1 份 — 期望 HTTP 200 且 products(sku_code=l2-E1-DUP-RZA5I4) = 1 == 实测 HTTP 200 落库=1
2026-10-03 13:55:28 +08 [FAIL] [E1.1] 并发 5 次同 payload 同 X-Client-Request-Id ⇒ 只应产生一份数据（不得 5 份） — 期望 落库份数 = 1（幂等键生效）；若为 6 ⇒ 幂等键未生效（登记项） ≠ 实测 落库=6（并发前=1）HTTP=[200,200,200,200,200]
2026-10-03 13:55:32 +08 [PASS] [E2.0] 正对照：库存写 7（合法）⇒ 200 且 DB 落 7（商品级与 SKU 级） — 期望 HTTP 200；products.stock=7 且 sku.stock=7 == 实测 HTTP 200；product=7.0 sku=[{"id":2106261833989976000,"s":"7.0"}]
2026-10-03 13:55:32 +08 [FAIL] [E2.1] 库存不得为负：写 -5 ⇒ 必须拒绝且 DB 零变更（超卖护栏） — 期望 HTTP 4xx 且 products.stock 仍为 7 ≠ 实测 HTTP 200 body={"success":true,"data":{"id":"efeff4b0a9d1749c163864efca435c9e","name":"线②验收库存E2","basePrice":20.00,"description":"线②验收并发探针","images":[],"status":"draft","stock":-5.0,"stockWarning；product=-5.0
2026-10-03 13:55:32 +08 [FAIL] [E2.2] 并发写负库存 5 次 ⇒ 不得有任一次落库（仓库不得出现负库存） — 期望 5 次全 4xx；products.stock ≥ 0 ≠ 实测 HTTP=[200,200,200,200,200]；product=-1.0 sku=[{"id":2106261833989976000,"s":"-1.0"}]
2026-10-03 13:55:33 +08 [PASS] [E3.0] 正对照：活体商品的同类写（PUT status）真的成功 — 期望 HTTP 200 且 status=on_sale == 实测 HTTP 200 status=on_sale
2026-10-03 13:55:33 +08 [PASS] [E3.1] 终态（已软删）对象并发发起会改状态的写 ⇒ 全部拒绝且零写 — 期望 5 次全 4xx（404/422）；DB deleted 仍为 1 且 status 未被改成 on_sale == 实测 HTTP=[404,404,404,404,404]；DB={"id":"cd806e9c33e3420b519b1f02a1e41a5f","status":"draft","deleted":1}
2026-10-03 13:56:07 +08 构建点：当前 7e9f66ce5（pid 60585，启动 六 10月/ 3 13:44:16 2026）；切换点 2026-10-03 13:44:16 +08（前 d1c09d02f）
2026-10-03 13:56:07 +08 ▶ 运行 f1-redproof
2026-10-03 13:56:07 +08 F 段开始 2026-10-03 13:56:07 +08 (UTC 2026-10-03T05:56:07.501Z)
2026-10-03 13:56:07 +08 [PASS] [F1] 红证①（**注入被拒**）：真孤儿无法注入 ⇒ 「孤儿扫描=0」是 DB 结构性保证、**无判别力** — 期望 注入应被 FK 拒绝（error 非空）且注入后仍无该行 == 实测 error=ERROR:  insert or update on table "product_skus" violates foreign key constraint "product_skus_product_id_fkey"；注入后命中行数=0；指向 products 的 FK 数=8
2026-10-03 13:56:08 +08 [FAIL] [F2] 红证②：幂等判据（同货号商品数=1）**会红**（注入第二条同货号 ⇒ 2 ⇒ 清理 ⇒ 1），sha256 自证 — 期望 1 → 注入后 2（判据当场红）→ 清理后 1 ≠ 实测 green=1 red=2 restored=2；注入行 sha256=c712eba79ffd7f2f；还原后 sha256=bd2b0ddeab4dd72e
2026-10-03 13:56:11 +08 [PASS] [F3] 红证③：库存不变式（stock ≥ 0）**会红**（注入 -5 ⇒ 变红 ⇒ 还原 7 ⇒ 回绿），sha256 自证 — 期望 7（绿）→ 注入 -5 后读数为负（红）→ 还原 7（绿） == 实测 green=7.0 → 注入(-5) HTTP 200 读数=-5.0 → 还原=7.0；指纹 f6aa77f5c11e → 22a887022f20
2026-10-03 13:56:11 +08 [FAIL] [F4] 故意的失效控制项（**必须红**）：断言 1 === 2 —— 证明 fail 桶可达、红证通道可用 — 期望 1 === 2（**故意为假**） ≠ 实测 1 === 2 为 false ⇒ 本条预期就是 fail
2026-10-03 13:56:12 +08 F 段探针对象已清理
2026-10-03 13:56:12 +08 F 段结束，摘要 {"pass":2,"fail":2,"skip":0,"total":4}
2026-10-03 13:56:12 +08 ◀ f1-redproof ok
2026-10-03 13:56:12 +08 终态清理与零残留自证
2026-10-03 13:56:27 +08 构建点：当前 7e9f66ce5（pid 60585，启动 六 10月/ 3 13:44:16 2026）；切换点 2026-10-03 13:44:16 +08（前 d1c09d02f）
2026-10-03 13:56:27 +08 ▶ 运行 f1-redproof
2026-10-03 13:56:28 +08 F 段开始 2026-10-03 13:56:28 +08 (UTC 2026-10-03T05:56:28.057Z)
2026-10-03 13:56:28 +08 [PASS] [F1] 红证①（**注入被拒**）：真孤儿无法注入 ⇒ 「孤儿扫描=0」是 DB 结构性保证、**无判别力** — 期望 注入应被 FK 拒绝（error 非空）且注入后仍无该行 == 实测 error=ERROR:  insert or update on table "product_skus" violates foreign key constraint "product_skus_product_id_fkey"；注入后命中行数=0；指向 products 的 FK 数=8
2026-10-03 13:56:29 +08 [FAIL] [F2] 红证②：幂等判据（同货号商品数=1）**会红**（注入第二条同货号 ⇒ 2 ⇒ 清理 ⇒ 1），sha256 自证 — 期望 1 → 注入后 2（判据当场红）→ 清理后 1 ≠ 实测 green=1 red=2 restored=2；注入行 sha256=770c016fcc60471d；还原后 sha256=eb93f353b4fd5c91
2026-10-03 13:56:31 +08 [PASS] [F3] 红证③：库存不变式（stock ≥ 0）**会红**（注入 -5 ⇒ 变红 ⇒ 还原 7 ⇒ 回绿），sha256 自证 — 期望 7（绿）→ 注入 -5 后读数为负（红）→ 还原 7（绿） == 实测 green=7.0 → 注入(-5) HTTP 200 读数=-5.0 → 还原=7.0；指纹 3f0b7773f4b8 → 91722f0cd5d5
2026-10-03 13:56:31 +08 [FAIL] [F4] 故意的失效控制项（**必须红**）：断言 1 === 2 —— 证明 fail 桶可达、红证通道可用 — 期望 1 === 2（**故意为假**） ≠ 实测 1 === 2 为 false ⇒ 本条预期就是 fail
2026-10-03 13:56:33 +08 F 段探针对象已清理
2026-10-03 13:56:33 +08 F 段结束，摘要 {"pass":2,"fail":2,"skip":0,"total":4}
2026-10-03 13:56:33 +08 ◀ f1-redproof ok
2026-10-03 13:56:33 +08 终态清理与零残留自证
2026-10-03 13:56:35 +08 汇总: {"pass":54,"fail":8,"skip":0,"total":62}；零残留=true（{"products":0,"productsByName":0,"productSkus":0,"productColors":0,"productAttrs":0,"operations":0,"opPositions":0,"opPositionsByName":0,"opPriceVersions":0,"routeTemplates":0,"routeRules":0,"ledger":0,"ledgerByProduct":0}）
2026-10-03 13:56:35 +08 构建点: 7e9f66ce5 @ 六 10月/ 3 13:44:16 2026
